1790217678 1 COMPLETED
1790217679 1 COMPLETED
1790217680 1 COMPLETED
1790217681 1 COMPLETED
1790217682 1 COMPLETED
1790217683 1 COMPLETED
1790217684 1 COMPLETED
1790217685 1 COMPLETED
1790217686 1 COMPLETED
1790217687 1 COMPLETED
1790217688 1 COMPLETED
1790217689 1 COMPLETED
1790217690 1 COMPLETED
1790217691 1 COMPLETED
1790217692 1 COMPLETED
1790217693 1 COMPLETED
1790217694 1 COMPLETED
1790217695 1 COMPLETED
1790217696 1 COMPLETED
1790217697 1 COMPLETED
1790217698 1 COMPLETED
1790217699 1 COMPLETED
1790217701 1 COMPLETED
1790217702 1 COMPLETED
1790217703 1 COMPLETED
1790217704 1 COMPLETED
1790217705 1 COMPLETED
1790217706 1 COMPLETED
1790217707 1 COMPLETED
1790217708 1 COMPLETED
1790217709 1 COMPLETED
1790217710 1 COMPLETED
1790217711 1 COMPLETED
1790217712 1 COMPLETED
1790217713 1 COMPLETED
1790217714 1 COMPLETED
1790217715 1 COMPLETED
1790217716 1 COMPLETED
1790217717 1 COMPLETED
1790217718 1 COMPLETED
1790217719 1 COMPLETED
1790217720 1 COMPLETED
1790217721 1 COMPLETED
1790217722 1 COMPLETED
1790217723 1 COMPLETED
1790217724 1 COMPLETED
1790217725 1 COMPLETED
1790217726 1 COMPLETED
1790217728 1 COMPLETED
1790217729 1 COMPLETED
1790217730 1 COMPLETED
1790217731 1 COMPLETED
1790217732 1 COMPLETED
1790217733 1 COMPLETED
1790217734 1 COMPLETED
1790217735 1 COMPLETED
1790217736 1 COMPLETED
1790217737 1 COMPLETED
1790217738 1 COMPLETED
1790217739 1 COMPLETED
1790217740 1 COMPLETED
1790217741 1 COMPLETED
1790217742 1 COMPLETED
1790217743 1 COMPLETED
1790217744 1 COMPLETED
1790217745 1 COMPLETED
1790217746 1 COMPLETED
1790217747 1 COMPLETED
1790217748 1 COMPLETED
1790217749 1 COMPLETED
1790217750 1 COMPLETED
1790217751 1 COMPLETED
1790217752 1 COMPLETED
1790217753 1 COMPLETED
1790217755 1 COMPLETED
1790217756 1 COMPLETED
1790217757 1 COMPLETED
1790217758 1 COMPLETED
1790217759 1 COMPLETED
1790217760 1 COMPLETED
1790217761 1 COMPLETED
1790217762 1 COMPLETED
1790217763 1 COMPLETED
1790217764 1 COMPLETED
1790217765 1 COMPLETED
1790217766 1 COMPLETED
1790217767 1 COMPLETED
1790217768 1 COMPLETED
1790217769 1 COMPLETED
1790217770 1 COMPLETED
1790217771 1 COMPLETED
1790217772 1 COMPLETED
1790217773 1 COMPLETED
1790217774 1 COMPLETED
1790217775 1 COMPLETED
1790217776 1 COMPLETED
1790217777 1 COMPLETED
1790217778 1 COMPLETED
1790217779 1 COMPLETED
1790217781 1 COMPLETED
1790217782 1 COMPLETED
1790217783 1 COMPLETED
1790217784 1 COMPLETED
1790217785 1 COMPLETED
1790217786 1 COMPLETED
1790217787 1 COMPLETED
1790217788 1 COMPLETED
1790217789 1 COMPLETED
1790217790 1 COMPLETED
1790217791 1 COMPLETED
1790217792 1 COMPLETED
1790217793 1 COMPLETED
1790217794 1 COMPLETED
1790217795 1 COMPLETED
1790217796 1 COMPLETED
1790217797 1 COMPLETED
1790217798 1 COMPLETED
1790217799 1 COMPLETED
1790217800 1 COMPLETED
1790217801 1 COMPLETED
1790217802 1 COMPLETED
1790217803 1 COMPLETED
1790217804 1 COMPLETED
1790217805 1 COMPLETED
1790217806 1 COMPLETED
1790217808 1 COMPLETED
1790217809 1 COMPLETED
1790217810 1 COMPLETED
1790217811 1 COMPLETED
1790217812 1 COMPLETED
1790217813 1 COMPLETED
1790217814 1 COMPLETED
1790217815 1 COMPLETED
1790217816 1 COMPLETED
1790217817 1 COMPLETED
1790217818 1 COMPLETED
1790217819 1 COMPLETED
1790217820 1 COMPLETED
1790217821 1 COMPLETED
1790217822 1 COMPLETED
1790217823 1 COMPLETED
1790217824 1 COMPLETED
1790217825 1 COMPLETED
1790217826 1 COMPLETED
1790217827 1 COMPLETED
1790217828 1 COMPLETED
1790217829 1 COMPLETED
1790217830 1 COMPLETED
1790217831 1 COMPLETED
1790217832 1 COMPLETED
1790217833 1 COMPLETED
1790217835 1 COMPLETED
1790217836 1 COMPLETED
1790217837 1 COMPLETED
1790217838 1 COMPLETED
1790217839 1 COMPLETED
1790217840 1 COMPLETED
1790217841 1 COMPLETED
1790217842 1 COMPLETED
1790217843 1 COMPLETED
1790217844 1 COMPLETED
1790217845 1 COMPLETED
1790217846 1 COMPLETED
1790217847 1 COMPLETED
1790217848 1 COMPLETED
1790217849 1 COMPLETED
1790217850 1 COMPLETED
1790217851 1 COMPLETED
1790217852 1 COMPLETED
1790217853 1 COMPLETED
1790217854 1 COMPLETED
1790217855 1 COMPLETED
1790217856 1 COMPLETED
1790217857 1 COMPLETED
1790217858 1 COMPLETED
1790217859 1 COMPLETED
1790217860 1 COMPLETED
1790217861 1 COMPLETED
1790217863 1 COMPLETED
1790217864 1 COMPLETED
1790217865 1 COMPLETED
1790217866 1 COMPLETED
1790217867 1 COMPLETED
1790217868 1 COMPLETED
1790217869 1 COMPLETED
1790217870 1 COMPLETED
1790217871 1 COMPLETED
1790217872 1 COMPLETED
1790217873 1 COMPLETED
1790217874 1 COMPLETED
1790217875 1 COMPLETED
1790217876 1 COMPLETED
1790217877 1 COMPLETED
1790217878 1 COMPLETED
1790217879 1 COMPLETED
1790217880 1 COMPLETED
1790217881 1 COMPLETED
1790217882 1 COMPLETED
1790217883 1 COMPLETED
1790217884 1 COMPLETED
1790217885 1 COMPLETED
1790217886 1 COMPLETED
1790217887 1 COMPLETED
1790217888 1 COMPLETED
1790217889 1 COMPLETED
1790217891 1 COMPLETED
1790217892 1 COMPLETED
1790217893 1 COMPLETED
1790217894 1 COMPLETED
1790217895 1 COMPLETED
1790217896 1 COMPLETED
1790217897 1 COMPLETED
1790217898 1 COMPLETED
1790217899 1 COMPLETED
1790217900 1 COMPLETED
1790217901 1 COMPLETED
1790217902 1 COMPLETED
1790217903 1 COMPLETED
1790217904 1 COMPLETED
1790217905 1 COMPLETED
1790217906 1 COMPLETED
1790217907 1 COMPLETED
1790217908 1 COMPLETED
1790217909 1 COMPLETED
1790217910 1 COMPLETED
1790217911 1 COMPLETED
1790217912 1 COMPLETED
1790217913 1 COMPLETED
1790217914 1 COMPLETED
1790217915 1 COMPLETED
1790217916 1 COMPLETED
1790217918 1 COMPLETED
1790217919 1 COMPLETED
1790217920 1 COMPLETED
1790217921 1 COMPLETED
1790217922 1 COMPLETED
1790217923 1 COMPLETED
1790217924 1 COMPLETED
1790217925 1 COMPLETED
1790217926 1 COMPLETED
1790217927 1 COMPLETED
1790217928 1 COMPLETED
1790217929 1 COMPLETED
1790217930 1 COMPLETED
1790217931 1 COMPLETED
1790217932 1 COMPLETED
1790217933 1 COMPLETED
1790217934 1 COMPLETED
1790217935 1 COMPLETED
1790217936 1 COMPLETED
1790217937 1 COMPLETED
1790217938 1 COMPLETED
1790217939 1 COMPLETED
1790217940 1 COMPLETED
1790217941 1 COMPLETED
1790217942 1 COMPLETED
1790217943 1 COMPLETED
1790217945 1 COMPLETED
1790217946 1 COMPLETED
1790217947 1 COMPLETED
1790217948 1 COMPLETED
1790217949 1 COMPLETED
1790217950 1 COMPLETED
1790217951 1 COMPLETED
1790217952 1 COMPLETED
1790217953 1 COMPLETED
1790217954 1 COMPLETED
1790217955 1 COMPLETED
1790217956 1 COMPLETED
1790217957 1 COMPLETED
1790217958 1 COMPLETED
1790217959 1 COMPLETED
1790217960 1 COMPLETED
1790217961 1 COMPLETED
1790217962 1 COMPLETED
1790217963 1 COMPLETED
1790217964 1 COMPLETED
1790217965 1 COMPLETED
1790217966 1 COMPLETED
1790217967 1 COMPLETED
1790217968 1 COMPLETED
1790217969 1 COMPLETED
1790217970 1 COMPLETED
1790217971 1 COMPLETED
1790217972 1 COMPLETED
1790217974 1 COMPLETED
1790217975 1 COMPLETED
1790217976 1 COMPLETED
1790217977 1 COMPLETED
1790217978 1 COMPLETED
1790217979 1 COMPLETED
1790217980 1 COMPLETED
1790217981 1 COMPLETED
1790217982 1 COMPLETED
1790217983 1 COMPLETED
1790217984 1 COMPLETED
1790217985 1 COMPLETED
1790217986 1 COMPLETED
1790217987 1 COMPLETED
1790217988 1 COMPLETED
1790217989 1 COMPLETED
1790217990 1 COMPLETED
1790217991 1 COMPLETED
1790217992 1 COMPLETED
1790217993 1 COMPLETED
1790217994 1 COMPLETED
1790217995 1 COMPLETED
1790217996 1 COMPLETED
1790217997 1 COMPLETED
1790217998 1 COMPLETED
1790217999 1 COMPLETED
1790218001 1 COMPLETED
1790218002 1 COMPLETED
1790218003 1 COMPLETED
1790218004 1 COMPLETED
1790218005 1 COMPLETED
1790218006 1 COMPLETED
1790218007 1 COMPLETED
1790218008 1 COMPLETED
1790218009 1 COMPLETED
1790218010 1 COMPLETED
1790218011 1 COMPLETED
1790218012 1 COMPLETED
1790218013 1 COMPLETED
1790218014 1 COMPLETED
1790218015 1 COMPLETED
1790218016 1 COMPLETED
1790218017 1 COMPLETED
1790218018 1 COMPLETED
1790218019 1 COMPLETED
1790218020 1 COMPLETED
1790218021 1 COMPLETED
1790218022 1 COMPLETED
1790218023 1 COMPLETED
1790218024 1 COMPLETED
1790218025 1 COMPLETED
1790218026 1 COMPLETED
1790218028 1 COMPLETED
1790218029 1 COMPLETED
1790218030 1 COMPLETED
1790218031 1 COMPLETED
1790218032 1 COMPLETED
1790218033 1 COMPLETED
1790218034 1 COMPLETED
1790218035 1 COMPLETED
1790218036 1 COMPLETED
1790218037 1 COMPLETED
1790218038 1 COMPLETED
1790218039 1 COMPLETED
1790218040 1 COMPLETED
1790218041 1 COMPLETED
1790218042 1 COMPLETED
1790218043 1 COMPLETED
1790218044 1 COMPLETED
1790218045 1 COMPLETED
1790218046 1 COMPLETED
1790218047 1 COMPLETED
1790218048 1 COMPLETED
1790218049 1 COMPLETED
1790218050 1 COMPLETED
1790218051 1 COMPLETED
1790218052 1 COMPLETED
1790218053 1 COMPLETED
1790218055 1 COMPLETED
1790218056 1 COMPLETED
1790218057 1 COMPLETED
1790218058 1 COMPLETED
1790218059 1 COMPLETED
1790218060 1 COMPLETED
1790218061 1 COMPLETED
1790218062 1 COMPLETED
1790218063 1 COMPLETED
1790218064 1 COMPLETED
1790218065 1 COMPLETED
1790218066 1 COMPLETED
1790218067 1 COMPLETED
1790218068 1 COMPLETED
1790218069 1 COMPLETED
1790218070 1 COMPLETED
1790218071 1 COMPLETED
1790218072 1 COMPLETED
1790218073 1 COMPLETED
1790218074 1 COMPLETED
1790218075 1 COMPLETED
1790218076 1 COMPLETED
1790218077 1 COMPLETED
1790218078 1 COMPLETED
1790218079 1 COMPLETED
1790218080 1 COMPLETED
1790218081 1 COMPLETED
1790218083 1 COMPLETED
1790218084 1 COMPLETED
1790218085 1 COMPLETED
1790218086 1 COMPLETED
1790218087 1 COMPLETED
1790218088 1 COMPLETED
1790218089 1 COMPLETED
1790218090 1 COMPLETED
1790218091 1 COMPLETED
1790218092 1 COMPLETED
1790218093 1 COMPLETED
1790218094 1 COMPLETED
1790218095 1 COMPLETED
1790218096 1 COMPLETED
1790218097 1 COMPLETED
1790218098 1 COMPLETED
1790218099 1 COMPLETED
1790218100 1 COMPLETED
1790218101 1 COMPLETED
1790218102 1 COMPLETED
1790218103 1 COMPLETED
1790218104 1 COMPLETED
1790218105 1 COMPLETED
1790218106 1 COMPLETED
1790218107 1 COMPLETED
1790218108 1 COMPLETED
1790218110 1 COMPLETED
1790218111 1 COMPLETED
1790218112 1 COMPLETED
1790218113 1 COMPLETED
1790218114 1 COMPLETED
1790218115 1 COMPLETED
1790218116 1 COMPLETED
1790218117 1 COMPLETED
1790218118 1 COMPLETED
1790218119 1 COMPLETED
1790218120 1 COMPLETED
1790218121 1 COMPLETED
1790218122 1 COMPLETED
1790218123 1 COMPLETED
1790218124 1 COMPLETED
1790218125 1 COMPLETED
1790218126 1 COMPLETED
1790218127 1 COMPLETED
1790218128 1 COMPLETED
1790218129 1 COMPLETED
1790218130 1 COMPLETED
1790218131 1 COMPLETED
1790218132 1 COMPLETED
1790218133 1 COMPLETED
1790218134 1 COMPLETED
1790218135 1 COMPLETED
1790218137 1 COMPLETED
1790218138 1 COMPLETED
1790218139 1 COMPLETED
1790218140 1 COMPLETED
1790218141 1 COMPLETED
1790218142 1 COMPLETED
1790218143 1 COMPLETED
1790218144 1 COMPLETED
1790218145 1 COMPLETED
1790218146 1 COMPLETED
1790218147 1 COMPLETED
1790218148 1 COMPLETED
1790218149 1 COMPLETED
1790218150 1 COMPLETED
1790218151 1 COMPLETED
1790218152 1 COMPLETED
1790218153 1 COMPLETED
1790218154 1 COMPLETED
1790218155 1 COMPLETED
1790218156 1 COMPLETED
1790218157 1 COMPLETED
1790218158 1 COMPLETED
1790218159 1 COMPLETED
1790218160 1 COMPLETED
1790218161 1 COMPLETED
1790218162 1 COMPLETED
1790218163 1 COMPLETED
1790218165 1 COMPLETED
1790218166 1 COMPLETED
1790218167 1 COMPLETED
1790218168 1 COMPLETED
1790218169 1 COMPLETED
1790218170 1 COMPLETED
1790218171 1 COMPLETED
1790218172 1 COMPLETED
1790218173 1 COMPLETED
1790218174 1 COMPLETED
1790218175 1 COMPLETED
1790218176 1 COMPLETED
1790218177 1 COMPLETED
1790218178 1 COMPLETED
1790218179 1 COMPLETED
1790218180 1 COMPLETED
1790218181 1 COMPLETED
1790218182 1 COMPLETED
1790218183 1 COMPLETED
1790218184 1 COMPLETED
1790218185 1 COMPLETED
1790218186 1 COMPLETED
1790218187 1 COMPLETED
1790218188 1 COMPLETED
1790218189 1 COMPLETED
1790218190 1 COMPLETED
1790218192 1 COMPLETED
1790218193 1 COMPLETED
1790218194 1 COMPLETED
1790218195 1 COMPLETED
1790218196 1 COMPLETED
1790218197 1 COMPLETED
1790218198 1 COMPLETED
1790218199 1 COMPLETED
1790218200 1 COMPLETED
1790218201 1 COMPLETED
1790218202 1 COMPLETED
1790218203 1 COMPLETED
1790218204 1 COMPLETED
1790218205 1 COMPLETED
1790218206 1 COMPLETED
1790218207 1 COMPLETED
1790218208 1 COMPLETED
1790218209 1 COMPLETED
1790218210 1 COMPLETED
1790218211 1 COMPLETED
1790218212 1 COMPLETED
1790218213 1 COMPLETED
1790218214 1 COMPLETED
1790218215 1 COMPLETED
1790218216 1 COMPLETED
1790218217 1 COMPLETED
1790218218 1 COMPLETED
1790218220 1 COMPLETED
1790218221 1 COMPLETED
1790218222 1 COMPLETED
1790218223 1 COMPLETED
1790218224 1 COMPLETED
1790218225 1 COMPLETED
1790218226 1 COMPLETED
1790218227 1 COMPLETED
1790218228 1 COMPLETED
1790218229 1 COMPLETED
1790218230 1 COMPLETED
1790218231 1 COMPLETED
1790218232 1 COMPLETED
1790218233 1 COMPLETED
1790218234 1 COMPLETED
1790218235 1 COMPLETED
1790218236 1 COMPLETED
1790218237 1 COMPLETED
1790218238 1 COMPLETED
1790218239 1 COMPLETED
1790218240 1 COMPLETED
1790218241 1 COMPLETED
1790218242 1 COMPLETED
1790218243 1 COMPLETED
1790218244 1 COMPLETED
1790218245 1 COMPLETED
1790218247 1 COMPLETED
1790218248 1 COMPLETED
1790218249 1 COMPLETED
1790218250 1 COMPLETED
1790218251 1 COMPLETED
1790218252 1 COMPLETED
1790218253 1 COMPLETED
1790218254 1 COMPLETED
1790218255 1 COMPLETED
1790218256 1 COMPLETED
1790218257 1 COMPLETED
1790218258 1 COMPLETED
1790218259 1 COMPLETED
1790218260 1 COMPLETED
1790218261 1 COMPLETED
1790218262 1 COMPLETED
1790218263 1 COMPLETED
1790218264 1 COMPLETED
1790218265 1 COMPLETED
1790218266 1 COMPLETED
1790218267 1 COMPLETED
1790218268 1 COMPLETED
1790218269 1 COMPLETED
1790218270 1 COMPLETED
1790218271 1 COMPLETED
1790218272 1 COMPLETED
1790218273 1 COMPLETED
1790218275 1 COMPLETED
1790218276 1 COMPLETED
1790218277 1 COMPLETED
1790218278 1 COMPLETED
1790218279 1 COMPLETED
1790218280 1 COMPLETED
1790218281 1 COMPLETED
1790218282 1 COMPLETED
1790218283 1 COMPLETED
1790218284 1 COMPLETED
1790218285 1 COMPLETED
1790218286 1 COMPLETED
1790218287 1 COMPLETED
1790218288 1 COMPLETED
1790218289 1 COMPLETED
1790218290 1 COMPLETED
1790218291 1 COMPLETED
1790218292 1 COMPLETED
1790218293 1 COMPLETED
1790218294 1 COMPLETED
1790218295 1 COMPLETED
1790218296 1 COMPLETED
1790218297 1 COMPLETED
1790218298 1 COMPLETED
1790218299 1 COMPLETED
1790218300 1 COMPLETED
1790218302 1 COMPLETED
1790218303 1 COMPLETED
1790218304 1 COMPLETED
1790218305 1 COMPLETED
1790218306 1 COMPLETED
1790218307 1 COMPLETED
1790218308 1 COMPLETED
1790218309 1 COMPLETED
1790218310 1 COMPLETED
1790218311 1 COMPLETED
1790218312 1 COMPLETED
1790218313 1 COMPLETED
1790218314 1 COMPLETED
1790218315 1 COMPLETED
1790218316 1 COMPLETED
1790218317 1 COMPLETED
1790218318 1 COMPLETED
1790218319 1 COMPLETED
1790218320 1 COMPLETED
1790218321 1 COMPLETED
1790218322 1 COMPLETED
1790218323 1 COMPLETED
1790218324 1 COMPLETED
1790218325 1 COMPLETED
1790218326 1 COMPLETED
1790218328 1 COMPLETED
1790218329 1 COMPLETED
1790218330 1 COMPLETED
1790218331 1 COMPLETED
1790218332 1 COMPLETED
1790218333 1 COMPLETED
1790218334 1 COMPLETED
1790218335 1 COMPLETED
1790218336 1 COMPLETED
1790218337 1 COMPLETED
1790218338 1 COMPLETED
1790218339 1 COMPLETED
1790218340 1 COMPLETED
1790218341 1 COMPLETED
1790218342 1 COMPLETED
1790218343 1 COMPLETED
1790218344 1 COMPLETED
1790218345 1 COMPLETED
1790218346 1 COMPLETED
1790218347 1 COMPLETED
1790218348 1 COMPLETED
1790218349 1 COMPLETED
1790218350 1 COMPLETED
1790218351 1 COMPLETED
1790218352 1 COMPLETED
1790218353 1 COMPLETED
1790218354 1 COMPLETED
1790218356 1 COMPLETED
1790218357 1 COMPLETED
1790218358 1 COMPLETED
1790218359 1 COMPLETED
1790218360 1 COMPLETED
1790218361 1 COMPLETED
1790218362 1 COMPLETED
1790218363 1 COMPLETED
1790218364 1 COMPLETED
1790218365 1 COMPLETED
1790218366 1 COMPLETED
1790218367 1 COMPLETED
1790218368 1 COMPLETED
1790218370 0 DISCONNECTED
1790218372 0 DISCONNECTED
1790218374 0 DISCONNECTED
1790218376 0 DISCONNECTED
1790218378 0 DISCONNECTED
1790218380 0 DISCONNECTED
1790218382 0 DISCONNECTED
1790218384 0 DISCONNECTED
1790218386 0 DISCONNECTED
1790218388 0 DISCONNECTED
1790218390 0 DISCONNECTED
1790218392 0 DISCONNECTED
1790218394 0 DISCONNECTED
1790218396 0 DISCONNECTED
1790218398 0 DISCONNECTED
1790218400 0 DISCONNECTED
1790218402 0 DISCONNECTED
1790218404 0 DISCONNECTED
1790218406 0 DISCONNECTED
1790218408 0 DISCONNECTED
1790218410 0 SCANNING
1790218412 0 SCANNING
1790218414 0 SCANNING
1790218416 0 SCANNING
1790218418 0 SCANNING
1790218420 0 SCANNING
1790218422 0 COMPLETED
1790218423 1 COMPLETED
1790218424 1 COMPLETED
1790218425 1 COMPLETED
1790218426 1 COMPLETED
1790218427 1 COMPLETED
1790218428 1 COMPLETED
1790218429 1 COMPLETED
1790218431 1 COMPLETED
1790218432 1 COMPLETED
1790218433 1 COMPLETED
1790218434 1 COMPLETED
1790218435 1 COMPLETED
1790218436 1 COMPLETED
1790218437 1 COMPLETED
1790218438 1 COMPLETED
1790218439 1 COMPLETED
1790218440 1 COMPLETED
1790218441 1 COMPLETED
1790218442 1 COMPLETED
1790218443 1 COMPLETED
1790218444 1 COMPLETED
1790218445 1 COMPLETED
1790218446 1 COMPLETED
1790218447 1 COMPLETED
1790218448 1 COMPLETED
1790218449 1 COMPLETED
1790218450 1 COMPLETED
1790218451 1 COMPLETED
1790218452 1 COMPLETED
1790218453 1 COMPLETED
1790218454 1 COMPLETED
1790218455 1 COMPLETED
1790218456 1 COMPLETED
1790218457 1 COMPLETED
1790218459 1 COMPLETED
1790218460 1 COMPLETED
1790218461 1 COMPLETED
1790218462 1 COMPLETED
1790218463 1 COMPLETED
1790218464 1 COMPLETED
1790218465 1 COMPLETED
1790218466 1 COMPLETED
1790218467 1 COMPLETED
1790218468 1 COMPLETED
1790218469 1 COMPLETED
1790218470 1 COMPLETED
1790218471 1 COMPLETED
1790218472 1 COMPLETED
1790218473 1 COMPLETED
1790218474 1 COMPLETED
1790218475 1 COMPLETED
1790218476 1 COMPLETED
1790218477 1 COMPLETED
1790218478 1 COMPLETED
1790218479 1 COMPLETED
1790218480 1 COMPLETED
1790218481 1 COMPLETED
1790218482 1 COMPLETED
1790218483 1 COMPLETED
1790218484 1 COMPLETED
1790218485 1 COMPLETED
1790218487 1 COMPLETED
1790218488 1 COMPLETED
1790218489 1 COMPLETED
1790218490 1 COMPLETED
1790218491 1 COMPLETED
1790218492 1 COMPLETED
1790218493 1 COMPLETED
1790218494 1 COMPLETED
1790218495 1 COMPLETED
1790218496 1 COMPLETED
1790218497 1 COMPLETED
1790218498 1 COMPLETED
1790218499 1 COMPLETED
1790218500 1 COMPLETED
1790218501 1 COMPLETED
1790218502 1 COMPLETED
1790218503 1 COMPLETED
1790218504 1 COMPLETED
1790218505 1 COMPLETED
1790218506 1 COMPLETED
1790218507 1 COMPLETED
1790218508 1 COMPLETED
1790218509 1 COMPLETED
1790218510 1 COMPLETED
1790218511 1 COMPLETED
1790218512 1 COMPLETED
1790218514 1 COMPLETED
1790218515 1 COMPLETED
1790218516 1 COMPLETED
1790218517 1 COMPLETED
1790218518 1 COMPLETED
1790218519 1 COMPLETED
1790218520 1 COMPLETED
1790218521 1 COMPLETED
1790218522 1 COMPLETED
1790218523 1 COMPLETED
1790218524 1 COMPLETED
1790218525 1 COMPLETED
1790218526 1 COMPLETED
1790218527 1 COMPLETED
1790218528 1 COMPLETED
1790218529 1 COMPLETED
1790218530 1 COMPLETED
1790218531 1 COMPLETED
1790218532 1 COMPLETED
1790218533 1 COMPLETED
1790218534 1 COMPLETED
1790218535 1 COMPLETED
1790218536 1 COMPLETED
1790218537 1 COMPLETED
1790218538 1 COMPLETED
1790218539 1 COMPLETED
1790218541 1 COMPLETED
1790218542 1 COMPLETED
1790218543 1 COMPLETED
1790218544 1 COMPLETED
1790218545 1 COMPLETED
1790218546 1 COMPLETED
1790218547 1 COMPLETED
1790218548 1 COMPLETED
1790218549 1 COMPLETED
1790218550 1 COMPLETED
1790218551 1 COMPLETED
1790218552 1 COMPLETED
1790218553 1 COMPLETED
1790218554 1 COMPLETED
1790218555 1 COMPLETED
1790218556 1 COMPLETED
1790218557 1 COMPLETED
1790218558 1 COMPLETED
1790218559 1 COMPLETED
1790218560 1 COMPLETED
1790218561 1 COMPLETED
1790218562 1 COMPLETED
1790218563 1 COMPLETED
1790218564 1 COMPLETED
1790218565 1 COMPLETED
1790218566 1 COMPLETED
1790218567 1 COMPLETED
1790218569 1 COMPLETED
1790218570 1 COMPLETED
1790218571 1 COMPLETED
1790218572 1 COMPLETED
1790218573 1 COMPLETED
1790218574 1 COMPLETED
1790218575 1 COMPLETED
1790218576 1 COMPLETED
1790218577 1 COMPLETED
1790218578 1 COMPLETED
1790218579 1 COMPLETED
1790218580 1 COMPLETED
1790218581 1 COMPLETED
