1790264522 1 COMPLETED
1790264523 1 COMPLETED
1790264524 1 COMPLETED
1790264525 1 COMPLETED
1790264526 1 COMPLETED
1790264527 1 COMPLETED
1790264528 1 COMPLETED
1790264529 1 COMPLETED
1790264530 1 COMPLETED
1790264531 1 COMPLETED
1790264532 1 COMPLETED
1790264533 1 COMPLETED
1790264534 1 COMPLETED
1790264535 1 COMPLETED
1790264536 1 COMPLETED
1790264537 1 COMPLETED
1790264538 1 COMPLETED
1790264539 1 COMPLETED
1790264540 1 COMPLETED
1790264541 1 COMPLETED
1790264543 1 COMPLETED
1790264544 1 COMPLETED
1790264545 1 COMPLETED
1790264546 1 COMPLETED
1790264547 1 COMPLETED
1790264548 1 COMPLETED
1790264549 1 COMPLETED
1790264550 1 COMPLETED
1790264551 1 COMPLETED
1790264552 1 COMPLETED
1790264553 1 COMPLETED
1790264554 1 COMPLETED
1790264555 1 COMPLETED
1790264556 1 COMPLETED
1790264557 1 COMPLETED
1790264558 1 COMPLETED
1790264559 1 COMPLETED
1790264560 1 COMPLETED
1790264561 1 COMPLETED
1790264562 1 COMPLETED
1790264563 1 COMPLETED
1790264564 1 COMPLETED
1790264565 1 COMPLETED
1790264566 1 COMPLETED
1790264567 1 COMPLETED
1790264569 1 COMPLETED
1790264570 1 COMPLETED
1790264571 1 COMPLETED
1790264572 1 COMPLETED
1790264573 1 COMPLETED
1790264574 1 COMPLETED
1790264575 1 COMPLETED
1790264576 1 COMPLETED
1790264577 1 COMPLETED
1790264578 1 COMPLETED
1790264579 1 COMPLETED
1790264580 1 COMPLETED
1790264581 1 COMPLETED
1790264582 1 COMPLETED
1790264583 1 COMPLETED
1790264584 1 COMPLETED
1790264585 1 COMPLETED
1790264586 1 COMPLETED
1790264587 1 COMPLETED
1790264588 1 COMPLETED
1790264589 1 COMPLETED
1790264590 1 COMPLETED
1790264591 1 COMPLETED
1790264592 1 COMPLETED
1790264593 1 COMPLETED
1790264594 1 COMPLETED
1790264596 1 COMPLETED
1790264597 1 COMPLETED
1790264598 1 COMPLETED
1790264599 1 COMPLETED
1790264600 1 COMPLETED
1790264601 1 COMPLETED
1790264602 1 COMPLETED
1790264603 1 COMPLETED
1790264604 1 COMPLETED
1790264605 1 COMPLETED
1790264606 1 COMPLETED
1790264607 1 COMPLETED
1790264608 1 COMPLETED
1790264609 1 COMPLETED
1790264610 1 COMPLETED
1790264611 1 COMPLETED
1790264612 1 COMPLETED
1790264613 1 COMPLETED
1790264614 1 COMPLETED
1790264615 1 COMPLETED
1790264616 1 COMPLETED
1790264617 1 COMPLETED
1790264618 1 COMPLETED
1790264619 1 COMPLETED
1790264620 1 COMPLETED
1790264621 1 COMPLETED
1790264622 1 COMPLETED
1790264624 1 COMPLETED
1790264625 1 COMPLETED
1790264626 1 COMPLETED
1790264627 1 COMPLETED
1790264628 1 COMPLETED
1790264629 1 COMPLETED
1790264630 1 COMPLETED
1790264631 1 COMPLETED
1790264632 1 COMPLETED
1790264633 1 COMPLETED
1790264634 1 COMPLETED
1790264635 1 COMPLETED
1790264636 1 COMPLETED
1790264637 1 COMPLETED
1790264638 1 COMPLETED
1790264639 1 COMPLETED
1790264640 1 COMPLETED
1790264641 1 COMPLETED
1790264642 1 COMPLETED
1790264643 1 COMPLETED
1790264644 1 COMPLETED
1790264645 1 COMPLETED
1790264646 1 COMPLETED
1790264647 1 COMPLETED
1790264648 1 COMPLETED
1790264649 1 COMPLETED
1790264651 1 COMPLETED
1790264652 1 COMPLETED
1790264653 1 COMPLETED
1790264654 1 COMPLETED
1790264655 1 COMPLETED
1790264656 1 COMPLETED
1790264657 1 COMPLETED
1790264658 1 COMPLETED
1790264659 1 COMPLETED
1790264660 1 COMPLETED
1790264661 1 COMPLETED
1790264662 1 COMPLETED
1790264663 1 COMPLETED
1790264664 1 COMPLETED
1790264665 1 COMPLETED
1790264666 1 COMPLETED
1790264667 1 COMPLETED
1790264668 1 COMPLETED
1790264669 1 COMPLETED
1790264670 1 COMPLETED
1790264671 1 COMPLETED
1790264672 1 COMPLETED
1790264673 1 COMPLETED
1790264674 1 COMPLETED
1790264675 1 COMPLETED
1790264676 1 COMPLETED
1790264677 1 COMPLETED
1790264679 1 COMPLETED
1790264680 1 COMPLETED
1790264681 1 COMPLETED
1790264682 1 COMPLETED
1790264683 1 COMPLETED
1790264684 1 COMPLETED
1790264685 1 COMPLETED
1790264686 1 COMPLETED
1790264687 1 COMPLETED
1790264688 1 COMPLETED
1790264689 1 COMPLETED
1790264690 1 COMPLETED
1790264691 1 COMPLETED
1790264692 1 COMPLETED
1790264693 1 COMPLETED
1790264694 1 COMPLETED
1790264695 1 COMPLETED
1790264696 1 COMPLETED
1790264697 1 COMPLETED
1790264698 1 COMPLETED
1790264699 1 COMPLETED
1790264700 1 COMPLETED
1790264701 1 COMPLETED
1790264702 1 COMPLETED
1790264703 1 COMPLETED
1790264704 1 COMPLETED
1790264705 1 COMPLETED
1790264707 1 COMPLETED
1790264708 1 COMPLETED
1790264709 1 COMPLETED
1790264710 1 COMPLETED
1790264711 1 COMPLETED
1790264712 1 COMPLETED
1790264713 1 COMPLETED
1790264714 1 COMPLETED
1790264715 1 COMPLETED
1790264716 1 COMPLETED
1790264717 1 COMPLETED
1790264718 1 COMPLETED
1790264719 1 COMPLETED
1790264720 1 COMPLETED
1790264721 1 COMPLETED
1790264722 1 COMPLETED
1790264723 1 COMPLETED
1790264724 1 COMPLETED
1790264725 1 COMPLETED
1790264726 1 COMPLETED
1790264727 1 COMPLETED
1790264728 1 COMPLETED
1790264729 1 COMPLETED
1790264730 1 COMPLETED
1790264731 1 COMPLETED
1790264732 1 COMPLETED
1790264734 1 COMPLETED
1790264735 1 COMPLETED
1790264736 1 COMPLETED
1790264737 1 COMPLETED
1790264738 1 COMPLETED
1790264739 1 COMPLETED
1790264740 1 COMPLETED
1790264741 1 COMPLETED
1790264742 1 COMPLETED
1790264743 1 COMPLETED
1790264744 1 COMPLETED
1790264745 1 COMPLETED
1790264746 1 COMPLETED
1790264747 1 COMPLETED
1790264748 1 COMPLETED
1790264749 1 COMPLETED
1790264750 1 COMPLETED
1790264751 1 COMPLETED
1790264752 1 COMPLETED
1790264753 1 COMPLETED
1790264754 1 COMPLETED
1790264755 1 COMPLETED
1790264756 1 COMPLETED
1790264757 1 COMPLETED
1790264758 1 COMPLETED
1790264759 1 COMPLETED
1790264761 1 COMPLETED
1790264762 1 COMPLETED
1790264763 1 COMPLETED
1790264764 1 COMPLETED
1790264765 1 COMPLETED
1790264766 1 COMPLETED
1790264767 1 COMPLETED
1790264768 1 COMPLETED
1790264769 1 COMPLETED
1790264770 1 COMPLETED
1790264771 1 COMPLETED
1790264772 1 COMPLETED
1790264773 1 COMPLETED
1790264774 1 COMPLETED
1790264775 1 COMPLETED
1790264776 1 COMPLETED
1790264777 1 COMPLETED
1790264778 1 COMPLETED
1790264779 1 COMPLETED
1790264780 1 COMPLETED
1790264781 1 COMPLETED
1790264782 1 COMPLETED
1790264783 1 COMPLETED
1790264784 1 COMPLETED
1790264785 1 COMPLETED
1790264786 1 COMPLETED
1790264788 1 COMPLETED
1790264789 1 COMPLETED
1790264790 1 COMPLETED
1790264791 1 COMPLETED
1790264792 1 COMPLETED
1790264793 1 COMPLETED
1790264794 1 COMPLETED
1790264795 1 COMPLETED
1790264796 1 COMPLETED
1790264797 1 COMPLETED
1790264798 1 COMPLETED
1790264799 1 COMPLETED
1790264800 1 COMPLETED
1790264801 1 COMPLETED
1790264802 1 COMPLETED
1790264803 1 COMPLETED
1790264804 1 COMPLETED
1790264805 1 COMPLETED
1790264806 1 COMPLETED
1790264807 1 COMPLETED
1790264808 1 COMPLETED
1790264809 1 COMPLETED
1790264810 1 COMPLETED
1790264811 1 COMPLETED
1790264812 1 COMPLETED
1790264813 1 COMPLETED
1790264815 1 COMPLETED
1790264816 1 COMPLETED
1790264817 1 COMPLETED
1790264818 1 COMPLETED
1790264819 1 COMPLETED
1790264820 1 COMPLETED
1790264821 1 COMPLETED
1790264822 1 COMPLETED
1790264823 1 COMPLETED
1790264824 1 COMPLETED
1790264825 1 COMPLETED
1790264826 1 COMPLETED
1790264827 1 COMPLETED
1790264828 1 COMPLETED
1790264829 1 COMPLETED
1790264830 1 COMPLETED
1790264831 1 COMPLETED
1790264832 1 COMPLETED
1790264833 1 COMPLETED
1790264834 1 COMPLETED
1790264835 1 COMPLETED
1790264836 1 COMPLETED
1790264837 1 COMPLETED
1790264838 1 COMPLETED
1790264839 1 COMPLETED
1790264840 1 COMPLETED
1790264842 1 COMPLETED
1790264843 1 COMPLETED
1790264844 1 COMPLETED
1790264845 1 COMPLETED
1790264846 1 COMPLETED
1790264847 1 COMPLETED
1790264848 1 COMPLETED
1790264849 1 COMPLETED
1790264850 1 COMPLETED
1790264851 1 COMPLETED
1790264852 1 COMPLETED
1790264853 1 COMPLETED
1790264854 1 COMPLETED
1790264855 1 COMPLETED
1790264856 1 COMPLETED
1790264857 1 COMPLETED
1790264858 1 COMPLETED
1790264859 1 COMPLETED
1790264860 1 COMPLETED
1790264861 1 COMPLETED
1790264862 1 COMPLETED
1790264863 1 COMPLETED
1790264864 1 COMPLETED
1790264865 1 COMPLETED
1790264867 1 COMPLETED
1790264868 1 COMPLETED
1790264869 1 COMPLETED
1790264870 1 COMPLETED
1790264871 1 COMPLETED
1790264872 1 COMPLETED
1790264873 1 COMPLETED
1790264874 1 COMPLETED
1790264875 1 COMPLETED
1790264876 1 COMPLETED
1790264877 1 COMPLETED
1790264878 1 COMPLETED
1790264879 1 COMPLETED
1790264880 1 COMPLETED
1790264881 1 COMPLETED
1790264882 1 COMPLETED
1790264884 0 COMPLETED
1790264886 0 COMPLETED
1790264888 0 COMPLETED
1790264890 0 COMPLETED
1790264892 0 COMPLETED
1790264894 0 COMPLETED
1790264896 0 COMPLETED
1790264898 0 COMPLETED
1790264900 0 COMPLETED
1790264902 0 COMPLETED
1790264904 0 COMPLETED
1790264906 0 COMPLETED
1790264908 0 COMPLETED
1790264910 0 COMPLETED
1790264912 0 COMPLETED
1790264914 0 COMPLETED
1790264916 0 COMPLETED
1790264918 0 COMPLETED
1790264920 0 COMPLETED
1790264922 0 COMPLETED
1790264924 0 COMPLETED
1790264926 0 COMPLETED
1790264928 0 COMPLETED
1790264930 0 COMPLETED
1790264932 0 COMPLETED
1790264933 1 COMPLETED
1790264935 1 COMPLETED
1790264936 1 COMPLETED
1790264937 1 COMPLETED
1790264938 1 COMPLETED
1790264939 1 COMPLETED
1790264940 1 COMPLETED
1790264941 1 COMPLETED
1790264942 1 COMPLETED
1790264943 1 COMPLETED
1790264944 1 COMPLETED
1790264945 1 COMPLETED
1790264946 1 COMPLETED
1790264947 1 COMPLETED
1790264948 1 COMPLETED
1790264949 1 COMPLETED
1790264950 1 COMPLETED
1790264951 1 COMPLETED
1790264952 1 COMPLETED
1790264953 1 COMPLETED
1790264954 1 COMPLETED
1790264955 1 COMPLETED
1790264956 1 COMPLETED
1790264957 1 COMPLETED
1790264958 1 COMPLETED
1790264960 1 COMPLETED
1790264961 1 COMPLETED
1790264962 1 COMPLETED
1790264963 1 COMPLETED
1790264964 1 COMPLETED
1790264965 1 COMPLETED
1790264966 1 COMPLETED
1790264967 1 COMPLETED
1790264968 1 COMPLETED
1790264969 1 COMPLETED
1790264970 1 COMPLETED
1790264971 1 COMPLETED
1790264972 1 COMPLETED
1790264973 1 COMPLETED
1790264974 1 COMPLETED
1790264975 1 COMPLETED
1790264976 1 COMPLETED
1790264977 1 COMPLETED
1790264978 1 COMPLETED
1790264979 1 COMPLETED
1790264980 1 COMPLETED
1790264981 1 COMPLETED
1790264982 1 COMPLETED
1790264983 1 COMPLETED
1790264984 1 COMPLETED
1790264985 1 COMPLETED
1790264986 1 COMPLETED
1790264988 1 COMPLETED
1790264989 1 COMPLETED
1790264990 1 COMPLETED
1790264991 1 COMPLETED
1790264992 1 COMPLETED
1790264993 1 COMPLETED
1790264994 1 COMPLETED
1790264995 1 COMPLETED
1790264996 1 COMPLETED
1790264997 1 COMPLETED
1790264998 1 COMPLETED
1790264999 1 COMPLETED
1790265000 1 COMPLETED
1790265001 1 COMPLETED
1790265002 1 COMPLETED
1790265003 1 COMPLETED
1790265004 1 COMPLETED
1790265005 1 COMPLETED
1790265006 1 COMPLETED
1790265007 1 COMPLETED
1790265008 1 COMPLETED
1790265009 1 COMPLETED
1790265010 1 COMPLETED
1790265011 1 COMPLETED
1790265012 1 COMPLETED
1790265013 1 COMPLETED
1790265015 1 COMPLETED
1790265016 1 COMPLETED
1790265017 1 COMPLETED
1790265018 1 COMPLETED
1790265019 1 COMPLETED
1790265020 1 COMPLETED
1790265021 1 COMPLETED
1790265022 1 COMPLETED
1790265023 1 COMPLETED
1790265024 1 COMPLETED
1790265025 1 COMPLETED
1790265026 1 COMPLETED
1790265027 1 COMPLETED
1790265028 1 COMPLETED
1790265029 1 COMPLETED
1790265030 1 COMPLETED
1790265031 1 COMPLETED
1790265032 1 COMPLETED
1790265033 1 COMPLETED
1790265034 1 COMPLETED
1790265035 1 COMPLETED
1790265036 1 COMPLETED
1790265037 1 COMPLETED
1790265038 1 COMPLETED
1790265039 1 COMPLETED
1790265040 1 COMPLETED
1790265042 1 COMPLETED
1790265043 1 COMPLETED
1790265044 1 COMPLETED
1790265045 1 COMPLETED
1790265046 1 COMPLETED
1790265047 1 COMPLETED
1790265048 1 COMPLETED
1790265049 1 COMPLETED
1790265050 1 COMPLETED
1790265051 1 COMPLETED
1790265052 1 COMPLETED
1790265053 1 COMPLETED
1790265054 1 COMPLETED
1790265055 1 COMPLETED
1790265056 1 COMPLETED
1790265057 1 COMPLETED
1790265058 1 COMPLETED
1790265059 1 COMPLETED
1790265060 1 COMPLETED
1790265061 1 COMPLETED
1790265062 1 COMPLETED
1790265063 1 COMPLETED
1790265064 1 COMPLETED
1790265065 1 COMPLETED
1790265066 1 COMPLETED
1790265067 1 COMPLETED
1790265068 1 COMPLETED
1790265070 1 COMPLETED
1790265071 1 COMPLETED
1790265072 1 COMPLETED
1790265073 1 COMPLETED
1790265074 1 COMPLETED
1790265075 1 COMPLETED
1790265076 1 COMPLETED
1790265077 1 COMPLETED
1790265078 1 COMPLETED
1790265079 1 COMPLETED
1790265080 1 COMPLETED
1790265081 1 COMPLETED
1790265082 1 COMPLETED
1790265083 1 COMPLETED
1790265084 1 COMPLETED
1790265085 1 COMPLETED
1790265086 1 COMPLETED
1790265087 1 COMPLETED
1790265088 1 COMPLETED
1790265089 1 COMPLETED
1790265090 1 COMPLETED
1790265091 1 COMPLETED
1790265092 1 COMPLETED
1790265093 1 COMPLETED
1790265094 1 COMPLETED
1790265095 1 COMPLETED
1790265097 1 COMPLETED
1790265098 1 COMPLETED
1790265099 1 COMPLETED
1790265100 1 COMPLETED
1790265101 1 COMPLETED
1790265102 1 COMPLETED
1790265103 1 COMPLETED
1790265104 1 COMPLETED
1790265105 1 COMPLETED
1790265106 1 COMPLETED
1790265107 1 COMPLETED
1790265108 1 COMPLETED
1790265109 1 COMPLETED
1790265110 1 COMPLETED
1790265111 1 COMPLETED
1790265112 1 COMPLETED
1790265113 1 COMPLETED
1790265114 1 COMPLETED
1790265115 1 COMPLETED
1790265116 1 COMPLETED
1790265117 1 COMPLETED
1790265118 1 COMPLETED
1790265119 1 COMPLETED
1790265120 1 COMPLETED
1790265121 1 COMPLETED
1790265122 1 COMPLETED
1790265123 1 COMPLETED
1790265125 1 COMPLETED
1790265126 1 COMPLETED
1790265127 1 COMPLETED
1790265128 1 COMPLETED
1790265129 1 COMPLETED
1790265130 1 COMPLETED
1790265131 1 COMPLETED
1790265132 1 COMPLETED
1790265133 1 COMPLETED
1790265134 1 COMPLETED
1790265135 1 COMPLETED
1790265136 1 COMPLETED
1790265137 1 COMPLETED
1790265138 1 COMPLETED
1790265139 1 COMPLETED
1790265140 1 COMPLETED
1790265141 1 COMPLETED
1790265142 1 COMPLETED
1790265143 1 COMPLETED
1790265144 1 COMPLETED
1790265145 1 COMPLETED
1790265146 1 COMPLETED
1790265147 1 COMPLETED
1790265148 1 COMPLETED
1790265149 1 COMPLETED
1790265150 1 COMPLETED
1790265152 1 COMPLETED
1790265153 1 COMPLETED
1790265154 1 COMPLETED
1790265155 1 COMPLETED
1790265156 1 COMPLETED
1790265157 1 COMPLETED
1790265158 1 COMPLETED
1790265159 1 COMPLETED
1790265160 1 COMPLETED
1790265161 1 COMPLETED
1790265162 1 COMPLETED
1790265163 1 COMPLETED
1790265164 1 COMPLETED
1790265165 1 COMPLETED
1790265166 1 COMPLETED
1790265167 1 COMPLETED
1790265168 1 COMPLETED
1790265169 1 COMPLETED
1790265170 1 COMPLETED
1790265171 1 COMPLETED
1790265172 1 COMPLETED
1790265173 1 COMPLETED
1790265174 1 COMPLETED
1790265175 1 COMPLETED
1790265176 1 COMPLETED
1790265178 1 COMPLETED
1790265179 1 COMPLETED
1790265180 1 COMPLETED
1790265181 1 COMPLETED
1790265182 1 COMPLETED
1790265183 1 COMPLETED
1790265184 1 COMPLETED
1790265185 1 COMPLETED
1790265186 1 COMPLETED
1790265187 1 COMPLETED
1790265188 1 COMPLETED
1790265189 1 COMPLETED
1790265190 1 COMPLETED
1790265191 1 COMPLETED
1790265192 1 COMPLETED
1790265193 1 COMPLETED
1790265194 1 COMPLETED
1790265195 1 COMPLETED
1790265196 1 COMPLETED
1790265197 1 COMPLETED
1790265198 1 COMPLETED
1790265199 1 COMPLETED
1790265200 1 COMPLETED
1790265201 1 COMPLETED
1790265202 1 COMPLETED
1790265204 1 COMPLETED
1790265205 1 COMPLETED
1790265206 1 COMPLETED
1790265207 1 COMPLETED
1790265208 1 COMPLETED
1790265209 1 COMPLETED
1790265210 1 COMPLETED
1790265211 1 COMPLETED
1790265212 1 COMPLETED
1790265213 1 COMPLETED
1790265214 1 COMPLETED
1790265215 1 COMPLETED
1790265216 1 COMPLETED
1790265217 1 COMPLETED
1790265218 1 COMPLETED
1790265219 1 COMPLETED
1790265220 1 COMPLETED
1790265221 1 COMPLETED
1790265222 1 COMPLETED
1790265223 1 COMPLETED
1790265224 1 COMPLETED
1790265225 1 COMPLETED
1790265226 1 COMPLETED
1790265227 1 COMPLETED
1790265228 1 COMPLETED
1790265229 1 COMPLETED
1790265231 1 COMPLETED
1790265232 1 COMPLETED
1790265233 1 COMPLETED
1790265234 1 COMPLETED
1790265235 1 COMPLETED
1790265236 1 COMPLETED
1790265237 1 COMPLETED
1790265238 1 COMPLETED
1790265239 1 COMPLETED
1790265240 1 COMPLETED
1790265241 1 COMPLETED
1790265242 1 COMPLETED
1790265243 1 COMPLETED
1790265244 1 COMPLETED
1790265245 1 COMPLETED
1790265246 1 COMPLETED
1790265247 1 COMPLETED
1790265248 1 COMPLETED
1790265249 1 COMPLETED
1790265250 1 COMPLETED
1790265251 1 COMPLETED
1790265252 1 COMPLETED
1790265253 1 COMPLETED
1790265254 1 COMPLETED
1790265255 1 COMPLETED
1790265256 1 COMPLETED
1790265257 1 COMPLETED
1790265259 1 COMPLETED
1790265260 1 COMPLETED
1790265261 1 COMPLETED
1790265262 1 COMPLETED
1790265263 1 COMPLETED
1790265264 1 COMPLETED
1790265265 1 COMPLETED
1790265266 1 COMPLETED
1790265267 1 COMPLETED
1790265268 1 COMPLETED
1790265269 1 COMPLETED
1790265270 1 COMPLETED
1790265271 1 COMPLETED
1790265272 1 COMPLETED
1790265273 1 COMPLETED
1790265274 1 COMPLETED
1790265275 1 COMPLETED
1790265276 1 COMPLETED
1790265277 1 COMPLETED
1790265278 1 COMPLETED
1790265279 1 COMPLETED
1790265280 1 COMPLETED
1790265281 1 COMPLETED
1790265282 1 COMPLETED
1790265283 1 COMPLETED
1790265284 1 COMPLETED
1790265286 1 COMPLETED
1790265287 1 COMPLETED
1790265288 1 COMPLETED
1790265289 1 COMPLETED
1790265290 1 COMPLETED
1790265291 1 COMPLETED
1790265292 1 COMPLETED
1790265293 1 COMPLETED
1790265294 1 COMPLETED
1790265295 1 COMPLETED
1790265296 1 COMPLETED
1790265297 1 COMPLETED
1790265298 1 COMPLETED
1790265299 1 COMPLETED
1790265300 1 COMPLETED
1790265301 1 COMPLETED
1790265302 1 COMPLETED
1790265303 1 COMPLETED
1790265304 1 COMPLETED
1790265305 1 COMPLETED
1790265306 1 COMPLETED
1790265307 1 COMPLETED
1790265308 1 COMPLETED
1790265309 1 COMPLETED
1790265310 1 COMPLETED
1790265311 1 COMPLETED
1790265312 1 COMPLETED
1790265314 1 COMPLETED
1790265315 1 COMPLETED
1790265316 1 COMPLETED
1790265317 1 COMPLETED
1790265318 1 COMPLETED
1790265319 1 COMPLETED
1790265320 1 COMPLETED
1790265321 1 COMPLETED
1790265322 1 COMPLETED
1790265323 1 COMPLETED
1790265324 1 COMPLETED
1790265325 1 COMPLETED
1790265326 1 COMPLETED
1790265327 1 COMPLETED
1790265328 1 COMPLETED
1790265329 1 COMPLETED
1790265330 1 COMPLETED
1790265331 1 COMPLETED
1790265332 1 COMPLETED
1790265333 1 COMPLETED
1790265334 1 COMPLETED
1790265335 1 COMPLETED
1790265336 1 COMPLETED
1790265337 1 COMPLETED
1790265338 1 COMPLETED
1790265339 1 COMPLETED
1790265340 1 COMPLETED
1790265342 1 COMPLETED
1790265343 1 COMPLETED
1790265344 1 COMPLETED
1790265345 1 COMPLETED
1790265346 1 COMPLETED
1790265347 1 COMPLETED
1790265348 1 COMPLETED
1790265349 1 COMPLETED
1790265350 1 COMPLETED
1790265351 1 COMPLETED
1790265352 1 COMPLETED
1790265353 1 COMPLETED
1790265354 1 COMPLETED
1790265355 1 COMPLETED
1790265356 1 COMPLETED
1790265357 1 COMPLETED
1790265358 1 COMPLETED
1790265359 1 COMPLETED
1790265360 1 COMPLETED
1790265361 1 COMPLETED
1790265362 1 COMPLETED
1790265363 1 COMPLETED
1790265364 1 COMPLETED
1790265365 1 COMPLETED
1790265366 1 COMPLETED
1790265367 1 COMPLETED
1790265369 1 COMPLETED
1790265370 1 COMPLETED
1790265371 1 COMPLETED
1790265372 1 COMPLETED
1790265373 1 COMPLETED
1790265374 1 COMPLETED
1790265375 1 COMPLETED
1790265376 1 COMPLETED
1790265377 1 COMPLETED
1790265378 1 COMPLETED
1790265379 1 COMPLETED
1790265380 1 COMPLETED
1790265381 1 COMPLETED
1790265382 1 COMPLETED
1790265383 1 COMPLETED
1790265384 1 COMPLETED
1790265385 1 COMPLETED
1790265386 1 COMPLETED
1790265387 1 COMPLETED
1790265388 1 COMPLETED
1790265389 1 COMPLETED
1790265390 1 COMPLETED
1790265391 1 COMPLETED
1790265392 1 COMPLETED
1790265393 1 COMPLETED
1790265394 1 COMPLETED
1790265395 1 COMPLETED
1790265397 1 COMPLETED
1790265398 1 COMPLETED
1790265399 1 COMPLETED
1790265400 1 COMPLETED
1790265401 1 COMPLETED
1790265402 1 COMPLETED
1790265403 1 COMPLETED
1790265404 1 COMPLETED
1790265405 1 COMPLETED
1790265406 1 COMPLETED
1790265407 1 COMPLETED
1790265408 1 COMPLETED
1790265409 1 COMPLETED
1790265410 1 COMPLETED
1790265411 1 COMPLETED
1790265412 1 COMPLETED
1790265413 1 COMPLETED
1790265414 1 COMPLETED
1790265415 1 COMPLETED
1790265416 1 COMPLETED
1790265417 1 COMPLETED
1790265418 1 COMPLETED
1790265419 1 COMPLETED
1790265420 1 COMPLETED
1790265421 1 COMPLETED
1790265422 1 COMPLETED
1790265424 1 COMPLETED
1790265425 1 COMPLETED
