1790276660 1 COMPLETED
1790276661 1 COMPLETED
1790276662 1 COMPLETED
1790276663 1 COMPLETED
1790276664 1 COMPLETED
1790276665 1 COMPLETED
1790276666 1 COMPLETED
1790276667 1 COMPLETED
1790276668 1 COMPLETED
1790276669 1 COMPLETED
1790276670 1 COMPLETED
1790276671 1 COMPLETED
1790276672 1 COMPLETED
1790276673 1 COMPLETED
1790276674 1 COMPLETED
1790276675 1 COMPLETED
1790276676 1 COMPLETED
1790276678 1 COMPLETED
1790276679 1 COMPLETED
1790276680 1 COMPLETED
1790276681 1 COMPLETED
1790276682 1 COMPLETED
1790276683 1 COMPLETED
1790276684 1 COMPLETED
1790276685 1 COMPLETED
1790276686 1 COMPLETED
1790276687 1 COMPLETED
1790276688 1 COMPLETED
1790276689 1 COMPLETED
1790276690 1 COMPLETED
1790276691 1 COMPLETED
1790276692 1 COMPLETED
1790276693 1 COMPLETED
1790276694 1 COMPLETED
1790276695 1 COMPLETED
1790276696 1 COMPLETED
1790276697 1 COMPLETED
1790276698 1 COMPLETED
1790276699 1 COMPLETED
1790276700 1 COMPLETED
1790276701 1 COMPLETED
1790276703 1 COMPLETED
1790276704 1 COMPLETED
1790276705 1 COMPLETED
1790276706 1 COMPLETED
1790276707 1 COMPLETED
1790276708 1 COMPLETED
1790276709 1 COMPLETED
1790276710 1 COMPLETED
1790276711 1 COMPLETED
1790276712 1 COMPLETED
1790276713 1 COMPLETED
1790276714 1 COMPLETED
1790276715 1 COMPLETED
1790276716 1 COMPLETED
1790276717 1 COMPLETED
1790276718 1 COMPLETED
1790276719 1 COMPLETED
1790276720 1 COMPLETED
1790276721 1 COMPLETED
1790276722 1 COMPLETED
1790276723 1 COMPLETED
1790276724 1 COMPLETED
1790276726 1 COMPLETED
1790276727 1 COMPLETED
1790276728 1 COMPLETED
1790276729 1 COMPLETED
1790276730 1 COMPLETED
1790276731 1 COMPLETED
1790276732 1 COMPLETED
1790276733 1 COMPLETED
1790276734 1 COMPLETED
1790276735 1 COMPLETED
1790276736 1 COMPLETED
1790276737 1 COMPLETED
1790276738 1 COMPLETED
1790276739 1 COMPLETED
1790276740 1 COMPLETED
1790276741 1 COMPLETED
1790276742 1 COMPLETED
1790276743 1 COMPLETED
1790276744 1 COMPLETED
1790276745 1 COMPLETED
1790276746 1 COMPLETED
1790276747 1 COMPLETED
1790276748 1 COMPLETED
1790276750 1 COMPLETED
1790276751 1 COMPLETED
1790276752 1 COMPLETED
1790276753 1 COMPLETED
1790276754 1 COMPLETED
1790276755 1 COMPLETED
1790276756 1 COMPLETED
1790276757 1 COMPLETED
1790276758 1 COMPLETED
1790276759 1 COMPLETED
1790276760 1 COMPLETED
1790276761 1 COMPLETED
1790276762 1 COMPLETED
1790276763 1 COMPLETED
1790276764 1 COMPLETED
1790276765 1 COMPLETED
1790276766 1 COMPLETED
1790276767 1 COMPLETED
1790276768 1 COMPLETED
1790276769 1 COMPLETED
1790276770 1 COMPLETED
1790276771 1 COMPLETED
1790276772 1 COMPLETED
1790276774 1 COMPLETED
1790276775 1 COMPLETED
1790276776 1 COMPLETED
1790276777 1 COMPLETED
1790276778 1 COMPLETED
1790276779 1 COMPLETED
1790276780 1 COMPLETED
1790276781 1 COMPLETED
1790276782 1 COMPLETED
1790276783 1 COMPLETED
1790276784 1 COMPLETED
1790276785 1 COMPLETED
1790276786 1 COMPLETED
1790276787 1 COMPLETED
1790276788 1 COMPLETED
1790276789 1 COMPLETED
1790276790 1 COMPLETED
1790276791 1 COMPLETED
1790276792 1 COMPLETED
1790276793 1 COMPLETED
1790276794 1 COMPLETED
1790276795 1 COMPLETED
1790276796 1 COMPLETED
1790276798 1 COMPLETED
1790276799 1 COMPLETED
1790276800 1 COMPLETED
1790276801 1 COMPLETED
1790276802 1 COMPLETED
1790276803 1 COMPLETED
1790276804 1 COMPLETED
1790276805 1 COMPLETED
1790276806 1 COMPLETED
1790276807 1 COMPLETED
1790276808 1 COMPLETED
1790276809 1 COMPLETED
1790276810 1 COMPLETED
1790276811 1 COMPLETED
1790276812 1 COMPLETED
1790276813 1 COMPLETED
1790276814 1 COMPLETED
1790276815 1 COMPLETED
1790276816 1 COMPLETED
1790276817 1 COMPLETED
1790276818 1 COMPLETED
1790276819 1 COMPLETED
1790276821 1 COMPLETED
1790276822 1 COMPLETED
1790276823 1 COMPLETED
1790276824 1 COMPLETED
1790276825 1 COMPLETED
1790276826 1 COMPLETED
1790276827 1 COMPLETED
1790276828 1 COMPLETED
1790276829 1 COMPLETED
1790276830 1 COMPLETED
1790276831 1 COMPLETED
1790276832 1 COMPLETED
1790276833 1 COMPLETED
1790276834 1 COMPLETED
1790276835 1 COMPLETED
1790276836 1 COMPLETED
1790276837 1 COMPLETED
1790276838 1 COMPLETED
1790276839 1 COMPLETED
1790276840 1 COMPLETED
1790276841 1 COMPLETED
1790276842 1 COMPLETED
1790276843 1 COMPLETED
1790276845 1 COMPLETED
1790276846 1 COMPLETED
1790276847 1 COMPLETED
1790276848 1 COMPLETED
1790276849 1 COMPLETED
1790276850 1 COMPLETED
1790276851 1 COMPLETED
1790276852 1 COMPLETED
1790276853 1 COMPLETED
1790276854 1 COMPLETED
1790276855 1 COMPLETED
1790276856 1 COMPLETED
1790276857 1 COMPLETED
1790276858 1 COMPLETED
1790276859 1 COMPLETED
1790276860 1 COMPLETED
1790276861 1 COMPLETED
1790276862 1 COMPLETED
1790276863 1 COMPLETED
1790276864 1 COMPLETED
1790276865 1 COMPLETED
1790276866 1 COMPLETED
1790276868 1 COMPLETED
1790276869 1 COMPLETED
1790276870 1 COMPLETED
1790276871 1 COMPLETED
1790276872 1 COMPLETED
1790276873 1 COMPLETED
1790276874 1 COMPLETED
1790276875 1 COMPLETED
1790276876 1 COMPLETED
1790276877 1 COMPLETED
1790276878 1 COMPLETED
1790276879 1 COMPLETED
1790276880 1 COMPLETED
1790276881 1 COMPLETED
1790276882 1 COMPLETED
1790276883 1 COMPLETED
1790276884 1 COMPLETED
1790276885 1 COMPLETED
1790276886 1 COMPLETED
1790276887 1 COMPLETED
1790276888 1 COMPLETED
1790276889 1 COMPLETED
1790276890 1 COMPLETED
1790276891 1 COMPLETED
1790276892 1 COMPLETED
1790276894 1 COMPLETED
1790276895 1 COMPLETED
1790276896 1 COMPLETED
1790276897 1 COMPLETED
1790276898 1 COMPLETED
1790276899 1 COMPLETED
1790276900 1 COMPLETED
1790276901 1 COMPLETED
1790276902 1 COMPLETED
1790276903 1 COMPLETED
1790276904 1 COMPLETED
1790276905 1 COMPLETED
1790276906 1 COMPLETED
1790276907 1 COMPLETED
1790276908 1 COMPLETED
1790276909 1 COMPLETED
1790276910 1 COMPLETED
1790276911 1 COMPLETED
1790276912 1 COMPLETED
1790276913 1 COMPLETED
1790276914 1 COMPLETED
1790276915 1 COMPLETED
1790276916 1 COMPLETED
1790276917 1 COMPLETED
1790276919 1 COMPLETED
1790276920 1 COMPLETED
1790276921 1 COMPLETED
1790276922 1 COMPLETED
1790276923 1 COMPLETED
1790276924 1 COMPLETED
1790276925 1 COMPLETED
1790276926 1 COMPLETED
1790276927 1 COMPLETED
1790276928 1 COMPLETED
1790276929 1 COMPLETED
1790276930 1 COMPLETED
1790276931 1 COMPLETED
1790276932 1 COMPLETED
1790276933 1 COMPLETED
1790276934 1 COMPLETED
1790276935 1 COMPLETED
1790276936 1 COMPLETED
1790276937 1 COMPLETED
1790276938 1 COMPLETED
1790276939 1 COMPLETED
1790276940 1 COMPLETED
1790276941 1 COMPLETED
1790276943 1 COMPLETED
1790276944 1 COMPLETED
1790276945 1 COMPLETED
1790276946 1 COMPLETED
1790276947 1 COMPLETED
1790276948 1 COMPLETED
1790276949 1 COMPLETED
1790276950 1 COMPLETED
1790276951 1 COMPLETED
1790276952 1 COMPLETED
1790276953 1 COMPLETED
1790276954 1 COMPLETED
1790276955 1 COMPLETED
1790276956 1 COMPLETED
1790276957 1 COMPLETED
1790276958 1 COMPLETED
1790276959 1 COMPLETED
1790276960 1 COMPLETED
1790276961 1 COMPLETED
1790276962 1 COMPLETED
1790276963 1 COMPLETED
1790276964 1 COMPLETED
1790276965 1 COMPLETED
1790276967 1 COMPLETED
1790276968 1 COMPLETED
1790276969 1 COMPLETED
1790276970 1 COMPLETED
1790276971 1 COMPLETED
1790276972 1 COMPLETED
1790276973 1 COMPLETED
1790276974 1 COMPLETED
1790276975 1 COMPLETED
1790276976 1 COMPLETED
1790276977 1 COMPLETED
1790276978 1 COMPLETED
1790276979 1 COMPLETED
1790276980 1 COMPLETED
1790276981 1 COMPLETED
1790276982 1 COMPLETED
1790276983 1 COMPLETED
1790276984 1 COMPLETED
1790276985 1 COMPLETED
1790276986 1 COMPLETED
1790276987 1 COMPLETED
1790276989 1 COMPLETED
1790276990 1 COMPLETED
1790276991 1 COMPLETED
1790276992 1 COMPLETED
1790276993 1 COMPLETED
1790276994 1 COMPLETED
1790276995 1 COMPLETED
1790276996 1 COMPLETED
1790276997 1 COMPLETED
1790276998 1 COMPLETED
1790276999 1 COMPLETED
1790277000 1 COMPLETED
1790277001 1 COMPLETED
1790277002 1 COMPLETED
1790277003 1 COMPLETED
1790277004 1 COMPLETED
1790277005 1 COMPLETED
1790277006 1 COMPLETED
1790277007 1 COMPLETED
1790277008 1 COMPLETED
1790277009 1 COMPLETED
1790277010 1 COMPLETED
1790277011 1 COMPLETED
1790277013 1 COMPLETED
1790277014 1 COMPLETED
1790277015 1 COMPLETED
1790277016 1 COMPLETED
1790277017 1 COMPLETED
1790277018 1 COMPLETED
1790277019 1 COMPLETED
1790277020 1 COMPLETED
1790277021 1 COMPLETED
1790277022 1 COMPLETED
1790277023 1 COMPLETED
1790277024 1 COMPLETED
1790277025 1 COMPLETED
1790277026 1 COMPLETED
1790277027 1 COMPLETED
1790277028 1 COMPLETED
1790277029 1 COMPLETED
1790277030 1 COMPLETED
1790277031 1 COMPLETED
1790277032 1 COMPLETED
1790277033 1 COMPLETED
1790277034 1 COMPLETED
1790277035 1 COMPLETED
1790277036 1 COMPLETED
1790277038 1 COMPLETED
1790277039 1 COMPLETED
1790277040 1 COMPLETED
1790277041 1 COMPLETED
1790277042 1 COMPLETED
1790277043 1 COMPLETED
1790277044 1 COMPLETED
1790277045 1 COMPLETED
1790277046 1 COMPLETED
1790277047 1 COMPLETED
1790277048 1 COMPLETED
1790277049 1 COMPLETED
1790277050 1 COMPLETED
1790277051 1 COMPLETED
1790277052 1 COMPLETED
1790277053 1 COMPLETED
1790277054 1 COMPLETED
1790277055 1 COMPLETED
1790277056 1 COMPLETED
1790277057 1 COMPLETED
1790277058 1 COMPLETED
1790277060 1 COMPLETED
1790277061 1 COMPLETED
1790277062 1 COMPLETED
1790277063 1 COMPLETED
1790277064 1 COMPLETED
1790277065 1 COMPLETED
1790277066 1 COMPLETED
1790277067 1 COMPLETED
1790277068 1 COMPLETED
1790277069 1 COMPLETED
1790277070 1 COMPLETED
1790277071 1 COMPLETED
1790277072 1 COMPLETED
1790277073 1 COMPLETED
1790277074 1 COMPLETED
1790277075 1 COMPLETED
1790277076 1 COMPLETED
1790277077 1 COMPLETED
1790277078 1 COMPLETED
1790277079 1 COMPLETED
1790277080 1 COMPLETED
1790277081 1 COMPLETED
1790277082 1 COMPLETED
1790277083 1 COMPLETED
1790277085 1 COMPLETED
1790277086 1 COMPLETED
1790277087 1 COMPLETED
1790277088 1 COMPLETED
1790277089 1 COMPLETED
1790277090 1 COMPLETED
1790277091 1 COMPLETED
1790277092 1 COMPLETED
1790277093 1 COMPLETED
1790277094 1 COMPLETED
1790277095 1 COMPLETED
1790277096 1 COMPLETED
1790277097 1 COMPLETED
1790277098 1 COMPLETED
1790277099 1 COMPLETED
1790277100 1 COMPLETED
1790277101 1 COMPLETED
1790277102 1 COMPLETED
1790277103 1 COMPLETED
1790277104 1 COMPLETED
1790277105 1 COMPLETED
1790277106 1 COMPLETED
1790277107 1 COMPLETED
1790277108 1 COMPLETED
1790277109 1 COMPLETED
1790277111 1 COMPLETED
1790277112 1 COMPLETED
1790277113 1 COMPLETED
1790277114 1 COMPLETED
1790277115 1 COMPLETED
1790277116 1 COMPLETED
1790277117 1 COMPLETED
1790277118 1 COMPLETED
1790277119 1 COMPLETED
1790277120 1 COMPLETED
1790277121 1 COMPLETED
1790277122 1 COMPLETED
1790277123 1 COMPLETED
1790277124 1 COMPLETED
1790277125 1 COMPLETED
1790277126 1 COMPLETED
1790277127 1 COMPLETED
1790277128 1 COMPLETED
1790277129 1 COMPLETED
1790277130 1 COMPLETED
1790277131 1 COMPLETED
1790277132 1 COMPLETED
1790277133 1 COMPLETED
1790277134 1 COMPLETED
1790277135 1 COMPLETED
1790277137 1 COMPLETED
1790277138 1 COMPLETED
1790277139 1 COMPLETED
1790277140 1 COMPLETED
1790277141 1 COMPLETED
1790277142 1 COMPLETED
1790277143 1 COMPLETED
1790277144 1 COMPLETED
1790277145 1 COMPLETED
1790277146 1 COMPLETED
1790277147 1 COMPLETED
1790277148 1 COMPLETED
1790277149 1 COMPLETED
1790277150 1 COMPLETED
1790277151 1 COMPLETED
1790277152 1 COMPLETED
1790277153 1 COMPLETED
1790277154 1 COMPLETED
1790277155 1 COMPLETED
1790277156 1 COMPLETED
1790277157 1 COMPLETED
1790277158 1 COMPLETED
1790277159 1 COMPLETED
1790277160 1 COMPLETED
1790277162 1 COMPLETED
1790277163 1 COMPLETED
1790277164 1 COMPLETED
1790277165 1 COMPLETED
1790277166 1 COMPLETED
1790277167 1 COMPLETED
1790277168 1 COMPLETED
1790277169 1 COMPLETED
1790277170 1 COMPLETED
1790277171 1 COMPLETED
1790277172 1 COMPLETED
1790277173 1 COMPLETED
1790277174 1 COMPLETED
1790277175 1 COMPLETED
1790277176 1 COMPLETED
1790277177 1 COMPLETED
1790277178 1 COMPLETED
1790277179 1 COMPLETED
1790277180 1 COMPLETED
1790277181 1 COMPLETED
1790277182 1 COMPLETED
1790277183 1 COMPLETED
1790277184 1 COMPLETED
1790277185 1 COMPLETED
1790277187 1 COMPLETED
1790277188 1 COMPLETED
1790277189 1 COMPLETED
1790277190 1 COMPLETED
1790277191 1 COMPLETED
1790277192 1 COMPLETED
1790277193 1 COMPLETED
1790277194 1 COMPLETED
1790277195 1 COMPLETED
1790277196 1 COMPLETED
1790277197 1 COMPLETED
1790277198 1 COMPLETED
1790277199 1 COMPLETED
1790277200 1 COMPLETED
1790277201 1 COMPLETED
1790277202 1 COMPLETED
1790277203 1 COMPLETED
1790277204 1 COMPLETED
1790277205 1 COMPLETED
1790277206 1 COMPLETED
1790277207 1 COMPLETED
1790277208 1 COMPLETED
1790277209 1 COMPLETED
1790277210 1 COMPLETED
1790277212 1 COMPLETED
1790277213 1 COMPLETED
1790277214 1 COMPLETED
1790277215 1 COMPLETED
1790277216 1 COMPLETED
1790277217 1 COMPLETED
1790277218 1 COMPLETED
1790277219 1 COMPLETED
1790277220 1 COMPLETED
1790277221 1 COMPLETED
1790277222 1 COMPLETED
1790277223 1 COMPLETED
1790277224 1 COMPLETED
1790277225 1 COMPLETED
1790277226 1 COMPLETED
1790277227 1 COMPLETED
1790277228 1 COMPLETED
1790277229 1 COMPLETED
1790277230 1 COMPLETED
1790277231 1 COMPLETED
1790277232 1 COMPLETED
1790277233 1 COMPLETED
1790277235 1 COMPLETED
1790277236 1 COMPLETED
1790277237 1 COMPLETED
1790277238 1 COMPLETED
1790277239 1 COMPLETED
1790277240 1 COMPLETED
1790277241 1 COMPLETED
1790277242 1 COMPLETED
1790277243 1 COMPLETED
1790277244 1 COMPLETED
1790277245 1 COMPLETED
1790277246 1 COMPLETED
1790277247 1 COMPLETED
1790277248 1 COMPLETED
1790277249 1 COMPLETED
1790277250 1 COMPLETED
1790277251 1 COMPLETED
1790277252 1 COMPLETED
1790277253 1 COMPLETED
1790277254 1 COMPLETED
1790277255 1 COMPLETED
1790277256 1 COMPLETED
1790277257 1 COMPLETED
1790277258 1 COMPLETED
1790277259 1 COMPLETED
1790277261 1 COMPLETED
1790277262 1 COMPLETED
1790277263 1 COMPLETED
1790277264 1 COMPLETED
1790277265 1 COMPLETED
1790277266 1 COMPLETED
1790277267 1 COMPLETED
1790277268 1 COMPLETED
1790277269 1 COMPLETED
1790277270 1 COMPLETED
1790277271 1 COMPLETED
1790277272 1 COMPLETED
1790277273 1 COMPLETED
1790277274 1 COMPLETED
1790277275 1 COMPLETED
1790277276 1 COMPLETED
1790277277 1 COMPLETED
1790277278 1 COMPLETED
1790277279 1 COMPLETED
1790277280 1 COMPLETED
1790277281 1 COMPLETED
1790277282 1 COMPLETED
1790277283 1 COMPLETED
1790277285 1 COMPLETED
1790277286 1 COMPLETED
1790277287 1 COMPLETED
1790277288 1 COMPLETED
1790277289 1 COMPLETED
1790277290 1 COMPLETED
1790277291 1 COMPLETED
1790277292 1 COMPLETED
1790277293 1 COMPLETED
1790277294 1 COMPLETED
1790277295 1 COMPLETED
1790277296 1 COMPLETED
1790277297 1 COMPLETED
1790277298 1 COMPLETED
1790277299 1 COMPLETED
1790277300 1 COMPLETED
1790277301 1 COMPLETED
1790277302 1 COMPLETED
1790277303 1 COMPLETED
1790277304 1 COMPLETED
1790277305 1 COMPLETED
1790277306 1 COMPLETED
1790277307 1 COMPLETED
1790277308 1 COMPLETED
1790277310 1 COMPLETED
1790277311 1 COMPLETED
1790277312 1 COMPLETED
1790277313 1 COMPLETED
1790277314 1 COMPLETED
1790277315 1 COMPLETED
1790277316 1 COMPLETED
1790277317 1 COMPLETED
1790277318 1 COMPLETED
1790277319 1 COMPLETED
1790277320 1 COMPLETED
1790277321 1 COMPLETED
1790277322 1 COMPLETED
1790277323 1 COMPLETED
1790277324 1 COMPLETED
1790277325 1 COMPLETED
1790277326 1 COMPLETED
1790277327 1 COMPLETED
1790277328 1 COMPLETED
1790277329 1 COMPLETED
1790277330 1 COMPLETED
1790277331 1 COMPLETED
1790277332 1 COMPLETED
1790277334 1 COMPLETED
1790277335 1 COMPLETED
1790277336 1 COMPLETED
1790277337 1 COMPLETED
1790277338 1 COMPLETED
1790277339 1 COMPLETED
1790277340 1 COMPLETED
1790277341 1 COMPLETED
1790277342 1 COMPLETED
1790277343 1 COMPLETED
1790277344 1 COMPLETED
1790277345 1 COMPLETED
1790277346 1 COMPLETED
1790277347 1 COMPLETED
1790277348 1 COMPLETED
1790277349 1 COMPLETED
1790277350 1 COMPLETED
1790277351 1 COMPLETED
1790277353 0 DISCONNECTED
1790277355 0 DISCONNECTED
1790277357 0 DISCONNECTED
1790277359 0 DISCONNECTED
1790277361 0 DISCONNECTED
1790277363 0 DISCONNECTED
1790277365 0 DISCONNECTED
1790277367 0 DISCONNECTED
1790277369 0 DISCONNECTED
1790277371 0 DISCONNECTED
1790277373 0 DISCONNECTED
1790277375 0 DISCONNECTED
1790277377 0 DISCONNECTED
1790277379 0 DISCONNECTED
1790277381 0 DISCONNECTED
1790277383 0 DISCONNECTED
1790277385 0 DISCONNECTED
1790277387 0 DISCONNECTED
1790277389 0 DISCONNECTED
1790277391 0 DISCONNECTED
1790277394 0 SCANNING
1790277396 0 SCANNING
1790277398 0 SCANNING
1790277400 0 SCANNING
1790277402 0 SCANNING
1790277404 0 SCANNING
1790277405 1 COMPLETED
1790277406 1 COMPLETED
1790277407 1 COMPLETED
1790277408 1 COMPLETED
1790277409 1 COMPLETED
1790277410 1 COMPLETED
1790277411 1 COMPLETED
1790277412 1 COMPLETED
1790277413 1 COMPLETED
1790277414 1 COMPLETED
1790277415 1 COMPLETED
1790277416 1 COMPLETED
1790277417 1 COMPLETED
1790277418 1 COMPLETED
1790277419 1 COMPLETED
1790277420 1 COMPLETED
1790277421 1 COMPLETED
1790277422 1 COMPLETED
1790277423 1 COMPLETED
1790277424 1 COMPLETED
1790277425 1 COMPLETED
1790277426 1 COMPLETED
1790277427 1 COMPLETED
1790277429 1 COMPLETED
1790277430 1 COMPLETED
1790277431 1 COMPLETED
1790277432 1 COMPLETED
1790277433 1 COMPLETED
1790277434 1 COMPLETED
1790277435 1 COMPLETED
1790277436 1 COMPLETED
1790277437 1 COMPLETED
1790277438 1 COMPLETED
1790277439 1 COMPLETED
1790277440 1 COMPLETED
1790277441 1 COMPLETED
1790277442 1 COMPLETED
1790277443 1 COMPLETED
1790277444 1 COMPLETED
1790277445 1 COMPLETED
1790277446 1 COMPLETED
1790277447 1 COMPLETED
1790277448 1 COMPLETED
1790277449 1 COMPLETED
1790277450 1 COMPLETED
1790277451 1 COMPLETED
1790277452 1 COMPLETED
1790277454 1 COMPLETED
1790277455 1 COMPLETED
1790277456 1 COMPLETED
1790277457 1 COMPLETED
1790277458 1 COMPLETED
1790277459 1 COMPLETED
1790277460 1 COMPLETED
1790277461 1 COMPLETED
1790277462 1 COMPLETED
1790277463 1 COMPLETED
1790277464 1 COMPLETED
1790277465 1 COMPLETED
1790277466 1 COMPLETED
1790277467 1 COMPLETED
1790277468 1 COMPLETED
1790277469 1 COMPLETED
1790277470 1 COMPLETED
1790277471 1 COMPLETED
1790277472 1 COMPLETED
1790277473 1 COMPLETED
1790277474 1 COMPLETED
1790277475 1 COMPLETED
1790277476 1 COMPLETED
1790277477 1 COMPLETED
1790277478 1 COMPLETED
1790277480 1 COMPLETED
1790277481 1 COMPLETED
1790277482 1 COMPLETED
1790277483 1 COMPLETED
1790277484 1 COMPLETED
1790277485 1 COMPLETED
1790277486 1 COMPLETED
1790277487 1 COMPLETED
1790277488 1 COMPLETED
1790277489 1 COMPLETED
1790277490 1 COMPLETED
1790277491 1 COMPLETED
1790277492 1 COMPLETED
1790277493 1 COMPLETED
1790277494 1 COMPLETED
1790277495 1 COMPLETED
1790277496 1 COMPLETED
1790277497 1 COMPLETED
1790277498 1 COMPLETED
1790277499 1 COMPLETED
1790277500 1 COMPLETED
1790277501 1 COMPLETED
1790277502 1 COMPLETED
1790277503 1 COMPLETED
1790277505 1 COMPLETED
1790277506 1 COMPLETED
1790277507 1 COMPLETED
1790277508 1 COMPLETED
1790277509 1 COMPLETED
1790277510 1 COMPLETED
1790277511 1 COMPLETED
1790277512 1 COMPLETED
1790277513 1 COMPLETED
1790277514 1 COMPLETED
1790277515 1 COMPLETED
1790277516 1 COMPLETED
1790277517 1 COMPLETED
1790277518 1 COMPLETED
1790277519 1 COMPLETED
1790277520 1 COMPLETED
1790277521 1 COMPLETED
1790277522 1 COMPLETED
1790277523 1 COMPLETED
1790277524 1 COMPLETED
1790277525 1 COMPLETED
1790277526 1 COMPLETED
1790277527 1 COMPLETED
1790277528 1 COMPLETED
1790277530 1 COMPLETED
1790277531 1 COMPLETED
1790277532 1 COMPLETED
1790277533 1 COMPLETED
1790277534 1 COMPLETED
1790277535 1 COMPLETED
1790277536 1 COMPLETED
1790277537 1 COMPLETED
1790277538 1 COMPLETED
1790277539 1 COMPLETED
1790277540 1 COMPLETED
1790277541 1 COMPLETED
1790277542 1 COMPLETED
1790277543 1 COMPLETED
1790277544 1 COMPLETED
1790277545 1 COMPLETED
1790277546 1 COMPLETED
1790277547 1 COMPLETED
1790277548 1 COMPLETED
1790277549 1 COMPLETED
1790277550 1 COMPLETED
1790277551 1 COMPLETED
1790277552 1 COMPLETED
1790277553 1 COMPLETED
1790277554 1 COMPLETED
1790277555 1 COMPLETED
1790277557 1 COMPLETED
1790277558 1 COMPLETED
1790277559 1 COMPLETED
1790277560 1 COMPLETED
1790277561 1 COMPLETED
1790277562 1 COMPLETED
1790277563 1 COMPLETED
