1790267925 1 COMPLETED
1790267926 1 COMPLETED
1790267927 1 COMPLETED
1790267928 1 COMPLETED
1790267930 1 COMPLETED
1790267931 1 COMPLETED
1790267932 1 COMPLETED
1790267933 1 COMPLETED
1790267934 1 COMPLETED
1790267935 1 COMPLETED
1790267936 1 COMPLETED
1790267937 1 COMPLETED
1790267938 1 COMPLETED
1790267939 1 COMPLETED
1790267940 1 COMPLETED
1790267941 1 COMPLETED
1790267942 1 COMPLETED
1790267943 1 COMPLETED
1790267944 1 COMPLETED
1790267945 1 COMPLETED
1790267946 1 COMPLETED
1790267948 1 COMPLETED
1790267949 1 COMPLETED
1790267950 1 COMPLETED
1790267951 1 COMPLETED
1790267952 1 COMPLETED
1790267953 1 COMPLETED
1790267954 1 COMPLETED
1790267955 1 COMPLETED
1790267956 1 COMPLETED
1790267957 1 COMPLETED
1790267958 1 COMPLETED
1790267959 1 COMPLETED
1790267960 1 COMPLETED
1790267961 1 COMPLETED
1790267962 1 COMPLETED
1790267963 1 COMPLETED
1790267964 1 COMPLETED
1790267965 1 COMPLETED
1790267966 1 COMPLETED
1790267968 1 COMPLETED
1790267969 1 COMPLETED
1790267970 1 COMPLETED
1790267971 1 COMPLETED
1790267972 1 COMPLETED
1790267973 1 COMPLETED
1790267974 1 COMPLETED
1790267975 1 COMPLETED
1790267976 1 COMPLETED
1790267977 1 COMPLETED
1790267978 1 COMPLETED
1790267979 1 COMPLETED
1790267980 1 COMPLETED
1790267981 1 COMPLETED
1790267982 1 COMPLETED
1790267983 1 COMPLETED
1790267984 1 COMPLETED
1790267985 1 COMPLETED
1790267986 1 COMPLETED
1790267988 1 COMPLETED
1790267989 1 COMPLETED
1790267990 1 COMPLETED
1790267991 1 COMPLETED
1790267992 1 COMPLETED
1790267993 1 COMPLETED
1790267994 1 COMPLETED
1790267995 1 COMPLETED
1790267996 1 COMPLETED
1790267997 1 COMPLETED
1790267998 1 COMPLETED
1790267999 1 COMPLETED
1790268000 1 COMPLETED
1790268001 1 COMPLETED
1790268002 1 COMPLETED
1790268003 1 COMPLETED
1790268004 1 COMPLETED
1790268005 1 COMPLETED
1790268006 1 COMPLETED
1790268007 1 COMPLETED
1790268009 1 COMPLETED
1790268010 1 COMPLETED
1790268011 1 COMPLETED
1790268012 1 COMPLETED
1790268013 1 COMPLETED
1790268014 1 COMPLETED
1790268015 1 COMPLETED
1790268016 1 COMPLETED
1790268017 1 COMPLETED
1790268018 1 COMPLETED
1790268019 1 COMPLETED
1790268020 1 COMPLETED
1790268021 1 COMPLETED
1790268022 1 COMPLETED
1790268023 1 COMPLETED
1790268024 1 COMPLETED
1790268026 1 COMPLETED
1790268027 1 COMPLETED
1790268028 1 COMPLETED
1790268029 1 COMPLETED
1790268030 1 COMPLETED
1790268031 1 COMPLETED
1790268032 1 COMPLETED
1790268033 1 COMPLETED
1790268034 1 COMPLETED
1790268035 1 COMPLETED
1790268036 1 COMPLETED
1790268037 1 COMPLETED
1790268038 1 COMPLETED
1790268039 1 COMPLETED
1790268040 1 COMPLETED
1790268041 1 COMPLETED
1790268042 1 COMPLETED
1790268044 1 COMPLETED
1790268045 1 COMPLETED
1790268046 1 COMPLETED
1790268047 1 COMPLETED
1790268048 1 COMPLETED
1790268049 1 COMPLETED
1790268050 1 COMPLETED
1790268051 1 COMPLETED
1790268052 1 COMPLETED
1790268053 1 COMPLETED
1790268054 1 COMPLETED
1790268055 1 COMPLETED
1790268056 1 COMPLETED
1790268057 1 COMPLETED
1790268058 1 COMPLETED
1790268059 1 COMPLETED
1790268060 1 COMPLETED
1790268061 1 COMPLETED
1790268062 1 COMPLETED
1790268063 1 COMPLETED
1790268064 1 COMPLETED
1790268065 1 COMPLETED
1790268066 1 COMPLETED
1790268067 1 COMPLETED
1790268068 1 COMPLETED
1790268069 1 COMPLETED
1790268071 1 COMPLETED
1790268072 1 COMPLETED
1790268073 1 COMPLETED
1790268074 1 COMPLETED
1790268075 1 COMPLETED
1790268076 1 COMPLETED
1790268077 1 COMPLETED
1790268078 1 COMPLETED
1790268079 1 COMPLETED
1790268080 1 COMPLETED
1790268081 1 COMPLETED
1790268082 1 COMPLETED
1790268083 1 COMPLETED
1790268084 1 COMPLETED
1790268085 1 COMPLETED
1790268086 1 COMPLETED
1790268087 1 COMPLETED
1790268088 1 COMPLETED
1790268089 1 COMPLETED
1790268090 1 COMPLETED
1790268091 1 COMPLETED
1790268092 1 COMPLETED
1790268093 1 COMPLETED
1790268094 1 COMPLETED
1790268095 1 COMPLETED
1790268096 1 COMPLETED
1790268098 1 COMPLETED
1790268099 1 COMPLETED
1790268100 1 COMPLETED
1790268101 1 COMPLETED
1790268102 1 COMPLETED
1790268103 1 COMPLETED
1790268104 1 COMPLETED
1790268105 1 COMPLETED
1790268106 1 COMPLETED
1790268107 1 COMPLETED
1790268108 1 COMPLETED
1790268109 1 COMPLETED
1790268110 1 COMPLETED
1790268111 1 COMPLETED
1790268112 1 COMPLETED
1790268113 1 COMPLETED
1790268114 1 COMPLETED
1790268115 1 COMPLETED
1790268116 1 COMPLETED
1790268117 1 COMPLETED
1790268118 1 COMPLETED
1790268119 1 COMPLETED
1790268120 1 COMPLETED
1790268121 1 COMPLETED
1790268122 1 COMPLETED
1790268124 1 COMPLETED
1790268125 1 COMPLETED
1790268126 1 COMPLETED
1790268127 1 COMPLETED
1790268128 1 COMPLETED
1790268129 1 COMPLETED
1790268130 1 COMPLETED
1790268131 1 COMPLETED
1790268132 1 COMPLETED
1790268133 1 COMPLETED
1790268134 1 COMPLETED
1790268135 1 COMPLETED
1790268136 1 COMPLETED
1790268137 1 COMPLETED
1790268138 1 COMPLETED
1790268139 1 COMPLETED
1790268140 1 COMPLETED
1790268141 1 COMPLETED
1790268142 1 COMPLETED
1790268143 1 COMPLETED
1790268144 1 COMPLETED
1790268145 1 COMPLETED
1790268146 1 COMPLETED
1790268147 1 COMPLETED
1790268148 1 COMPLETED
1790268149 1 COMPLETED
1790268151 1 COMPLETED
1790268152 1 COMPLETED
1790268153 1 COMPLETED
1790268154 1 COMPLETED
1790268155 1 COMPLETED
1790268156 1 COMPLETED
1790268157 1 COMPLETED
1790268158 1 COMPLETED
1790268159 1 COMPLETED
1790268160 1 COMPLETED
1790268161 1 COMPLETED
1790268162 1 COMPLETED
1790268163 1 COMPLETED
1790268164 1 COMPLETED
1790268165 1 COMPLETED
1790268166 1 COMPLETED
1790268167 1 COMPLETED
1790268168 1 COMPLETED
1790268169 1 COMPLETED
1790268170 1 COMPLETED
1790268171 1 COMPLETED
1790268172 1 COMPLETED
1790268173 1 COMPLETED
1790268174 1 COMPLETED
1790268176 1 COMPLETED
1790268177 1 COMPLETED
1790268178 1 COMPLETED
1790268179 1 COMPLETED
1790268180 1 COMPLETED
1790268181 1 COMPLETED
1790268182 1 COMPLETED
1790268183 1 COMPLETED
1790268184 1 COMPLETED
1790268185 1 COMPLETED
1790268186 1 COMPLETED
1790268187 1 COMPLETED
1790268188 1 COMPLETED
1790268189 1 COMPLETED
1790268190 1 COMPLETED
1790268191 1 COMPLETED
1790268192 1 COMPLETED
1790268193 1 COMPLETED
1790268194 1 COMPLETED
1790268195 1 COMPLETED
1790268196 1 COMPLETED
1790268198 1 COMPLETED
1790268199 1 COMPLETED
1790268200 1 COMPLETED
1790268201 1 COMPLETED
1790268202 1 COMPLETED
1790268203 1 COMPLETED
1790268204 1 COMPLETED
1790268205 1 COMPLETED
1790268206 1 COMPLETED
1790268207 1 COMPLETED
1790268208 1 COMPLETED
1790268209 1 COMPLETED
1790268210 1 COMPLETED
1790268211 1 COMPLETED
1790268212 1 COMPLETED
1790268213 1 COMPLETED
1790268214 1 COMPLETED
1790268215 1 COMPLETED
1790268216 1 COMPLETED
1790268217 1 COMPLETED
1790268218 1 COMPLETED
1790268219 1 COMPLETED
1790268220 1 COMPLETED
1790268221 1 COMPLETED
1790268222 1 COMPLETED
1790268223 1 COMPLETED
1790268225 1 COMPLETED
1790268226 1 COMPLETED
1790268227 1 COMPLETED
1790268228 1 COMPLETED
1790268229 1 COMPLETED
1790268230 1 COMPLETED
1790268231 1 COMPLETED
1790268232 1 COMPLETED
1790268233 1 COMPLETED
1790268234 1 COMPLETED
1790268235 1 COMPLETED
1790268236 1 COMPLETED
1790268237 1 COMPLETED
1790268238 1 COMPLETED
1790268239 1 COMPLETED
1790268240 1 COMPLETED
1790268241 1 COMPLETED
1790268242 1 COMPLETED
1790268243 1 COMPLETED
1790268244 1 COMPLETED
1790268245 1 COMPLETED
1790268246 1 COMPLETED
1790268247 1 COMPLETED
1790268249 1 COMPLETED
1790268250 1 COMPLETED
1790268251 1 COMPLETED
1790268252 1 COMPLETED
1790268253 1 COMPLETED
1790268254 1 COMPLETED
1790268255 1 COMPLETED
1790268256 1 COMPLETED
1790268257 1 COMPLETED
1790268258 1 COMPLETED
1790268259 1 COMPLETED
1790268260 1 COMPLETED
1790268261 1 COMPLETED
1790268262 1 COMPLETED
1790268263 1 COMPLETED
1790268264 1 COMPLETED
1790268265 1 COMPLETED
1790268266 1 COMPLETED
1790268267 1 COMPLETED
1790268268 1 COMPLETED
1790268269 1 COMPLETED
1790268270 1 COMPLETED
1790268271 1 COMPLETED
1790268272 1 COMPLETED
1790268274 1 COMPLETED
1790268275 1 COMPLETED
1790268276 1 COMPLETED
1790268277 1 COMPLETED
1790268278 1 COMPLETED
1790268279 1 COMPLETED
1790268280 1 COMPLETED
1790268281 1 COMPLETED
1790268282 1 COMPLETED
1790268283 1 COMPLETED
1790268284 1 COMPLETED
1790268285 1 COMPLETED
1790268286 1 COMPLETED
1790268287 1 COMPLETED
1790268288 1 COMPLETED
1790268289 1 COMPLETED
1790268290 1 COMPLETED
1790268291 1 COMPLETED
1790268292 1 COMPLETED
1790268293 1 COMPLETED
1790268294 1 COMPLETED
1790268295 1 COMPLETED
1790268296 1 COMPLETED
1790268297 1 COMPLETED
1790268298 1 COMPLETED
1790268299 1 COMPLETED
1790268301 1 COMPLETED
1790268302 1 COMPLETED
1790268303 1 COMPLETED
1790268304 1 COMPLETED
1790268305 1 COMPLETED
1790268306 1 COMPLETED
1790268307 1 COMPLETED
1790268308 1 COMPLETED
1790268309 1 COMPLETED
1790268310 1 COMPLETED
1790268311 1 COMPLETED
1790268312 1 COMPLETED
1790268313 1 COMPLETED
1790268314 1 COMPLETED
1790268315 1 COMPLETED
1790268316 1 COMPLETED
1790268317 1 COMPLETED
1790268318 1 COMPLETED
1790268319 1 COMPLETED
1790268320 1 COMPLETED
1790268321 1 COMPLETED
1790268322 1 COMPLETED
1790268323 1 COMPLETED
1790268324 1 COMPLETED
1790268326 1 COMPLETED
1790268327 1 COMPLETED
1790268328 1 COMPLETED
1790268329 1 COMPLETED
1790268330 1 COMPLETED
1790268331 1 COMPLETED
1790268332 1 COMPLETED
1790268333 1 COMPLETED
1790268334 1 COMPLETED
1790268335 1 COMPLETED
1790268336 1 COMPLETED
1790268337 1 COMPLETED
1790268338 1 COMPLETED
1790268339 1 COMPLETED
1790268340 1 COMPLETED
1790268341 1 COMPLETED
1790268342 1 COMPLETED
1790268343 1 COMPLETED
1790268344 1 COMPLETED
1790268345 1 COMPLETED
1790268346 1 COMPLETED
1790268347 1 COMPLETED
1790268348 1 COMPLETED
1790268349 1 COMPLETED
1790268350 1 COMPLETED
1790268351 1 COMPLETED
1790268353 1 COMPLETED
1790268354 1 COMPLETED
1790268355 1 COMPLETED
1790268356 1 COMPLETED
1790268357 1 COMPLETED
1790268358 1 COMPLETED
1790268359 1 COMPLETED
1790268360 1 COMPLETED
1790268361 1 COMPLETED
1790268362 1 COMPLETED
1790268363 1 COMPLETED
1790268364 1 COMPLETED
1790268365 1 COMPLETED
1790268366 1 COMPLETED
1790268367 1 COMPLETED
1790268368 1 COMPLETED
1790268369 1 COMPLETED
1790268370 1 COMPLETED
1790268371 1 COMPLETED
1790268372 1 COMPLETED
1790268373 1 COMPLETED
1790268374 1 COMPLETED
1790268375 1 COMPLETED
1790268376 1 COMPLETED
1790268377 1 COMPLETED
1790268378 1 COMPLETED
1790268380 1 COMPLETED
1790268381 1 COMPLETED
1790268382 1 COMPLETED
1790268383 1 COMPLETED
1790268384 1 COMPLETED
1790268385 1 COMPLETED
1790268386 1 COMPLETED
1790268387 1 COMPLETED
1790268388 1 COMPLETED
1790268389 1 COMPLETED
1790268390 1 COMPLETED
1790268391 1 COMPLETED
1790268392 1 COMPLETED
1790268393 1 COMPLETED
1790268394 1 COMPLETED
1790268395 1 COMPLETED
1790268396 1 COMPLETED
1790268397 1 COMPLETED
1790268398 1 COMPLETED
1790268399 1 COMPLETED
1790268400 1 COMPLETED
1790268401 1 COMPLETED
1790268402 1 COMPLETED
1790268403 1 COMPLETED
1790268404 1 COMPLETED
1790268405 1 COMPLETED
1790268407 1 COMPLETED
1790268408 1 COMPLETED
1790268409 1 COMPLETED
1790268410 1 COMPLETED
1790268411 1 COMPLETED
1790268412 1 COMPLETED
1790268413 1 COMPLETED
1790268414 1 COMPLETED
1790268415 1 COMPLETED
1790268416 1 COMPLETED
1790268417 1 COMPLETED
1790268418 1 COMPLETED
1790268419 1 COMPLETED
1790268420 1 COMPLETED
1790268421 1 COMPLETED
1790268422 1 COMPLETED
1790268423 1 COMPLETED
1790268424 1 COMPLETED
1790268425 1 COMPLETED
1790268426 1 COMPLETED
1790268427 1 COMPLETED
1790268428 1 COMPLETED
1790268429 1 COMPLETED
1790268430 1 COMPLETED
1790268431 1 COMPLETED
1790268433 1 COMPLETED
1790268434 1 COMPLETED
1790268435 1 COMPLETED
1790268436 1 COMPLETED
1790268437 1 COMPLETED
1790268438 1 COMPLETED
1790268439 1 COMPLETED
1790268440 1 COMPLETED
1790268441 1 COMPLETED
1790268442 1 COMPLETED
1790268443 1 COMPLETED
1790268444 1 COMPLETED
1790268445 1 COMPLETED
1790268446 1 COMPLETED
1790268447 1 COMPLETED
1790268448 1 COMPLETED
1790268449 1 COMPLETED
1790268450 1 COMPLETED
1790268451 1 COMPLETED
1790268452 1 COMPLETED
1790268453 1 COMPLETED
1790268454 1 COMPLETED
1790268455 1 COMPLETED
1790268456 1 COMPLETED
1790268457 1 COMPLETED
1790268458 1 COMPLETED
1790268460 1 COMPLETED
1790268461 1 COMPLETED
1790268462 1 COMPLETED
1790268463 1 COMPLETED
1790268464 1 COMPLETED
1790268465 1 COMPLETED
1790268466 1 COMPLETED
1790268467 1 COMPLETED
1790268468 1 COMPLETED
1790268469 1 COMPLETED
1790268470 1 COMPLETED
1790268471 1 COMPLETED
1790268472 1 COMPLETED
1790268473 1 COMPLETED
1790268474 1 COMPLETED
1790268475 1 COMPLETED
1790268476 1 COMPLETED
1790268477 1 COMPLETED
1790268478 1 COMPLETED
1790268479 1 COMPLETED
1790268480 1 COMPLETED
1790268481 1 COMPLETED
1790268482 1 COMPLETED
1790268483 1 COMPLETED
1790268484 1 COMPLETED
1790268486 1 COMPLETED
1790268487 1 COMPLETED
1790268488 1 COMPLETED
1790268489 1 COMPLETED
1790268490 1 COMPLETED
1790268491 1 COMPLETED
1790268492 1 COMPLETED
1790268493 1 COMPLETED
1790268494 1 COMPLETED
1790268495 1 COMPLETED
1790268496 1 COMPLETED
1790268497 1 COMPLETED
1790268498 1 COMPLETED
1790268499 1 COMPLETED
1790268500 1 COMPLETED
1790268501 1 COMPLETED
1790268502 1 COMPLETED
1790268503 1 COMPLETED
1790268504 1 COMPLETED
1790268505 1 COMPLETED
1790268506 1 COMPLETED
1790268507 1 COMPLETED
1790268508 1 COMPLETED
1790268509 1 COMPLETED
1790268510 1 COMPLETED
1790268511 1 COMPLETED
1790268513 1 COMPLETED
1790268514 1 COMPLETED
1790268515 1 COMPLETED
1790268516 1 COMPLETED
1790268517 1 COMPLETED
1790268518 1 COMPLETED
1790268519 1 COMPLETED
1790268520 1 COMPLETED
1790268521 1 COMPLETED
1790268522 1 COMPLETED
1790268523 1 COMPLETED
1790268524 1 COMPLETED
1790268525 1 COMPLETED
1790268526 1 COMPLETED
1790268527 1 COMPLETED
1790268528 1 COMPLETED
1790268529 1 COMPLETED
1790268530 1 COMPLETED
1790268531 1 COMPLETED
1790268532 1 COMPLETED
1790268533 1 COMPLETED
1790268534 1 COMPLETED
1790268535 1 COMPLETED
1790268537 1 COMPLETED
1790268538 1 COMPLETED
1790268539 1 COMPLETED
1790268540 1 COMPLETED
1790268541 1 COMPLETED
1790268542 1 COMPLETED
1790268543 1 COMPLETED
1790268544 1 COMPLETED
1790268545 1 COMPLETED
1790268546 1 COMPLETED
1790268547 1 COMPLETED
1790268548 1 COMPLETED
1790268549 1 COMPLETED
1790268550 1 COMPLETED
1790268551 1 COMPLETED
1790268552 1 COMPLETED
1790268553 1 COMPLETED
1790268554 1 COMPLETED
1790268555 1 COMPLETED
1790268556 1 COMPLETED
1790268557 1 COMPLETED
1790268558 1 COMPLETED
1790268559 1 COMPLETED
1790268560 1 COMPLETED
1790268561 1 COMPLETED
1790268563 1 COMPLETED
1790268564 1 COMPLETED
1790268565 1 COMPLETED
1790268566 1 COMPLETED
1790268567 1 COMPLETED
1790268568 1 COMPLETED
1790268569 1 COMPLETED
1790268570 1 COMPLETED
1790268571 1 COMPLETED
1790268572 1 COMPLETED
1790268573 1 COMPLETED
1790268574 1 COMPLETED
1790268575 1 COMPLETED
1790268576 1 COMPLETED
1790268577 1 COMPLETED
1790268578 1 COMPLETED
1790268579 1 COMPLETED
1790268580 1 COMPLETED
1790268581 1 COMPLETED
1790268582 1 COMPLETED
1790268583 1 COMPLETED
1790268584 1 COMPLETED
1790268585 1 COMPLETED
1790268586 1 COMPLETED
1790268587 1 COMPLETED
1790268589 1 COMPLETED
1790268590 1 COMPLETED
1790268591 1 COMPLETED
1790268592 1 COMPLETED
1790268593 1 COMPLETED
1790268594 1 COMPLETED
1790268595 1 COMPLETED
1790268596 1 COMPLETED
1790268597 1 COMPLETED
1790268598 1 COMPLETED
1790268599 1 COMPLETED
1790268600 1 COMPLETED
1790268601 1 COMPLETED
1790268602 1 COMPLETED
1790268603 1 COMPLETED
1790268604 1 COMPLETED
1790268605 1 COMPLETED
1790268606 1 COMPLETED
1790268607 1 COMPLETED
1790268608 1 COMPLETED
1790268609 1 COMPLETED
1790268610 1 COMPLETED
1790268611 1 COMPLETED
1790268612 1 COMPLETED
1790268613 1 COMPLETED
1790268614 1 COMPLETED
1790268616 1 COMPLETED
1790268617 1 COMPLETED
1790268618 1 COMPLETED
1790268619 1 COMPLETED
1790268620 1 COMPLETED
1790268621 1 COMPLETED
1790268622 1 COMPLETED
1790268623 1 COMPLETED
1790268624 1 COMPLETED
1790268625 1 COMPLETED
1790268626 1 COMPLETED
1790268627 1 COMPLETED
1790268628 1 COMPLETED
1790268629 1 COMPLETED
1790268630 1 COMPLETED
1790268631 1 COMPLETED
1790268632 1 COMPLETED
1790268633 1 COMPLETED
1790268634 1 COMPLETED
1790268635 1 COMPLETED
1790268636 1 COMPLETED
1790268637 1 COMPLETED
1790268638 1 COMPLETED
1790268639 1 COMPLETED
1790268640 1 COMPLETED
1790268642 1 COMPLETED
1790268643 1 COMPLETED
1790268644 1 COMPLETED
1790268645 1 COMPLETED
1790268646 1 COMPLETED
1790268647 1 COMPLETED
1790268648 1 COMPLETED
1790268649 1 COMPLETED
1790268650 1 COMPLETED
1790268651 1 COMPLETED
1790268652 1 COMPLETED
1790268653 1 COMPLETED
1790268654 1 COMPLETED
1790268655 1 COMPLETED
1790268656 1 COMPLETED
1790268657 1 COMPLETED
1790268658 1 COMPLETED
1790268659 1 COMPLETED
1790268660 1 COMPLETED
1790268661 1 COMPLETED
1790268662 1 COMPLETED
1790268663 1 COMPLETED
1790268664 1 COMPLETED
1790268665 1 COMPLETED
1790268666 1 COMPLETED
1790268667 1 COMPLETED
1790268669 1 COMPLETED
1790268670 1 COMPLETED
1790268671 1 COMPLETED
1790268672 1 COMPLETED
1790268673 1 COMPLETED
1790268674 1 COMPLETED
1790268675 1 COMPLETED
1790268676 1 COMPLETED
1790268677 1 COMPLETED
1790268678 1 COMPLETED
1790268679 1 COMPLETED
1790268680 1 COMPLETED
1790268681 1 COMPLETED
1790268682 1 COMPLETED
1790268683 1 COMPLETED
1790268684 1 COMPLETED
1790268685 1 COMPLETED
1790268686 1 COMPLETED
1790268687 1 COMPLETED
1790268688 1 COMPLETED
1790268689 1 COMPLETED
1790268690 1 COMPLETED
1790268691 1 COMPLETED
1790268692 1 COMPLETED
1790268693 1 COMPLETED
1790268695 1 COMPLETED
1790268696 1 COMPLETED
1790268697 1 COMPLETED
1790268698 1 COMPLETED
1790268699 1 COMPLETED
1790268700 1 COMPLETED
1790268701 1 COMPLETED
1790268702 1 COMPLETED
1790268703 1 COMPLETED
1790268704 1 COMPLETED
1790268705 1 COMPLETED
1790268706 1 COMPLETED
1790268707 1 COMPLETED
1790268708 1 COMPLETED
1790268709 1 COMPLETED
1790268710 1 COMPLETED
1790268711 1 COMPLETED
1790268712 1 COMPLETED
1790268713 1 COMPLETED
1790268714 1 COMPLETED
1790268715 1 COMPLETED
1790268716 1 COMPLETED
1790268717 1 COMPLETED
1790268718 1 COMPLETED
1790268719 1 COMPLETED
1790268720 1 COMPLETED
1790268722 1 COMPLETED
1790268723 1 COMPLETED
1790268724 1 COMPLETED
1790268725 1 COMPLETED
1790268726 1 COMPLETED
1790268727 1 COMPLETED
1790268728 1 COMPLETED
1790268729 1 COMPLETED
1790268730 1 COMPLETED
1790268731 1 COMPLETED
1790268732 1 COMPLETED
1790268733 1 COMPLETED
1790268734 1 COMPLETED
1790268735 1 COMPLETED
1790268736 1 COMPLETED
1790268737 1 COMPLETED
1790268738 1 COMPLETED
1790268739 1 COMPLETED
1790268740 1 COMPLETED
1790268741 1 COMPLETED
1790268742 1 COMPLETED
1790268743 1 COMPLETED
1790268744 1 COMPLETED
1790268745 1 COMPLETED
1790268746 1 COMPLETED
1790268747 1 COMPLETED
1790268748 1 COMPLETED
1790268750 1 COMPLETED
1790268751 1 COMPLETED
1790268752 1 COMPLETED
1790268753 1 COMPLETED
1790268754 1 COMPLETED
1790268755 1 COMPLETED
1790268756 1 COMPLETED
1790268757 1 COMPLETED
1790268758 1 COMPLETED
1790268759 1 COMPLETED
1790268760 1 COMPLETED
1790268761 1 COMPLETED
1790268762 1 COMPLETED
1790268763 1 COMPLETED
1790268764 1 COMPLETED
1790268765 1 COMPLETED
1790268766 1 COMPLETED
1790268767 1 COMPLETED
1790268768 1 COMPLETED
1790268769 1 COMPLETED
1790268770 1 COMPLETED
1790268771 1 COMPLETED
1790268772 1 COMPLETED
1790268773 1 COMPLETED
1790268774 1 COMPLETED
1790268775 1 COMPLETED
1790268777 1 COMPLETED
1790268778 1 COMPLETED
1790268779 1 COMPLETED
1790268780 1 COMPLETED
1790268781 1 COMPLETED
1790268782 1 COMPLETED
1790268783 1 COMPLETED
1790268784 1 COMPLETED
1790268785 1 COMPLETED
1790268786 1 COMPLETED
1790268787 1 COMPLETED
1790268788 1 COMPLETED
1790268789 1 COMPLETED
1790268790 1 COMPLETED
1790268791 1 COMPLETED
1790268792 1 COMPLETED
1790268793 1 COMPLETED
1790268794 1 COMPLETED
1790268795 1 COMPLETED
1790268796 1 COMPLETED
1790268797 1 COMPLETED
1790268798 1 COMPLETED
1790268799 1 COMPLETED
1790268800 1 COMPLETED
1790268801 1 COMPLETED
1790268803 1 COMPLETED
1790268804 1 COMPLETED
1790268805 1 COMPLETED
1790268806 1 COMPLETED
1790268807 1 COMPLETED
1790268808 1 COMPLETED
1790268809 1 COMPLETED
1790268810 1 COMPLETED
1790268811 1 COMPLETED
1790268812 1 COMPLETED
1790268813 1 COMPLETED
1790268814 1 COMPLETED
1790268815 1 COMPLETED
1790268816 1 COMPLETED
1790268817 1 COMPLETED
1790268818 1 COMPLETED
1790268819 1 COMPLETED
1790268820 1 COMPLETED
1790268821 1 COMPLETED
1790268822 1 COMPLETED
1790268823 1 COMPLETED
1790268824 1 COMPLETED
1790268826 1 COMPLETED
1790268827 1 COMPLETED
1790268828 1 COMPLETED
1790268829 1 COMPLETED
