1790303961 1 COMPLETED
1790303962 1 COMPLETED
1790303963 1 COMPLETED
1790303964 1 COMPLETED
1790303965 1 COMPLETED
1790303966 1 COMPLETED
1790303967 1 COMPLETED
1790303968 1 COMPLETED
1790303969 1 COMPLETED
1790303970 1 COMPLETED
1790303971 1 COMPLETED
1790303972 1 COMPLETED
1790303973 1 COMPLETED
1790303974 1 COMPLETED
1790303975 1 COMPLETED
1790303976 1 COMPLETED
1790303977 1 COMPLETED
1790303978 1 COMPLETED
1790303979 1 COMPLETED
1790303980 1 COMPLETED
1790303981 1 COMPLETED
1790303982 1 COMPLETED
1790303983 1 COMPLETED
1790303984 1 COMPLETED
1790303985 1 COMPLETED
1790303986 1 COMPLETED
1790303987 1 COMPLETED
1790303988 1 COMPLETED
1790303989 1 COMPLETED
1790303991 1 COMPLETED
1790303992 1 COMPLETED
1790303993 1 COMPLETED
1790303994 1 COMPLETED
1790303995 1 COMPLETED
1790303996 1 COMPLETED
1790303997 1 COMPLETED
1790303998 1 COMPLETED
1790303999 1 COMPLETED
1790304000 1 COMPLETED
1790304001 1 COMPLETED
1790304002 1 COMPLETED
1790304003 1 COMPLETED
1790304004 1 COMPLETED
1790304005 1 COMPLETED
1790304006 1 COMPLETED
1790304007 1 COMPLETED
1790304008 1 COMPLETED
1790304009 1 COMPLETED
1790304010 1 COMPLETED
1790304011 1 COMPLETED
1790304012 1 COMPLETED
1790304013 1 COMPLETED
1790304014 1 COMPLETED
1790304015 1 COMPLETED
1790304016 1 COMPLETED
1790304017 1 COMPLETED
1790304018 1 COMPLETED
1790304019 1 COMPLETED
1790304020 1 COMPLETED
1790304022 1 COMPLETED
1790304023 1 COMPLETED
1790304024 1 COMPLETED
1790304025 1 COMPLETED
1790304026 1 COMPLETED
1790304027 1 COMPLETED
1790304028 1 COMPLETED
1790304029 1 COMPLETED
1790304030 1 COMPLETED
1790304031 1 COMPLETED
1790304032 1 COMPLETED
1790304033 1 COMPLETED
1790304034 1 COMPLETED
1790304035 1 COMPLETED
1790304036 1 COMPLETED
1790304037 1 COMPLETED
1790304038 1 COMPLETED
1790304039 1 COMPLETED
1790304040 1 COMPLETED
1790304041 1 COMPLETED
1790304042 1 COMPLETED
1790304043 1 COMPLETED
1790304044 1 COMPLETED
1790304045 1 COMPLETED
1790304046 1 COMPLETED
1790304047 1 COMPLETED
1790304048 1 COMPLETED
1790304049 1 COMPLETED
1790304050 1 COMPLETED
1790304051 1 COMPLETED
1790304053 1 COMPLETED
1790304054 1 COMPLETED
1790304055 1 COMPLETED
1790304056 1 COMPLETED
1790304057 1 COMPLETED
1790304058 1 COMPLETED
1790304059 1 COMPLETED
1790304060 1 COMPLETED
1790304061 1 COMPLETED
1790304062 1 COMPLETED
1790304063 1 COMPLETED
1790304064 1 COMPLETED
1790304065 1 COMPLETED
1790304066 1 COMPLETED
1790304067 1 COMPLETED
1790304068 1 COMPLETED
1790304069 1 COMPLETED
1790304070 1 COMPLETED
1790304071 1 COMPLETED
1790304072 1 COMPLETED
1790304073 1 COMPLETED
1790304074 1 COMPLETED
1790304075 1 COMPLETED
1790304076 1 COMPLETED
1790304077 1 COMPLETED
1790304078 1 COMPLETED
1790304079 1 COMPLETED
1790304080 1 COMPLETED
1790304081 1 COMPLETED
1790304082 1 COMPLETED
1790304084 1 COMPLETED
1790304085 1 COMPLETED
1790304086 1 COMPLETED
1790304087 1 COMPLETED
1790304088 1 COMPLETED
1790304089 1 COMPLETED
1790304090 1 COMPLETED
1790304091 1 COMPLETED
1790304092 1 COMPLETED
1790304093 1 COMPLETED
1790304094 1 COMPLETED
1790304095 1 COMPLETED
1790304096 1 COMPLETED
1790304097 1 COMPLETED
1790304098 1 COMPLETED
1790304099 1 COMPLETED
1790304100 1 COMPLETED
1790304101 1 COMPLETED
1790304102 1 COMPLETED
1790304103 1 COMPLETED
1790304104 1 COMPLETED
1790304105 1 COMPLETED
1790304106 1 COMPLETED
1790304107 1 COMPLETED
1790304108 1 COMPLETED
1790304109 1 COMPLETED
1790304110 1 COMPLETED
1790304111 1 COMPLETED
1790304112 1 COMPLETED
1790304114 1 COMPLETED
1790304115 1 COMPLETED
1790304116 1 COMPLETED
1790304117 1 COMPLETED
1790304118 1 COMPLETED
1790304119 1 COMPLETED
1790304120 1 COMPLETED
1790304121 1 COMPLETED
1790304122 1 COMPLETED
1790304123 1 COMPLETED
1790304124 1 COMPLETED
1790304125 1 COMPLETED
1790304126 1 COMPLETED
1790304127 1 COMPLETED
1790304128 1 COMPLETED
1790304129 1 COMPLETED
1790304130 1 COMPLETED
1790304131 1 COMPLETED
1790304132 1 COMPLETED
1790304133 1 COMPLETED
1790304134 1 COMPLETED
1790304135 1 COMPLETED
1790304136 1 COMPLETED
1790304137 1 COMPLETED
1790304138 1 COMPLETED
1790304139 1 COMPLETED
1790304140 1 COMPLETED
1790304141 1 COMPLETED
1790304142 1 COMPLETED
1790304143 1 COMPLETED
1790304145 1 COMPLETED
1790304146 1 COMPLETED
1790304147 1 COMPLETED
1790304148 1 COMPLETED
1790304149 1 COMPLETED
1790304150 1 COMPLETED
1790304151 1 COMPLETED
1790304152 1 COMPLETED
1790304153 1 COMPLETED
1790304154 1 COMPLETED
1790304155 1 COMPLETED
1790304156 1 COMPLETED
1790304157 1 COMPLETED
1790304158 1 COMPLETED
1790304159 1 COMPLETED
1790304160 1 COMPLETED
1790304161 1 COMPLETED
1790304162 1 COMPLETED
1790304163 1 COMPLETED
1790304164 1 COMPLETED
1790304165 1 COMPLETED
1790304166 1 COMPLETED
1790304167 1 COMPLETED
1790304168 1 COMPLETED
1790304169 1 COMPLETED
1790304170 1 COMPLETED
1790304171 1 COMPLETED
1790304172 1 COMPLETED
1790304173 1 COMPLETED
1790304174 1 COMPLETED
1790304175 1 COMPLETED
1790304177 1 COMPLETED
1790304178 1 COMPLETED
1790304179 1 COMPLETED
1790304180 1 COMPLETED
1790304181 1 COMPLETED
1790304182 1 COMPLETED
1790304183 1 COMPLETED
1790304184 1 COMPLETED
1790304185 1 COMPLETED
1790304186 1 COMPLETED
1790304187 1 COMPLETED
1790304188 1 COMPLETED
1790304189 1 COMPLETED
1790304190 1 COMPLETED
1790304191 1 COMPLETED
1790304192 1 COMPLETED
1790304193 1 COMPLETED
1790304194 1 COMPLETED
1790304195 1 COMPLETED
1790304196 1 COMPLETED
1790304197 1 COMPLETED
1790304198 1 COMPLETED
1790304199 1 COMPLETED
1790304200 1 COMPLETED
1790304201 1 COMPLETED
1790304202 1 COMPLETED
1790304203 1 COMPLETED
1790304204 1 COMPLETED
1790304205 1 COMPLETED
1790304207 1 COMPLETED
1790304208 1 COMPLETED
1790304209 1 COMPLETED
1790304210 1 COMPLETED
1790304211 1 COMPLETED
1790304212 1 COMPLETED
1790304213 1 COMPLETED
1790304214 1 COMPLETED
1790304215 1 COMPLETED
1790304216 1 COMPLETED
1790304217 1 COMPLETED
1790304218 1 COMPLETED
1790304219 1 COMPLETED
1790304220 1 COMPLETED
1790304221 1 COMPLETED
1790304222 1 COMPLETED
1790304223 1 COMPLETED
1790304224 1 COMPLETED
1790304225 1 COMPLETED
1790304226 1 COMPLETED
1790304227 1 COMPLETED
1790304228 1 COMPLETED
1790304229 1 COMPLETED
1790304230 1 COMPLETED
1790304231 1 COMPLETED
1790304232 1 COMPLETED
1790304233 1 COMPLETED
1790304234 1 COMPLETED
1790304235 1 COMPLETED
1790304236 1 COMPLETED
1790304238 1 COMPLETED
1790304239 1 COMPLETED
1790304240 1 COMPLETED
1790304241 1 COMPLETED
1790304242 1 COMPLETED
1790304243 1 COMPLETED
1790304244 1 COMPLETED
1790304245 1 COMPLETED
1790304246 1 COMPLETED
1790304247 1 COMPLETED
1790304248 1 COMPLETED
1790304249 1 COMPLETED
1790304250 1 COMPLETED
1790304251 1 COMPLETED
1790304252 1 COMPLETED
1790304253 1 COMPLETED
1790304254 1 COMPLETED
1790304255 1 COMPLETED
1790304256 1 COMPLETED
1790304257 1 COMPLETED
1790304258 1 COMPLETED
1790304259 1 COMPLETED
1790304260 1 COMPLETED
1790304261 1 COMPLETED
1790304262 1 COMPLETED
1790304263 1 COMPLETED
1790304264 1 COMPLETED
1790304265 1 COMPLETED
1790304266 1 COMPLETED
1790304267 1 COMPLETED
1790304269 1 COMPLETED
1790304270 1 COMPLETED
1790304271 1 COMPLETED
1790304272 1 COMPLETED
1790304273 1 COMPLETED
1790304274 1 COMPLETED
1790304275 1 COMPLETED
1790304276 1 COMPLETED
1790304277 1 COMPLETED
1790304278 1 COMPLETED
1790304279 1 COMPLETED
1790304280 1 COMPLETED
1790304281 1 COMPLETED
1790304282 1 COMPLETED
1790304283 1 COMPLETED
1790304284 1 COMPLETED
1790304285 1 COMPLETED
1790304286 1 COMPLETED
1790304287 1 COMPLETED
1790304288 1 COMPLETED
1790304289 1 COMPLETED
1790304290 1 COMPLETED
1790304291 1 COMPLETED
1790304292 1 COMPLETED
1790304293 1 COMPLETED
1790304294 1 COMPLETED
1790304295 1 COMPLETED
1790304296 1 COMPLETED
1790304297 1 COMPLETED
1790304298 1 COMPLETED
1790304300 1 COMPLETED
1790304301 1 COMPLETED
1790304302 1 COMPLETED
1790304303 1 COMPLETED
1790304304 1 COMPLETED
1790304305 1 COMPLETED
1790304306 1 COMPLETED
1790304307 1 COMPLETED
1790304308 1 COMPLETED
1790304309 1 COMPLETED
1790304310 1 COMPLETED
1790304311 1 COMPLETED
1790304312 1 COMPLETED
1790304314 0 COMPLETED
1790304315 1 COMPLETED
1790304316 1 COMPLETED
1790304317 1 COMPLETED
1790304318 1 COMPLETED
1790304319 1 COMPLETED
1790304320 1 COMPLETED
1790304321 1 COMPLETED
1790304322 1 COMPLETED
1790304323 1 COMPLETED
1790304324 1 COMPLETED
1790304325 1 COMPLETED
1790304326 1 COMPLETED
1790304327 1 COMPLETED
1790304328 1 COMPLETED
1790304329 1 COMPLETED
1790304330 1 COMPLETED
1790304332 1 COMPLETED
1790304333 1 COMPLETED
1790304334 1 COMPLETED
1790304335 1 COMPLETED
1790304336 1 COMPLETED
1790304337 1 COMPLETED
1790304338 1 COMPLETED
1790304339 1 COMPLETED
1790304340 1 COMPLETED
1790304341 1 COMPLETED
1790304342 1 COMPLETED
1790304343 1 COMPLETED
1790304344 1 COMPLETED
1790304345 1 COMPLETED
1790304346 1 COMPLETED
1790304347 1 COMPLETED
1790304348 1 COMPLETED
1790304349 1 COMPLETED
1790304350 1 COMPLETED
1790304351 1 COMPLETED
1790304352 1 COMPLETED
1790304353 1 COMPLETED
1790304354 1 COMPLETED
1790304355 1 COMPLETED
1790304356 1 COMPLETED
1790304357 1 COMPLETED
1790304358 1 COMPLETED
1790304359 1 COMPLETED
1790304361 1 COMPLETED
1790304362 1 COMPLETED
1790304363 1 COMPLETED
1790304364 1 COMPLETED
1790304365 1 COMPLETED
1790304366 1 COMPLETED
1790304367 1 COMPLETED
1790304368 1 COMPLETED
1790304369 1 COMPLETED
1790304370 1 COMPLETED
1790304371 1 COMPLETED
1790304372 1 COMPLETED
1790304373 1 COMPLETED
1790304374 1 COMPLETED
1790304375 1 COMPLETED
1790304376 1 COMPLETED
1790304377 1 COMPLETED
1790304378 1 COMPLETED
1790304379 1 COMPLETED
1790304380 1 COMPLETED
1790304381 1 COMPLETED
1790304382 1 COMPLETED
1790304383 1 COMPLETED
1790304384 1 COMPLETED
1790304385 1 COMPLETED
1790304386 1 COMPLETED
1790304387 1 COMPLETED
1790304388 1 COMPLETED
1790304389 1 COMPLETED
1790304391 1 COMPLETED
1790304392 1 COMPLETED
1790304393 1 COMPLETED
1790304394 1 COMPLETED
1790304395 1 COMPLETED
1790304396 1 COMPLETED
1790304397 1 COMPLETED
1790304398 1 COMPLETED
1790304399 1 COMPLETED
1790304400 1 COMPLETED
1790304401 1 COMPLETED
1790304402 1 COMPLETED
1790304403 1 COMPLETED
1790304404 1 COMPLETED
1790304405 1 COMPLETED
1790304406 1 COMPLETED
1790304407 1 COMPLETED
1790304408 1 COMPLETED
1790304409 1 COMPLETED
1790304410 1 COMPLETED
1790304411 1 COMPLETED
1790304412 1 COMPLETED
1790304413 1 COMPLETED
1790304414 1 COMPLETED
1790304415 1 COMPLETED
1790304416 1 COMPLETED
1790304417 1 COMPLETED
1790304418 1 COMPLETED
1790304420 1 COMPLETED
1790304421 1 COMPLETED
1790304422 1 COMPLETED
1790304423 1 COMPLETED
1790304424 1 COMPLETED
1790304425 1 COMPLETED
1790304426 1 COMPLETED
1790304427 1 COMPLETED
1790304428 1 COMPLETED
1790304429 1 COMPLETED
1790304430 1 COMPLETED
1790304431 1 COMPLETED
1790304432 1 COMPLETED
1790304433 1 COMPLETED
1790304434 1 COMPLETED
1790304435 1 COMPLETED
1790304436 1 COMPLETED
1790304437 1 COMPLETED
1790304438 1 COMPLETED
1790304439 1 COMPLETED
1790304440 1 COMPLETED
1790304441 1 COMPLETED
1790304442 1 COMPLETED
1790304443 1 COMPLETED
1790304444 1 COMPLETED
1790304445 1 COMPLETED
1790304446 1 COMPLETED
1790304447 1 COMPLETED
1790304448 1 COMPLETED
1790304450 1 COMPLETED
1790304451 1 COMPLETED
1790304452 1 COMPLETED
1790304453 1 COMPLETED
1790304454 1 COMPLETED
1790304455 1 COMPLETED
1790304456 1 COMPLETED
1790304457 1 COMPLETED
1790304458 1 COMPLETED
1790304459 1 COMPLETED
1790304460 1 COMPLETED
1790304461 1 COMPLETED
1790304462 1 COMPLETED
1790304463 1 COMPLETED
1790304464 1 COMPLETED
1790304465 1 COMPLETED
1790304466 1 COMPLETED
1790304467 1 COMPLETED
1790304468 1 COMPLETED
1790304469 1 COMPLETED
1790304470 1 COMPLETED
1790304471 1 COMPLETED
1790304472 1 COMPLETED
1790304473 1 COMPLETED
1790304474 1 COMPLETED
1790304475 1 COMPLETED
1790304476 1 COMPLETED
1790304477 1 COMPLETED
1790304479 1 COMPLETED
1790304480 1 COMPLETED
1790304481 1 COMPLETED
1790304482 1 COMPLETED
1790304483 1 COMPLETED
1790304484 1 COMPLETED
1790304485 1 COMPLETED
1790304486 1 COMPLETED
1790304487 1 COMPLETED
1790304488 1 COMPLETED
1790304489 1 COMPLETED
1790304490 1 COMPLETED
1790304491 1 COMPLETED
1790304492 1 COMPLETED
1790304493 1 COMPLETED
1790304494 1 COMPLETED
1790304495 1 COMPLETED
1790304496 1 COMPLETED
1790304497 1 COMPLETED
1790304498 1 COMPLETED
1790304499 1 COMPLETED
1790304500 1 COMPLETED
1790304501 1 COMPLETED
1790304502 1 COMPLETED
1790304503 1 COMPLETED
1790304504 1 COMPLETED
1790304505 1 COMPLETED
1790304506 1 COMPLETED
1790304507 1 COMPLETED
1790304509 1 COMPLETED
1790304510 1 COMPLETED
1790304511 1 COMPLETED
1790304512 1 COMPLETED
1790304513 1 COMPLETED
1790304514 1 COMPLETED
1790304515 1 COMPLETED
1790304516 1 COMPLETED
1790304517 1 COMPLETED
1790304518 1 COMPLETED
1790304519 1 COMPLETED
1790304520 1 COMPLETED
1790304521 1 COMPLETED
1790304522 1 COMPLETED
1790304523 1 COMPLETED
1790304524 1 COMPLETED
1790304525 1 COMPLETED
1790304526 1 COMPLETED
1790304527 1 COMPLETED
1790304528 1 COMPLETED
1790304529 1 COMPLETED
1790304530 1 COMPLETED
1790304531 1 COMPLETED
1790304532 1 COMPLETED
1790304533 1 COMPLETED
1790304534 1 COMPLETED
1790304535 1 COMPLETED
1790304536 1 COMPLETED
1790304538 1 COMPLETED
1790304539 1 COMPLETED
1790304540 1 COMPLETED
1790304541 1 COMPLETED
1790304542 1 COMPLETED
1790304543 1 COMPLETED
1790304544 1 COMPLETED
1790304545 1 COMPLETED
1790304546 1 COMPLETED
1790304547 1 COMPLETED
1790304548 1 COMPLETED
1790304549 1 COMPLETED
1790304550 1 COMPLETED
1790304551 1 COMPLETED
1790304552 1 COMPLETED
1790304553 1 COMPLETED
1790304554 1 COMPLETED
1790304555 1 COMPLETED
1790304556 1 COMPLETED
1790304557 1 COMPLETED
1790304558 1 COMPLETED
1790304559 1 COMPLETED
1790304560 1 COMPLETED
1790304561 1 COMPLETED
1790304562 1 COMPLETED
1790304563 1 COMPLETED
1790304564 1 COMPLETED
1790304565 1 COMPLETED
1790304566 1 COMPLETED
1790304568 1 COMPLETED
1790304569 1 COMPLETED
1790304570 1 COMPLETED
1790304571 1 COMPLETED
1790304572 1 COMPLETED
1790304573 1 COMPLETED
1790304574 1 COMPLETED
1790304575 1 COMPLETED
1790304576 1 COMPLETED
1790304577 1 COMPLETED
1790304578 1 COMPLETED
1790304579 1 COMPLETED
1790304580 1 COMPLETED
1790304581 1 COMPLETED
1790304582 1 COMPLETED
1790304583 1 COMPLETED
1790304584 1 COMPLETED
1790304585 1 COMPLETED
1790304586 1 COMPLETED
1790304587 1 COMPLETED
1790304588 1 COMPLETED
1790304589 1 COMPLETED
1790304590 1 COMPLETED
1790304591 1 COMPLETED
1790304592 1 COMPLETED
1790304593 1 COMPLETED
1790304594 1 COMPLETED
1790304595 1 COMPLETED
1790304596 1 COMPLETED
1790304598 1 COMPLETED
1790304599 1 COMPLETED
1790304600 1 COMPLETED
1790304601 1 COMPLETED
1790304602 1 COMPLETED
1790304603 1 COMPLETED
1790304604 1 COMPLETED
1790304605 1 COMPLETED
1790304606 1 COMPLETED
1790304607 1 COMPLETED
1790304608 1 COMPLETED
1790304609 1 COMPLETED
1790304610 1 COMPLETED
1790304611 1 COMPLETED
1790304612 1 COMPLETED
1790304613 1 COMPLETED
1790304614 1 COMPLETED
1790304615 1 COMPLETED
1790304616 1 COMPLETED
1790304617 1 COMPLETED
1790304618 1 COMPLETED
1790304619 1 COMPLETED
1790304620 1 COMPLETED
1790304621 1 COMPLETED
1790304622 1 COMPLETED
1790304623 1 COMPLETED
1790304624 1 COMPLETED
1790304625 1 COMPLETED
1790304627 1 COMPLETED
1790304628 1 COMPLETED
1790304629 1 COMPLETED
1790304630 1 COMPLETED
1790304631 1 COMPLETED
1790304632 1 COMPLETED
1790304633 1 COMPLETED
1790304634 1 COMPLETED
1790304635 1 COMPLETED
1790304636 1 COMPLETED
1790304637 1 COMPLETED
1790304638 1 COMPLETED
1790304639 1 COMPLETED
1790304640 1 COMPLETED
1790304641 1 COMPLETED
1790304642 1 COMPLETED
1790304643 1 COMPLETED
1790304644 1 COMPLETED
1790304645 1 COMPLETED
1790304646 1 COMPLETED
1790304647 1 COMPLETED
1790304648 1 COMPLETED
1790304649 1 COMPLETED
1790304650 1 COMPLETED
1790304651 1 COMPLETED
1790304652 1 COMPLETED
1790304653 1 COMPLETED
1790304654 1 COMPLETED
1790304655 1 COMPLETED
1790304657 1 COMPLETED
1790304658 1 COMPLETED
1790304659 1 COMPLETED
1790304660 1 COMPLETED
1790304661 1 COMPLETED
1790304662 1 COMPLETED
1790304663 1 COMPLETED
1790304664 1 COMPLETED
1790304665 1 COMPLETED
1790304666 1 COMPLETED
1790304667 1 COMPLETED
1790304668 1 COMPLETED
1790304669 1 COMPLETED
1790304670 1 COMPLETED
1790304671 1 COMPLETED
1790304672 1 COMPLETED
1790304673 1 COMPLETED
1790304674 1 COMPLETED
1790304675 1 COMPLETED
1790304676 1 COMPLETED
1790304677 1 COMPLETED
1790304678 1 COMPLETED
1790304679 1 COMPLETED
1790304680 1 COMPLETED
1790304681 1 COMPLETED
1790304682 1 COMPLETED
1790304683 1 COMPLETED
1790304684 1 COMPLETED
1790304686 1 COMPLETED
1790304687 1 COMPLETED
1790304688 1 COMPLETED
1790304689 1 COMPLETED
1790304690 1 COMPLETED
1790304691 1 COMPLETED
1790304692 1 COMPLETED
1790304693 1 COMPLETED
1790304694 1 COMPLETED
1790304695 1 COMPLETED
1790304696 1 COMPLETED
1790304697 1 COMPLETED
1790304698 1 COMPLETED
1790304699 1 COMPLETED
1790304700 1 COMPLETED
1790304701 1 COMPLETED
1790304702 1 COMPLETED
1790304703 1 COMPLETED
1790304704 1 COMPLETED
1790304705 1 COMPLETED
1790304706 1 COMPLETED
1790304707 1 COMPLETED
1790304708 1 COMPLETED
1790304709 1 COMPLETED
1790304710 1 COMPLETED
1790304711 1 COMPLETED
1790304712 1 COMPLETED
1790304713 1 COMPLETED
1790304714 1 COMPLETED
1790304716 1 COMPLETED
1790304717 1 COMPLETED
1790304718 1 COMPLETED
1790304719 1 COMPLETED
1790304720 1 COMPLETED
1790304721 1 COMPLETED
1790304722 1 COMPLETED
1790304723 1 COMPLETED
1790304724 1 COMPLETED
1790304725 1 COMPLETED
1790304726 1 COMPLETED
1790304727 1 COMPLETED
1790304728 1 COMPLETED
1790304729 1 COMPLETED
1790304730 1 COMPLETED
1790304731 1 COMPLETED
1790304732 1 COMPLETED
1790304733 1 COMPLETED
1790304734 1 COMPLETED
1790304735 1 COMPLETED
1790304736 1 COMPLETED
1790304737 1 COMPLETED
1790304738 1 COMPLETED
1790304739 1 COMPLETED
1790304740 1 COMPLETED
1790304741 1 COMPLETED
1790304742 1 COMPLETED
1790304743 1 COMPLETED
1790304745 1 COMPLETED
1790304746 1 COMPLETED
1790304747 1 COMPLETED
1790304748 1 COMPLETED
1790304749 1 COMPLETED
1790304750 1 COMPLETED
1790304751 1 COMPLETED
1790304752 1 COMPLETED
1790304753 1 COMPLETED
1790304754 1 COMPLETED
1790304755 1 COMPLETED
1790304756 1 COMPLETED
1790304757 1 COMPLETED
1790304758 1 COMPLETED
1790304759 1 COMPLETED
1790304760 1 COMPLETED
1790304761 1 COMPLETED
1790304762 1 COMPLETED
1790304763 1 COMPLETED
1790304764 1 COMPLETED
1790304765 1 COMPLETED
1790304766 1 COMPLETED
1790304767 1 COMPLETED
1790304768 1 COMPLETED
1790304769 1 COMPLETED
1790304770 1 COMPLETED
1790304771 1 COMPLETED
1790304772 1 COMPLETED
1790304773 1 COMPLETED
1790304775 1 COMPLETED
1790304776 1 COMPLETED
1790304777 1 COMPLETED
1790304778 1 COMPLETED
1790304779 1 COMPLETED
1790304780 1 COMPLETED
1790304781 1 COMPLETED
1790304782 1 COMPLETED
1790304783 1 COMPLETED
1790304784 1 COMPLETED
1790304785 1 COMPLETED
1790304786 1 COMPLETED
1790304787 1 COMPLETED
1790304788 1 COMPLETED
1790304789 1 COMPLETED
1790304790 1 COMPLETED
1790304791 1 COMPLETED
1790304792 1 COMPLETED
1790304793 1 COMPLETED
1790304794 1 COMPLETED
1790304795 1 COMPLETED
1790304796 1 COMPLETED
1790304797 1 COMPLETED
1790304798 1 COMPLETED
1790304799 1 COMPLETED
1790304800 1 COMPLETED
1790304801 1 COMPLETED
1790304802 1 COMPLETED
1790304804 1 COMPLETED
1790304805 1 COMPLETED
1790304806 1 COMPLETED
1790304807 1 COMPLETED
1790304808 1 COMPLETED
1790304809 1 COMPLETED
1790304810 1 COMPLETED
1790304811 1 COMPLETED
1790304812 1 COMPLETED
1790304813 1 COMPLETED
1790304814 1 COMPLETED
1790304815 1 COMPLETED
1790304816 1 COMPLETED
1790304817 1 COMPLETED
1790304818 1 COMPLETED
1790304819 1 COMPLETED
1790304820 1 COMPLETED
1790304821 1 COMPLETED
1790304822 1 COMPLETED
1790304823 1 COMPLETED
1790304824 1 COMPLETED
1790304825 1 COMPLETED
1790304826 1 COMPLETED
1790304827 1 COMPLETED
1790304828 1 COMPLETED
1790304829 1 COMPLETED
1790304830 1 COMPLETED
1790304831 1 COMPLETED
1790304833 1 COMPLETED
1790304834 1 COMPLETED
1790304835 1 COMPLETED
1790304836 1 COMPLETED
1790304837 1 COMPLETED
1790304838 1 COMPLETED
1790304839 1 COMPLETED
1790304840 1 COMPLETED
1790304841 1 COMPLETED
1790304842 1 COMPLETED
1790304843 1 COMPLETED
1790304844 1 COMPLETED
1790304845 1 COMPLETED
1790304846 1 COMPLETED
1790304847 1 COMPLETED
1790304848 1 COMPLETED
1790304849 1 COMPLETED
1790304850 1 COMPLETED
1790304851 1 COMPLETED
1790304852 1 COMPLETED
1790304853 1 COMPLETED
1790304854 1 COMPLETED
1790304855 1 COMPLETED
1790304856 1 COMPLETED
1790304857 1 COMPLETED
1790304858 1 COMPLETED
1790304859 1 COMPLETED
1790304860 1 COMPLETED
1790304861 1 COMPLETED
