patching file controller/src/beerocks/master/controller.cpp
patching file controller/src/beerocks/master/controller.cpp
patching file controller/src/beerocks/master/tasks/agent_monitoring_task.cpp
patching file framework/platform/bpl/cfg/dm/bpl_amb_ptr.h
patching file framework/platform/bpl/cfg/dm/bpl_amx.cpp
patching file framework/platform/bpl/cfg/dm/bpl_cfg_amx_helper.h
patching file framework/platform/bpl/cfg/dm/bpl.cpp
-- The C compiler identification is GNU 11.4.0
-- The CXX compiler identification is GNU 11.4.0
-- Detecting C compiler ABI info
-- Detecting C compiler ABI info - done
-- Check for working C compiler: /usr/bin/cc - skipped
-- Detecting C compile features
-- Detecting C compile features - done
-- Detecting CXX compiler ABI info
-- Detecting CXX compiler ABI info - done
-- Check for working CXX compiler: /usr/bin/c++ - skipped
-- Detecting CXX compile features
-- Detecting CXX compile features - done
Preparing bpl for the linux platform
CMake Warning (dev) at /home/rev/git/emosa-lab/.lab/controller-lifecycle-02/source/framework/platform/bpl/CMakeLists.txt:16 (set):
  implicitly converting 'INT' to 'STRING' type.
This warning is for project developers.  Use -Wno-dev to suppress it.

CMake Warning (dev) at /home/rev/git/emosa-lab/.lab/controller-lifecycle-02/source/framework/platform/bpl/CMakeLists.txt:17 (set):
  implicitly converting 'INT' to 'STRING' type.
This warning is for project developers.  Use -Wno-dev to suppress it.

-- Found amxb: /home/rev/git/emosa-lab/.lab/controller-lifecycle-02/usr/lib/x86_64-linux-gnu/libamxb.so
-- Found amxc: /home/rev/git/emosa-lab/.lab/controller-lifecycle-02/usr/lib/x86_64-linux-gnu/libamxc.so
-- Found amxd: /home/rev/git/emosa-lab/.lab/controller-lifecycle-02/usr/lib/x86_64-linux-gnu/libamxd.so
-- Found amxp: /home/rev/git/emosa-lab/.lab/controller-lifecycle-02/usr/lib/x86_64-linux-gnu/libamxp.so
bpl_platform_sources: /home/rev/git/emosa-lab/.lab/controller-lifecycle-02/source/framework/platform/bpl/arp/linux/bpl_arp.cpp;/home/rev/git/emosa-lab/.lab/controller-lifecycle-02/source/framework/platform/bpl/board/linux/bpl_board.cpp;/home/rev/git/emosa-lab/.lab/controller-lifecycle-02/source/framework/platform/bpl/cfg/dummy/bpl_cfg_dummy.cpp;/home/rev/git/emosa-lab/.lab/controller-lifecycle-02/source/framework/platform/bpl/cfg/linux/bpl.cpp;/home/rev/git/emosa-lab/.lab/controller-lifecycle-02/source/framework/platform/bpl/cfg/linux/bpl_cfg.cpp;/home/rev/git/emosa-lab/.lab/controller-lifecycle-02/source/framework/platform/bpl/cfg/linux/bpl_cfg_ifaces.cpp;/home/rev/git/emosa-lab/.lab/controller-lifecycle-02/source/framework/platform/bpl/cfg/linux/bpl_cfg_ifaces.cpp.in;/home/rev/git/emosa-lab/.lab/controller-lifecycle-02/source/framework/platform/bpl/cfg/linux/bpl_cfg_wifi.cpp;/home/rev/git/emosa-lab/.lab/controller-lifecycle-02/source/framework/platform/bpl/db/linux/bpl_db.cpp;/home/rev/git/emosa-lab/.lab/controller-lifecycle-02/source/framework/platform/bpl/dhcp/linux/bpl_dhcp.cpp;/home/rev/git/emosa-lab/.lab/controller-lifecycle-02/source/framework/platform/bpl/service_prioritization/dummy/service_prio_utils_dummy.cpp
APPEND bpl_platform_sources with /home/rev/git/emosa-lab/.lab/controller-lifecycle-02/source/framework/platform/bpl/cfg/dm/bpl_amx.cpp
Preparing beerocks_controller for the linux platform
-- Found amxo: /home/rev/git/emosa-lab/.lab/controller-lifecycle-02/usr/lib/x86_64-linux-gnu/libamxo.so
-- Found libamxrt: /home/rev/git/emosa-lab/.lab/controller-lifecycle-02/usr/lib/x86_64-linux-gnu/libamxrt.so
-- Configuring done (0.2s)
-- Generating done (0.0s)
-- Build files have been written to: /home/rev/git/emosa-lab/.lab/controller-lifecycle-02/build
[  1%] Building CXX object bpl/CMakeFiles/bpl.dir/common/utils/utils_net.cpp.o
[  3%] Building CXX object bpl/CMakeFiles/bpl.dir/common/utils/utils.cpp.o
[  5%] Building CXX object bpl/CMakeFiles/bpl.dir/arp/linux/bpl_arp.cpp.o
[  7%] Building CXX object bpl/CMakeFiles/bpl.dir/board/linux/bpl_board.cpp.o
[  8%] Building CXX object bpl/CMakeFiles/bpl.dir/cfg/dummy/bpl_cfg_dummy.cpp.o
[ 10%] Building CXX object bpl/CMakeFiles/bpl.dir/cfg/linux/bpl.cpp.o
[ 12%] Building CXX object bpl/CMakeFiles/bpl.dir/cfg/linux/bpl_cfg.cpp.o
[ 14%] Building CXX object bpl/CMakeFiles/bpl.dir/cfg/linux/bpl_cfg_ifaces.cpp.o
[ 15%] Building CXX object bpl/CMakeFiles/bpl.dir/cfg/linux/bpl_cfg_wifi.cpp.o
[ 17%] Building CXX object bpl/CMakeFiles/bpl.dir/db/linux/bpl_db.cpp.o
[ 19%] Building CXX object bpl/CMakeFiles/bpl.dir/dhcp/linux/bpl_dhcp.cpp.o
[ 21%] Building CXX object bpl/CMakeFiles/bpl.dir/service_prioritization/dummy/service_prio_utils_dummy.cpp.o
[ 22%] Building CXX object bpl/CMakeFiles/bpl.dir/cfg/dm/bpl_amx.cpp.o
[ 24%] Linking CXX static library libbpl.a
[ 24%] Built target bpl
[ 26%] Building CXX object CMakeFiles/emosa-model-lifetime.dir/home/rev/git/emosa-lab/deploy/peer-baseline/compatibility/model-lifetime.cpp.o
[ 28%] Building CXX object CMakeFiles/emosa-counter-regression.dir/home/rev/git/emosa-lab/deploy/peer-baseline/compatibility/counter-units.cpp.o
[ 29%] Building CXX object controller/CMakeFiles/beerocks_controller.dir/beerocks_master_main.cpp.o
[ 31%] Linking CXX executable emosa-model-lifetime
[ 31%] Built target emosa-model-lifetime
[ 33%] Building CXX object controller/CMakeFiles/beerocks_controller.dir/controller.cpp.o
[ 35%] Building CXX object CMakeFiles/emosa-counter-regression.dir/home/rev/git/emosa-lab/.lab/controller-lifecycle-02/source/controller/src/beerocks/master/db/db.cpp.o
[ 36%] Building CXX object controller/CMakeFiles/beerocks_controller.dir/controller_ucc_listener.cpp.o
[ 38%] Building CXX object controller/CMakeFiles/beerocks_controller.dir/son_actions.cpp.o
[ 40%] Building CXX object controller/CMakeFiles/beerocks_controller.dir/son_management.cpp.o
[ 42%] Building CXX object controller/CMakeFiles/beerocks_controller.dir/tasks/agent_monitoring_task.cpp.o
[ 43%] Linking CXX executable emosa-counter-regression
[ 43%] Built target emosa-counter-regression
[ 45%] Building CXX object controller/CMakeFiles/beerocks_controller.dir/tasks/association_handling_task.cpp.o
[ 47%] Building CXX object controller/CMakeFiles/beerocks_controller.dir/tasks/bml_task.cpp.o
[ 49%] Building CXX object controller/CMakeFiles/beerocks_controller.dir/tasks/btm_request_task.cpp.o
[ 50%] Building CXX object controller/CMakeFiles/beerocks_controller.dir/tasks/channel_selection_task.cpp.o
[ 52%] Building CXX object controller/CMakeFiles/beerocks_controller.dir/tasks/client_association_task.cpp.o
[ 54%] Building CXX object controller/CMakeFiles/beerocks_controller.dir/tasks/client_locating_task.cpp.o
[ 56%] Building CXX object controller/CMakeFiles/beerocks_controller.dir/tasks/client_steering_task.cpp.o
[ 57%] Building CXX object controller/CMakeFiles/beerocks_controller.dir/tasks/dhcp_task.cpp.o
[ 59%] Building CXX object controller/CMakeFiles/beerocks_controller.dir/tasks/dynamic_channel_selection_r2_task.cpp.o
[ 61%] Building CXX object controller/CMakeFiles/beerocks_controller.dir/tasks/dynamic_channel_selection_task.cpp.o
[ 63%] Building CXX object controller/CMakeFiles/beerocks_controller.dir/tasks/ire_network_optimization_task.cpp.o
[ 64%] Building CXX object controller/CMakeFiles/beerocks_controller.dir/tasks/link_metrics_task.cpp.o
[ 66%] Building CXX object controller/CMakeFiles/beerocks_controller.dir/tasks/load_balancer_task.cpp.o
[ 68%] Building CXX object controller/CMakeFiles/beerocks_controller.dir/tasks/network_health_check_task.cpp.o
[ 70%] Building CXX object controller/CMakeFiles/beerocks_controller.dir/tasks/optimal_path_task.cpp.o
[ 71%] Building CXX object controller/CMakeFiles/beerocks_controller.dir/tasks/service_prioritization_task.cpp.o
[ 73%] Building CXX object controller/CMakeFiles/beerocks_controller.dir/tasks/statistics_polling_task.cpp.o
[ 75%] Building CXX object controller/CMakeFiles/beerocks_controller.dir/tasks/task.cpp.o
[ 77%] Building CXX object controller/CMakeFiles/beerocks_controller.dir/tasks/task_pool.cpp.o
[ 78%] Building CXX object controller/CMakeFiles/beerocks_controller.dir/tasks/topology_task.cpp.o
[ 80%] Building CXX object controller/CMakeFiles/beerocks_controller.dir/periodic/periodic_operation.cpp.o
[ 82%] Building CXX object controller/CMakeFiles/beerocks_controller.dir/periodic/periodic_operation_pool.cpp.o
[ 84%] Building CXX object controller/CMakeFiles/beerocks_controller.dir/periodic/persistent_data_commit_operation.cpp.o
[ 85%] Building CXX object controller/CMakeFiles/beerocks_controller.dir/periodic/persistent_database_aging.cpp.o
[ 87%] Building CXX object controller/CMakeFiles/beerocks_controller.dir/db/db.cpp.o
[ 89%] Building CXX object controller/CMakeFiles/beerocks_controller.dir/db/db_algo.cpp.o
[ 91%] Building CXX object controller/CMakeFiles/beerocks_controller.dir/db/network_map.cpp.o
[ 92%] Building CXX object controller/CMakeFiles/beerocks_controller.dir/db/station.cpp.o
[ 94%] Building CXX object controller/CMakeFiles/beerocks_controller.dir/home/rev/git/emosa-lab/.lab/controller-lifecycle-02/source/controller/nbapi/on_action.cpp.o
[ 96%] Building CXX object controller/CMakeFiles/beerocks_controller.dir/home/rev/git/emosa-lab/.lab/controller-lifecycle-02/source/controller/vbss/vbss_actions.cpp.o
[ 98%] Building CXX object controller/CMakeFiles/beerocks_controller.dir/home/rev/git/emosa-lab/.lab/controller-lifecycle-02/source/controller/vbss/vbss_task.cpp.o
[100%] Linking CXX executable beerocks_controller
[100%] Built target beerocks_controller
-- Install configuration: "RelWithDebInfo"
-- Installing: /home/rev/git/emosa-lab/.lab/controller-lifecycle-02/stage/share/prplmesh_platform_db
-- Installing: /home/rev/git/emosa-lab/.lab/controller-lifecycle-02/stage/lib/libbpl.a
-- Installing: /home/rev/git/emosa-lab/.lab/controller-lifecycle-02/stage/bin/beerocks_controller
-- Set non-toolchain portion of runtime path of "/home/rev/git/emosa-lab/.lab/controller-lifecycle-02/stage/bin/beerocks_controller" to "$ORIGIN/../lib"
