1790269245 1 COMPLETED
1790269246 1 COMPLETED
1790269247 1 COMPLETED
1790269248 1 COMPLETED
1790269249 1 COMPLETED
1790269250 1 COMPLETED
1790269251 1 COMPLETED
1790269252 1 COMPLETED
1790269253 1 COMPLETED
1790269254 1 COMPLETED
1790269255 1 COMPLETED
1790269256 1 COMPLETED
1790269257 1 COMPLETED
1790269258 1 COMPLETED
1790269259 1 COMPLETED
1790269260 1 COMPLETED
1790269261 1 COMPLETED
1790269262 1 COMPLETED
1790269263 1 COMPLETED
1790269264 1 COMPLETED
1790269265 1 COMPLETED
1790269267 1 COMPLETED
1790269268 1 COMPLETED
1790269269 1 COMPLETED
1790269270 1 COMPLETED
1790269271 1 COMPLETED
1790269272 1 COMPLETED
1790269273 1 COMPLETED
1790269274 1 COMPLETED
1790269275 1 COMPLETED
1790269276 1 COMPLETED
1790269277 1 COMPLETED
1790269278 1 COMPLETED
1790269279 1 COMPLETED
1790269280 1 COMPLETED
1790269281 1 COMPLETED
1790269282 1 COMPLETED
1790269283 1 COMPLETED
1790269284 1 COMPLETED
1790269285 1 COMPLETED
1790269286 1 COMPLETED
1790269287 1 COMPLETED
1790269288 1 COMPLETED
1790269289 1 COMPLETED
1790269290 1 COMPLETED
1790269292 1 COMPLETED
1790269293 1 COMPLETED
1790269294 1 COMPLETED
1790269295 1 COMPLETED
1790269296 1 COMPLETED
1790269297 1 COMPLETED
1790269298 1 COMPLETED
1790269299 1 COMPLETED
1790269300 1 COMPLETED
1790269301 1 COMPLETED
1790269302 1 COMPLETED
1790269303 1 COMPLETED
1790269304 1 COMPLETED
1790269305 1 COMPLETED
1790269306 1 COMPLETED
1790269307 1 COMPLETED
1790269308 1 COMPLETED
1790269309 1 COMPLETED
1790269310 1 COMPLETED
1790269311 1 COMPLETED
1790269312 1 COMPLETED
1790269313 1 COMPLETED
1790269314 1 COMPLETED
1790269315 1 COMPLETED
1790269317 1 COMPLETED
1790269318 1 COMPLETED
1790269319 1 COMPLETED
1790269320 1 COMPLETED
1790269321 1 COMPLETED
1790269322 1 COMPLETED
1790269323 1 COMPLETED
1790269324 1 COMPLETED
1790269325 1 COMPLETED
1790269326 1 COMPLETED
1790269327 1 COMPLETED
1790269328 1 COMPLETED
1790269329 1 COMPLETED
1790269330 1 COMPLETED
1790269331 1 COMPLETED
1790269332 1 COMPLETED
1790269333 1 COMPLETED
1790269334 1 COMPLETED
1790269335 1 COMPLETED
1790269336 1 COMPLETED
1790269337 1 COMPLETED
1790269338 1 COMPLETED
1790269339 1 COMPLETED
1790269340 1 COMPLETED
1790269341 1 COMPLETED
1790269343 1 COMPLETED
1790269344 1 COMPLETED
1790269345 1 COMPLETED
1790269346 1 COMPLETED
1790269347 1 COMPLETED
1790269348 1 COMPLETED
1790269349 1 COMPLETED
1790269350 1 COMPLETED
1790269351 1 COMPLETED
1790269352 1 COMPLETED
1790269353 1 COMPLETED
1790269354 1 COMPLETED
1790269355 1 COMPLETED
1790269356 1 COMPLETED
1790269357 1 COMPLETED
1790269358 1 COMPLETED
1790269359 1 COMPLETED
1790269360 1 COMPLETED
1790269361 1 COMPLETED
1790269362 1 COMPLETED
1790269363 1 COMPLETED
1790269364 1 COMPLETED
1790269365 1 COMPLETED
1790269366 1 COMPLETED
1790269368 1 COMPLETED
1790269369 1 COMPLETED
1790269370 1 COMPLETED
1790269371 1 COMPLETED
1790269372 1 COMPLETED
1790269373 1 COMPLETED
1790269374 1 COMPLETED
1790269375 1 COMPLETED
1790269376 1 COMPLETED
1790269377 1 COMPLETED
1790269378 1 COMPLETED
1790269379 1 COMPLETED
1790269380 1 COMPLETED
1790269381 1 COMPLETED
1790269382 1 COMPLETED
1790269383 1 COMPLETED
1790269384 1 COMPLETED
1790269385 1 COMPLETED
1790269386 1 COMPLETED
1790269387 1 COMPLETED
1790269388 1 COMPLETED
1790269389 1 COMPLETED
1790269390 1 COMPLETED
1790269391 1 COMPLETED
1790269393 1 COMPLETED
1790269394 1 COMPLETED
1790269395 1 COMPLETED
1790269396 1 COMPLETED
1790269397 1 COMPLETED
1790269398 1 COMPLETED
1790269399 1 COMPLETED
1790269400 1 COMPLETED
1790269401 1 COMPLETED
1790269402 1 COMPLETED
1790269403 1 COMPLETED
1790269404 1 COMPLETED
1790269405 1 COMPLETED
1790269406 1 COMPLETED
1790269407 1 COMPLETED
1790269408 1 COMPLETED
1790269409 1 COMPLETED
1790269410 1 COMPLETED
1790269411 1 COMPLETED
1790269412 1 COMPLETED
1790269413 1 COMPLETED
1790269414 1 COMPLETED
1790269415 1 COMPLETED
1790269416 1 COMPLETED
1790269417 1 COMPLETED
1790269419 1 COMPLETED
1790269420 1 COMPLETED
1790269421 1 COMPLETED
1790269422 1 COMPLETED
1790269423 1 COMPLETED
1790269424 1 COMPLETED
1790269425 1 COMPLETED
1790269426 1 COMPLETED
1790269427 1 COMPLETED
1790269428 1 COMPLETED
1790269429 1 COMPLETED
1790269430 1 COMPLETED
1790269431 1 COMPLETED
1790269432 1 COMPLETED
1790269433 1 COMPLETED
1790269434 1 COMPLETED
1790269435 1 COMPLETED
1790269436 1 COMPLETED
1790269437 1 COMPLETED
1790269438 1 COMPLETED
1790269439 1 COMPLETED
1790269440 1 COMPLETED
1790269442 1 COMPLETED
1790269443 1 COMPLETED
1790269444 1 COMPLETED
1790269445 1 COMPLETED
1790269446 1 COMPLETED
1790269447 1 COMPLETED
1790269448 1 COMPLETED
1790269449 1 COMPLETED
1790269450 1 COMPLETED
1790269451 1 COMPLETED
1790269452 1 COMPLETED
1790269453 1 COMPLETED
1790269454 1 COMPLETED
1790269455 1 COMPLETED
1790269456 1 COMPLETED
1790269457 1 COMPLETED
1790269458 1 COMPLETED
1790269459 1 COMPLETED
1790269460 1 COMPLETED
1790269461 1 COMPLETED
1790269462 1 COMPLETED
1790269463 1 COMPLETED
1790269464 1 COMPLETED
1790269465 1 COMPLETED
1790269466 1 COMPLETED
1790269468 1 COMPLETED
1790269469 1 COMPLETED
1790269470 1 COMPLETED
1790269471 1 COMPLETED
1790269472 1 COMPLETED
1790269473 1 COMPLETED
1790269474 1 COMPLETED
1790269475 1 COMPLETED
1790269476 1 COMPLETED
1790269477 1 COMPLETED
1790269478 1 COMPLETED
1790269479 1 COMPLETED
1790269480 1 COMPLETED
1790269481 1 COMPLETED
1790269482 1 COMPLETED
1790269483 1 COMPLETED
1790269484 1 COMPLETED
1790269485 1 COMPLETED
1790269486 1 COMPLETED
1790269487 1 COMPLETED
1790269488 1 COMPLETED
1790269490 1 COMPLETED
1790269491 1 COMPLETED
1790269492 1 COMPLETED
1790269493 1 COMPLETED
1790269494 1 COMPLETED
1790269495 1 COMPLETED
1790269496 1 COMPLETED
1790269497 1 COMPLETED
1790269498 1 COMPLETED
1790269499 1 COMPLETED
1790269500 1 COMPLETED
1790269501 1 COMPLETED
1790269502 1 COMPLETED
1790269503 1 COMPLETED
1790269504 1 COMPLETED
1790269505 1 COMPLETED
1790269506 1 COMPLETED
1790269507 1 COMPLETED
1790269508 1 COMPLETED
1790269509 1 COMPLETED
1790269510 1 COMPLETED
1790269511 1 COMPLETED
1790269512 1 COMPLETED
1790269514 1 COMPLETED
1790269515 1 COMPLETED
1790269516 1 COMPLETED
1790269517 1 COMPLETED
1790269518 1 COMPLETED
1790269519 1 COMPLETED
1790269520 1 COMPLETED
1790269521 1 COMPLETED
1790269522 1 COMPLETED
1790269523 1 COMPLETED
1790269524 1 COMPLETED
1790269525 1 COMPLETED
1790269526 1 COMPLETED
1790269527 1 COMPLETED
1790269528 1 COMPLETED
1790269529 1 COMPLETED
1790269530 1 COMPLETED
1790269531 1 COMPLETED
1790269532 1 COMPLETED
1790269533 1 COMPLETED
1790269534 1 COMPLETED
1790269535 1 COMPLETED
1790269536 1 COMPLETED
1790269538 1 COMPLETED
1790269539 1 COMPLETED
1790269540 1 COMPLETED
1790269541 1 COMPLETED
1790269542 1 COMPLETED
1790269543 1 COMPLETED
1790269544 1 COMPLETED
1790269545 1 COMPLETED
1790269546 1 COMPLETED
1790269547 1 COMPLETED
1790269548 1 COMPLETED
1790269549 1 COMPLETED
1790269550 1 COMPLETED
1790269551 1 COMPLETED
1790269552 1 COMPLETED
1790269553 1 COMPLETED
1790269554 1 COMPLETED
1790269555 1 COMPLETED
1790269556 1 COMPLETED
1790269557 1 COMPLETED
1790269558 1 COMPLETED
1790269559 1 COMPLETED
1790269560 1 COMPLETED
1790269561 1 COMPLETED
1790269563 1 COMPLETED
1790269564 1 COMPLETED
1790269565 1 COMPLETED
1790269566 1 COMPLETED
1790269567 1 COMPLETED
1790269568 1 COMPLETED
1790269569 1 COMPLETED
1790269570 1 COMPLETED
1790269571 1 COMPLETED
1790269572 1 COMPLETED
1790269573 1 COMPLETED
1790269574 1 COMPLETED
1790269575 1 COMPLETED
1790269576 1 COMPLETED
1790269577 1 COMPLETED
1790269578 1 COMPLETED
1790269579 1 COMPLETED
1790269580 1 COMPLETED
1790269581 1 COMPLETED
1790269582 1 COMPLETED
1790269583 1 COMPLETED
1790269584 1 COMPLETED
1790269585 1 COMPLETED
1790269586 1 COMPLETED
1790269588 1 COMPLETED
1790269589 1 COMPLETED
1790269590 1 COMPLETED
1790269591 1 COMPLETED
1790269592 1 COMPLETED
1790269593 1 COMPLETED
1790269594 1 COMPLETED
1790269595 1 COMPLETED
1790269596 1 COMPLETED
1790269597 1 COMPLETED
1790269598 1 COMPLETED
1790269599 1 COMPLETED
1790269600 1 COMPLETED
1790269601 1 COMPLETED
1790269602 1 COMPLETED
1790269603 1 COMPLETED
1790269604 1 COMPLETED
1790269605 1 COMPLETED
1790269607 0 COMPLETED
1790269609 0 COMPLETED
1790269611 0 COMPLETED
1790269613 0 COMPLETED
1790269615 0 COMPLETED
1790269617 0 COMPLETED
1790269619 0 COMPLETED
1790269621 0 COMPLETED
1790269623 0 COMPLETED
1790269625 0 COMPLETED
1790269627 0 COMPLETED
1790269629 0 COMPLETED
1790269631 0 COMPLETED
1790269633 0 COMPLETED
1790269635 0 COMPLETED
1790269637 0 COMPLETED
1790269639 0 COMPLETED
1790269641 0 COMPLETED
1790269643 0 COMPLETED
1790269645 0 COMPLETED
1790269647 0 COMPLETED
1790269649 0 COMPLETED
1790269651 0 COMPLETED
1790269653 0 COMPLETED
1790269655 0 COMPLETED
1790269657 1 COMPLETED
1790269658 1 COMPLETED
1790269659 1 COMPLETED
1790269660 1 COMPLETED
1790269661 1 COMPLETED
1790269662 1 COMPLETED
1790269663 1 COMPLETED
1790269664 1 COMPLETED
1790269665 1 COMPLETED
1790269666 1 COMPLETED
1790269667 1 COMPLETED
1790269668 1 COMPLETED
1790269669 1 COMPLETED
1790269670 1 COMPLETED
1790269671 1 COMPLETED
1790269672 1 COMPLETED
1790269673 1 COMPLETED
1790269674 1 COMPLETED
1790269675 1 COMPLETED
1790269676 1 COMPLETED
1790269677 1 COMPLETED
1790269678 1 COMPLETED
1790269679 1 COMPLETED
1790269680 1 COMPLETED
1790269681 1 COMPLETED
1790269683 1 COMPLETED
1790269684 1 COMPLETED
1790269685 1 COMPLETED
1790269686 1 COMPLETED
1790269687 1 COMPLETED
1790269688 1 COMPLETED
1790269689 1 COMPLETED
1790269690 1 COMPLETED
1790269691 1 COMPLETED
1790269692 1 COMPLETED
1790269693 1 COMPLETED
1790269694 1 COMPLETED
1790269695 1 COMPLETED
1790269696 1 COMPLETED
1790269697 1 COMPLETED
1790269698 1 COMPLETED
1790269699 1 COMPLETED
1790269700 1 COMPLETED
1790269701 1 COMPLETED
1790269702 1 COMPLETED
1790269703 1 COMPLETED
1790269704 1 COMPLETED
1790269705 1 COMPLETED
1790269706 1 COMPLETED
1790269707 1 COMPLETED
1790269708 1 COMPLETED
1790269710 1 COMPLETED
1790269711 1 COMPLETED
1790269712 1 COMPLETED
1790269713 1 COMPLETED
1790269714 1 COMPLETED
1790269715 1 COMPLETED
1790269716 1 COMPLETED
1790269717 1 COMPLETED
1790269718 1 COMPLETED
1790269719 1 COMPLETED
1790269720 1 COMPLETED
1790269721 1 COMPLETED
1790269722 1 COMPLETED
1790269723 1 COMPLETED
1790269724 1 COMPLETED
1790269725 1 COMPLETED
1790269726 1 COMPLETED
1790269727 1 COMPLETED
1790269728 1 COMPLETED
1790269729 1 COMPLETED
1790269730 1 COMPLETED
1790269731 1 COMPLETED
1790269732 1 COMPLETED
1790269733 1 COMPLETED
1790269735 1 COMPLETED
1790269736 1 COMPLETED
1790269737 1 COMPLETED
1790269738 1 COMPLETED
1790269739 1 COMPLETED
1790269740 1 COMPLETED
1790269741 1 COMPLETED
1790269742 1 COMPLETED
1790269743 1 COMPLETED
1790269744 1 COMPLETED
1790269745 1 COMPLETED
1790269746 1 COMPLETED
1790269747 1 COMPLETED
1790269748 1 COMPLETED
1790269749 1 COMPLETED
1790269750 1 COMPLETED
1790269751 1 COMPLETED
1790269752 1 COMPLETED
1790269753 1 COMPLETED
1790269754 1 COMPLETED
1790269755 1 COMPLETED
1790269756 1 COMPLETED
1790269757 1 COMPLETED
1790269758 1 COMPLETED
1790269759 1 COMPLETED
1790269760 1 COMPLETED
1790269762 1 COMPLETED
1790269763 1 COMPLETED
1790269764 1 COMPLETED
1790269765 1 COMPLETED
1790269766 1 COMPLETED
1790269767 1 COMPLETED
1790269768 1 COMPLETED
1790269769 1 COMPLETED
1790269770 1 COMPLETED
1790269771 1 COMPLETED
1790269772 1 COMPLETED
1790269773 1 COMPLETED
1790269774 1 COMPLETED
1790269775 1 COMPLETED
1790269776 1 COMPLETED
1790269777 1 COMPLETED
1790269778 1 COMPLETED
1790269779 1 COMPLETED
1790269780 1 COMPLETED
1790269781 1 COMPLETED
1790269782 1 COMPLETED
1790269783 1 COMPLETED
1790269785 1 COMPLETED
1790269786 1 COMPLETED
1790269787 1 COMPLETED
1790269788 1 COMPLETED
1790269789 1 COMPLETED
1790269790 1 COMPLETED
1790269791 1 COMPLETED
1790269792 1 COMPLETED
1790269793 1 COMPLETED
1790269794 1 COMPLETED
1790269795 1 COMPLETED
1790269796 1 COMPLETED
1790269797 1 COMPLETED
1790269798 1 COMPLETED
1790269799 1 COMPLETED
1790269800 1 COMPLETED
1790269801 1 COMPLETED
1790269802 1 COMPLETED
1790269803 1 COMPLETED
1790269804 1 COMPLETED
1790269805 1 COMPLETED
1790269806 1 COMPLETED
1790269807 1 COMPLETED
1790269809 1 COMPLETED
1790269810 1 COMPLETED
1790269811 1 COMPLETED
1790269812 1 COMPLETED
1790269813 1 COMPLETED
1790269814 1 COMPLETED
1790269815 1 COMPLETED
1790269816 1 COMPLETED
1790269817 1 COMPLETED
1790269818 1 COMPLETED
1790269819 1 COMPLETED
1790269820 1 COMPLETED
1790269821 1 COMPLETED
1790269822 1 COMPLETED
1790269823 1 COMPLETED
1790269824 1 COMPLETED
1790269825 1 COMPLETED
1790269826 1 COMPLETED
1790269827 1 COMPLETED
1790269828 1 COMPLETED
1790269829 1 COMPLETED
1790269830 1 COMPLETED
1790269831 1 COMPLETED
1790269832 1 COMPLETED
1790269834 1 COMPLETED
1790269835 1 COMPLETED
1790269836 1 COMPLETED
1790269837 1 COMPLETED
1790269838 1 COMPLETED
1790269839 1 COMPLETED
1790269840 1 COMPLETED
1790269841 1 COMPLETED
1790269842 1 COMPLETED
1790269843 1 COMPLETED
1790269844 1 COMPLETED
1790269845 1 COMPLETED
1790269846 1 COMPLETED
1790269847 1 COMPLETED
1790269848 1 COMPLETED
1790269849 1 COMPLETED
1790269850 1 COMPLETED
1790269851 1 COMPLETED
1790269852 1 COMPLETED
1790269853 1 COMPLETED
1790269854 1 COMPLETED
1790269855 1 COMPLETED
1790269856 1 COMPLETED
1790269857 1 COMPLETED
1790269858 1 COMPLETED
1790269860 1 COMPLETED
1790269861 1 COMPLETED
1790269862 1 COMPLETED
1790269863 1 COMPLETED
1790269864 1 COMPLETED
1790269865 1 COMPLETED
1790269866 1 COMPLETED
1790269867 1 COMPLETED
1790269868 1 COMPLETED
1790269869 1 COMPLETED
1790269870 1 COMPLETED
1790269871 1 COMPLETED
1790269872 1 COMPLETED
1790269873 1 COMPLETED
1790269874 1 COMPLETED
1790269875 1 COMPLETED
1790269876 1 COMPLETED
1790269877 1 COMPLETED
1790269878 1 COMPLETED
1790269879 1 COMPLETED
1790269880 1 COMPLETED
1790269881 1 COMPLETED
1790269882 1 COMPLETED
1790269883 1 COMPLETED
1790269884 1 COMPLETED
1790269886 1 COMPLETED
1790269887 1 COMPLETED
1790269888 1 COMPLETED
1790269889 1 COMPLETED
1790269890 1 COMPLETED
1790269891 1 COMPLETED
1790269892 1 COMPLETED
1790269893 1 COMPLETED
1790269894 1 COMPLETED
1790269895 1 COMPLETED
1790269896 1 COMPLETED
1790269897 1 COMPLETED
1790269898 1 COMPLETED
1790269899 1 COMPLETED
1790269900 1 COMPLETED
1790269901 1 COMPLETED
1790269902 1 COMPLETED
1790269903 1 COMPLETED
1790269904 1 COMPLETED
1790269905 1 COMPLETED
1790269906 1 COMPLETED
1790269907 1 COMPLETED
1790269908 1 COMPLETED
1790269909 1 COMPLETED
1790269910 1 COMPLETED
1790269911 1 COMPLETED
1790269913 1 COMPLETED
1790269914 1 COMPLETED
1790269915 1 COMPLETED
1790269916 1 COMPLETED
1790269917 1 COMPLETED
1790269918 1 COMPLETED
1790269919 1 COMPLETED
1790269920 1 COMPLETED
1790269921 1 COMPLETED
1790269922 1 COMPLETED
1790269923 1 COMPLETED
1790269924 1 COMPLETED
1790269925 1 COMPLETED
1790269926 1 COMPLETED
1790269927 1 COMPLETED
1790269928 1 COMPLETED
1790269929 1 COMPLETED
1790269930 1 COMPLETED
1790269931 1 COMPLETED
1790269932 1 COMPLETED
1790269933 1 COMPLETED
1790269934 1 COMPLETED
1790269935 1 COMPLETED
1790269936 1 COMPLETED
1790269937 1 COMPLETED
1790269939 1 COMPLETED
1790269940 1 COMPLETED
1790269941 1 COMPLETED
1790269942 1 COMPLETED
1790269943 1 COMPLETED
1790269944 1 COMPLETED
1790269945 1 COMPLETED
1790269946 1 COMPLETED
1790269947 1 COMPLETED
1790269948 1 COMPLETED
1790269949 1 COMPLETED
1790269950 1 COMPLETED
1790269951 1 COMPLETED
1790269952 1 COMPLETED
1790269953 1 COMPLETED
1790269954 1 COMPLETED
1790269955 1 COMPLETED
1790269956 1 COMPLETED
1790269957 1 COMPLETED
1790269958 1 COMPLETED
1790269959 1 COMPLETED
1790269960 1 COMPLETED
1790269961 1 COMPLETED
1790269962 1 COMPLETED
1790269963 1 COMPLETED
1790269964 1 COMPLETED
1790269965 1 COMPLETED
1790269967 1 COMPLETED
1790269968 1 COMPLETED
1790269969 1 COMPLETED
1790269970 1 COMPLETED
1790269971 1 COMPLETED
1790269972 1 COMPLETED
1790269973 1 COMPLETED
1790269974 1 COMPLETED
1790269975 1 COMPLETED
1790269976 1 COMPLETED
1790269977 1 COMPLETED
1790269978 1 COMPLETED
1790269979 1 COMPLETED
1790269980 1 COMPLETED
1790269981 1 COMPLETED
1790269982 1 COMPLETED
1790269983 1 COMPLETED
1790269984 1 COMPLETED
1790269985 1 COMPLETED
1790269986 1 COMPLETED
1790269987 1 COMPLETED
1790269988 1 COMPLETED
1790269989 1 COMPLETED
1790269990 1 COMPLETED
1790269991 1 COMPLETED
1790269992 1 COMPLETED
1790269994 1 COMPLETED
1790269995 1 COMPLETED
1790269996 1 COMPLETED
1790269997 1 COMPLETED
1790269998 1 COMPLETED
1790269999 1 COMPLETED
1790270000 1 COMPLETED
1790270001 1 COMPLETED
1790270002 1 COMPLETED
1790270003 1 COMPLETED
1790270004 1 COMPLETED
1790270005 1 COMPLETED
1790270006 1 COMPLETED
1790270007 1 COMPLETED
1790270008 1 COMPLETED
1790270009 1 COMPLETED
1790270010 1 COMPLETED
1790270011 1 COMPLETED
1790270012 1 COMPLETED
1790270013 1 COMPLETED
1790270014 1 COMPLETED
1790270015 1 COMPLETED
1790270016 1 COMPLETED
1790270017 1 COMPLETED
1790270018 1 COMPLETED
1790270019 1 COMPLETED
1790270021 1 COMPLETED
1790270022 1 COMPLETED
1790270023 1 COMPLETED
1790270024 1 COMPLETED
1790270025 1 COMPLETED
1790270026 1 COMPLETED
1790270027 1 COMPLETED
1790270028 1 COMPLETED
1790270029 1 COMPLETED
1790270030 1 COMPLETED
1790270031 1 COMPLETED
1790270032 1 COMPLETED
1790270033 1 COMPLETED
1790270034 1 COMPLETED
1790270035 1 COMPLETED
1790270036 1 COMPLETED
1790270037 1 COMPLETED
1790270038 1 COMPLETED
1790270039 1 COMPLETED
1790270040 1 COMPLETED
1790270041 1 COMPLETED
1790270042 1 COMPLETED
1790270043 1 COMPLETED
1790270044 1 COMPLETED
1790270045 1 COMPLETED
1790270047 1 COMPLETED
1790270048 1 COMPLETED
1790270049 1 COMPLETED
1790270050 1 COMPLETED
1790270051 1 COMPLETED
1790270052 1 COMPLETED
1790270053 1 COMPLETED
1790270054 1 COMPLETED
1790270055 1 COMPLETED
1790270056 1 COMPLETED
1790270057 1 COMPLETED
1790270058 1 COMPLETED
1790270059 1 COMPLETED
1790270060 1 COMPLETED
1790270061 1 COMPLETED
1790270062 1 COMPLETED
1790270063 1 COMPLETED
1790270064 1 COMPLETED
1790270065 1 COMPLETED
1790270066 1 COMPLETED
1790270067 1 COMPLETED
1790270068 1 COMPLETED
1790270069 1 COMPLETED
1790270070 1 COMPLETED
1790270071 1 COMPLETED
1790270072 1 COMPLETED
1790270074 1 COMPLETED
1790270075 1 COMPLETED
1790270076 1 COMPLETED
1790270077 1 COMPLETED
1790270078 1 COMPLETED
1790270079 1 COMPLETED
1790270080 1 COMPLETED
1790270081 1 COMPLETED
1790270082 1 COMPLETED
1790270083 1 COMPLETED
1790270084 1 COMPLETED
1790270085 1 COMPLETED
1790270086 1 COMPLETED
1790270087 1 COMPLETED
1790270088 1 COMPLETED
1790270089 1 COMPLETED
1790270090 1 COMPLETED
1790270091 1 COMPLETED
1790270092 1 COMPLETED
1790270093 1 COMPLETED
1790270094 1 COMPLETED
1790270095 1 COMPLETED
1790270096 1 COMPLETED
1790270097 1 COMPLETED
1790270098 1 COMPLETED
1790270099 1 COMPLETED
1790270101 1 COMPLETED
1790270102 1 COMPLETED
1790270103 1 COMPLETED
1790270104 1 COMPLETED
1790270105 1 COMPLETED
1790270106 1 COMPLETED
1790270107 1 COMPLETED
1790270108 1 COMPLETED
1790270109 1 COMPLETED
1790270110 1 COMPLETED
1790270111 1 COMPLETED
1790270112 1 COMPLETED
1790270113 1 COMPLETED
1790270114 1 COMPLETED
1790270115 1 COMPLETED
1790270116 1 COMPLETED
1790270117 1 COMPLETED
1790270118 1 COMPLETED
1790270119 1 COMPLETED
1790270120 1 COMPLETED
1790270121 1 COMPLETED
1790270122 1 COMPLETED
1790270123 1 COMPLETED
1790270124 1 COMPLETED
1790270125 1 COMPLETED
1790270126 1 COMPLETED
1790270127 1 COMPLETED
1790270129 1 COMPLETED
1790270130 1 COMPLETED
1790270131 1 COMPLETED
1790270132 1 COMPLETED
1790270133 1 COMPLETED
1790270134 1 COMPLETED
1790270135 1 COMPLETED
1790270136 1 COMPLETED
1790270137 1 COMPLETED
1790270138 1 COMPLETED
1790270139 1 COMPLETED
1790270140 1 COMPLETED
1790270141 1 COMPLETED
1790270142 1 COMPLETED
1790270143 1 COMPLETED
1790270144 1 COMPLETED
1790270145 1 COMPLETED
1790270146 1 COMPLETED
1790270147 1 COMPLETED
1790270148 1 COMPLETED
