/opt/emosa-radio-manager/source/emosa/wsc.py:106: CryptographyDeprecationWarning: Diffie-Hellman over finite fields (FFDH) is deprecated and support will be removed in a future release. Use a more modern key exchange algorithm.
  _private: dh.DHPrivateKey = field(repr=False)
{
  "label": "native-reason-04",
  "candidate_sha256": "dd5784852f384069d40274a322b6a7530931bb8b3760d40085a3e02f7db2d55e",
  "baseline_sha256": "737ab07f89fec1aabcc861bd90ddafda931be2e3e1a108cc7352ea2c3ecd994c",
  "baseline_restored": true,
  "status": "experiment_finished",
  "operations_created": 3,
  "controller_onboarding_proven": false,
  "physical_pod_proven": false,
  "failure_injection": false,
  "runner_sha256": "f2cd6a811d11074950fe275c9c4750fc792c8d13cfb2ab350be9c08004909ebb",
  "runtime_libraries": {
    "libbpl.so.6.0.0": {
      "baseline_sha256": "2e4d0b2ef7dc68e11ad8e6686418555100768634f7462a24f6bb454c77b42cf6",
      "candidate_sha256": "7bc9b040738b30759c73da2a9b3907328e1c468141a332a55e56fd71adf68a0d",
      "unstripped_sha256": "c38342f3274f70f47d65a4b82f23e62c2358f87ef7222e0348a3ad26c421c183"
    }
  },
  "runtime_library_restoration": {
    "libbpl.so.6.0.0": {
      "restored_sha256": "2e4d0b2ef7dc68e11ad8e6686418555100768634f7462a24f6bb454c77b42cf6",
      "restored": true
    }
  },
  "candidate_installed": true,
  "experiment": {
    "label": "native-reason-04",
    "status": "observed_pending_capture_review",
    "controller_onboarding_proven": false,
    "physical_pod_proven": false,
    "native_controller": true,
    "semantic_submission": false,
    "cases": {
      "withheld": true,
      "clients": {
        "clients": "passed",
        "nonce": "a0c761c886485f75ea321873373bbd6f"
      }
    },
    "active_seconds_requested": 900,
    "sustained_operation_proven": false,
    "recovery_checks_requested": true,
    "agent_counter_units": 0,
    "station_removal_observation_requested": true,
    "session_reason_observation_requested": true,
    "capture_health_required": true,
    "capture_buffer_kib": 8192,
    "reporting_policy_receipt_expected": true,
    "medium_loss_requested": false,
    "tx_status_observation_requested": false,
    "telemetry_gap_check_requested": true,
    "forwarding_observation_requested": true,
    "neighbor_binding_requested": true,
    "neighbor_gap_check_requested": true,
    "virtual_link_requested": true,
    "neighbor_metrics_requested": true,
    "peer_path_gap_check_requested": true,
    "netlink_capture_buffer_kib": null,
    "virtual_link_configuration": [
      {
        "kind": "tbf",
        "handle": "4e00:",
        "root": true,
        "refcnt": 17,
        "options": {
          "rate": 12500000,
          "burst": "64Kb/1",
          "mpu": 0,
          "lat": 36700,
          "linklayer": "ethernet"
        },
        "stab": {
          "linklayer": "ethernet",
          "overhead": 24,
          "mpu": 84,
          "mtu": 2048,
          "tsize": 2048
        },
        "bytes": 0,
        "packets": 0,
        "drops": 0,
        "overlimits": 0,
        "requeues": 0,
        "backlog": 0,
        "qlen": 0
      }
    ],
    "previous_controller_collection": {
      "em-baseline-controller": []
    },
    "controller_policy": {
      "submitted": true,
      "virtual_al_mac": "02:00:00:00:30:01",
      "virtual_bss_count": 1,
      "pod_application_proven": false
    },
    "peer_path_configuration": {
      "descriptor": {
        "profile": "owned-isolated-peer-path-v1",
        "run_label": "native-reason-04",
        "profile_epoch": "df59a534-e779-4a84-b3f9-9a6c56986f60",
        "pod": {
          "ifindex": 8,
          "ifname": "eth1",
          "address": "00:16:3e:b2:d2:c4",
          "link_index": 9
        },
        "controller": {
          "ifindex": 12,
          "ifname": "eth1",
          "address": "00:16:3e:b8:c4:a7",
          "link_index": 13
        },
        "pod_peer": {
          "ifindex": 9,
          "ifname": "veth582e8e51",
          "address": "32:1e:e6:27:84:40",
          "link_index": 8
        },
        "control_peer": {
          "ifindex": 113,
          "ifname": "en3a437070",
          "address": "5a:de:90:b0:7e:3c",
          "link_index": 112
        }
      },
      "before": [
        {
          "ifindex": 9,
          "link_index": 8,
          "ifname": "veth582e8e51",
          "flags": [
            "BROADCAST",
            "MULTICAST",
            "UP",
            "LOWER_UP"
          ],
          "mtu": 1500,
          "qdisc": "noqueue",
          "master": "em-base-bh",
          "operstate": "UP",
          "linkmode": "DEFAULT",
          "group": "default",
          "txqlen": 1000,
          "link_type": "ether",
          "address": "32:1e:e6:27:84:40",
          "broadcast": "ff:ff:ff:ff:ff:ff",
          "link_netnsid": 0,
          "promiscuity": 2,
          "allmulti": 1,
          "min_mtu": 68,
          "max_mtu": 65535,
          "linkinfo": {
            "info_kind": "veth",
            "info_slave_kind": "bridge",
            "info_slave_data": {
              "state": "forwarding",
              "priority": 32,
              "cost": 2,
              "hairpin": false,
              "guard": false,
              "root_block": false,
              "fastleave": false,
              "learning": true,
              "flood": true,
              "id": "0x8001",
              "no": "0x1",
              "designated_port": 32769,
              "designated_cost": 0,
              "bridge_id": "8000.0:16:3e:1a:a6:6c",
              "root_id": "8000.0:16:3e:1a:a6:6c",
              "hold_timer": 0.0,
              "message_age_timer": 0.0,
              "forward_delay_timer": 0.0,
              "topology_change_ack": 0,
              "config_pending": 0,
              "proxy_arp": false,
              "proxy_arp_wifi": false,
              "multicast_router": 1,
              "mcast_flood": true,
              "bcast_flood": true,
              "mcast_to_unicast": false,
              "neigh_suppress": false,
              "group_fwd_mask": "0",
              "group_fwd_mask_str": "0x0",
              "vlan_tunnel": false,
              "isolated": false,
              "locked": false
            }
          },
          "inet6_addr_gen_mode": "eui64",
          "num_tx_queues": 16,
          "num_rx_queues": 16,
          "gso_max_size": 65536,
          "gso_max_segs": 65535,
          "tso_max_size": 524280,
          "tso_max_segs": 65535,
          "gro_max_size": 65536
        },
        {
          "ifindex": 13,
          "link_index": 12,
          "ifname": "vethb7172527",
          "flags": [
            "BROADCAST",
            "MULTICAST",
            "UP",
            "LOWER_UP"
          ],
          "mtu": 1500,
          "qdisc": "noqueue",
          "master": "em-base-bh",
          "operstate": "UP",
          "linkmode": "DEFAULT",
          "group": "default",
          "txqlen": 1000,
          "link_type": "ether",
          "address": "02:e8:fa:69:23:8b",
          "broadcast": "ff:ff:ff:ff:ff:ff",
          "link_netnsid": 1,
          "promiscuity": 1,
          "allmulti": 1,
          "min_mtu": 68,
          "max_mtu": 65535,
          "linkinfo": {
            "info_kind": "veth",
            "info_slave_kind": "bridge",
            "info_slave_data": {
              "state": "forwarding",
              "priority": 32,
              "cost": 2,
              "hairpin": false,
              "guard": false,
              "root_block": false,
              "fastleave": false,
              "learning": true,
              "flood": true,
              "id": "0x8002",
              "no": "0x2",
              "designated_port": 32770,
              "designated_cost": 0,
              "bridge_id": "8000.0:16:3e:1a:a6:6c",
              "root_id": "8000.0:16:3e:1a:a6:6c",
              "hold_timer": 0.0,
              "message_age_timer": 0.0,
              "forward_delay_timer": 0.0,
              "topology_change_ack": 0,
              "config_pending": 0,
              "proxy_arp": false,
              "proxy_arp_wifi": false,
              "multicast_router": 1,
              "mcast_flood": true,
              "bcast_flood": true,
              "mcast_to_unicast": false,
              "neigh_suppress": false,
              "group_fwd_mask": "0",
              "group_fwd_mask_str": "0x0",
              "vlan_tunnel": false,
              "isolated": false,
              "locked": false
            }
          },
          "inet6_addr_gen_mode": "eui64",
          "num_tx_queues": 16,
          "num_rx_queues": 16,
          "gso_max_size": 65536,
          "gso_max_segs": 65535,
          "tso_max_size": 524280,
          "tso_max_segs": 65535,
          "gro_max_size": 65536
        },
        {
          "ifindex": 113,
          "link_index": 112,
          "ifname": "en3a437070",
          "flags": [
            "BROADCAST",
            "MULTICAST"
          ],
          "mtu": 1500,
          "qdisc": "noop",
          "master": "em-base-bh",
          "operstate": "DOWN",
          "linkmode": "DEFAULT",
          "group": "default",
          "txqlen": 1000,
          "link_type": "ether",
          "address": "5a:de:90:b0:7e:3c",
          "broadcast": "ff:ff:ff:ff:ff:ff",
          "link_netnsid": 5,
          "promiscuity": 1,
          "allmulti": 1,
          "min_mtu": 68,
          "max_mtu": 65535,
          "linkinfo": {
            "info_kind": "veth",
            "info_slave_kind": "bridge",
            "info_slave_data": {
              "state": "disabled",
              "priority": 32,
              "cost": 2,
              "hairpin": false,
              "guard": false,
              "root_block": false,
              "fastleave": false,
              "learning": true,
              "flood": true,
              "id": "0x8003",
              "no": "0x3",
              "designated_port": 32771,
              "designated_cost": 0,
              "bridge_id": "8000.0:16:3e:1a:a6:6c",
              "root_id": "8000.0:16:3e:1a:a6:6c",
              "hold_timer": 0.0,
              "message_age_timer": 0.0,
              "forward_delay_timer": 0.0,
              "topology_change_ack": 0,
              "config_pending": 0,
              "proxy_arp": false,
              "proxy_arp_wifi": false,
              "multicast_router": 1,
              "mcast_flood": true,
              "bcast_flood": true,
              "mcast_to_unicast": false,
              "neigh_suppress": false,
              "group_fwd_mask": "0",
              "group_fwd_mask_str": "0x0",
              "vlan_tunnel": false,
              "isolated": false,
              "locked": false
            }
          },
          "inet6_addr_gen_mode": "eui64",
          "num_tx_queues": 16,
          "num_rx_queues": 16,
          "gso_max_size": 65536,
          "gso_max_segs": 65535,
          "tso_max_size": 524280,
          "tso_max_segs": 65535,
          "gro_max_size": 65536
        }
      ],
      "offloads": [
        {
          "node": "em-baseline-agent",
          "name": "eth1",
          "before": {
            "tcp-segmentation-offload": {
              "active": true,
              "fixed": null,
              "requested": null
            },
            "tx-tcp-segmentation": {
              "active": true,
              "fixed": false,
              "requested": true
            },
            "tx-tcp-ecn-segmentation": {
              "active": true,
              "fixed": false,
              "requested": true
            },
            "tx-tcp-mangleid-segmentation": {
              "active": true,
              "fixed": false,
              "requested": true
            },
            "tx-tcp6-segmentation": {
              "active": true,
              "fixed": false,
              "requested": true
            },
            "generic-segmentation-offload": {
              "active": true,
              "fixed": false,
              "requested": true
            },
            "generic-receive-offload": {
              "active": false,
              "fixed": false,
              "requested": false
            },
            "large-receive-offload": {
              "active": false,
              "fixed": true,
              "requested": false
            },
            "rx-vlan-offload": {
              "active": true,
              "fixed": false,
              "requested": true
            },
            "tx-vlan-offload": {
              "active": true,
              "fixed": false,
              "requested": true
            },
            "rx-vlan-filter": {
              "active": false,
              "fixed": true,
              "requested": false
            },
            "vlan-challenged": {
              "active": false,
              "fixed": true,
              "requested": false
            },
            "tx-gso-robust": {
              "active": false,
              "fixed": true,
              "requested": false
            },
            "tx-fcoe-segmentation": {
              "active": false,
              "fixed": true,
              "requested": false
            },
            "tx-gre-segmentation": {
              "active": true,
              "fixed": false,
              "requested": true
            },
            "tx-gre-csum-segmentation": {
              "active": true,
              "fixed": false,
              "requested": true
            },
            "tx-ipxip4-segmentation": {
              "active": true,
              "fixed": false,
              "requested": true
            },
            "tx-ipxip6-segmentation": {
              "active": true,
              "fixed": false,
              "requested": true
            },
            "tx-udp_tnl-segmentation": {
              "active": true,
              "fixed": false,
              "requested": true
            },
            "tx-udp_tnl-csum-segmentation": {
              "active": true,
              "fixed": false,
              "requested": true
            },
            "tx-gso-partial": {
              "active": false,
              "fixed": true,
              "requested": false
            },
            "tx-tunnel-remcsum-segmentation": {
              "active": false,
              "fixed": true,
              "requested": false
            },
            "tx-sctp-segmentation": {
              "active": true,
              "fixed": false,
              "requested": true
            },
            "tx-esp-segmentation": {
              "active": false,
              "fixed": true,
              "requested": false
            },
            "tx-udp-segmentation": {
              "active": true,
              "fixed": false,
              "requested": true
            },
            "tx-gso-list": {
              "active": true,
              "fixed": false,
              "requested": true
            },
            "tx-vlan-stag-hw-insert": {
              "active": true,
              "fixed": false,
              "requested": true
            },
            "rx-vlan-stag-hw-parse": {
              "active": true,
              "fixed": false,
              "requested": true
            },
            "rx-vlan-stag-filter": {
              "active": false,
              "fixed": true,
              "requested": false
            },
            "rx-gro-hw": {
              "active": false,
              "fixed": true,
              "requested": false
            },
            "rx-gro-list": {
              "active": false,
              "fixed": false,
              "requested": false
            },
            "rx-udp-gro-forwarding": {
              "active": false,
              "fixed": false,
              "requested": false
            }
          },
          "after": {
            "tcp-segmentation-offload": {
              "active": true,
              "fixed": null,
              "requested": null
            },
            "tx-tcp-segmentation": {
              "active": true,
              "fixed": false,
              "requested": true
            },
            "tx-tcp-ecn-segmentation": {
              "active": true,
              "fixed": false,
              "requested": true
            },
            "tx-tcp-mangleid-segmentation": {
              "active": true,
              "fixed": false,
              "requested": true
            },
            "tx-tcp6-segmentation": {
              "active": true,
              "fixed": false,
              "requested": true
            },
            "generic-segmentation-offload": {
              "active": true,
              "fixed": false,
              "requested": true
            },
            "generic-receive-offload": {
              "active": false,
              "fixed": false,
              "requested": false
            },
            "large-receive-offload": {
              "active": false,
              "fixed": true,
              "requested": false
            },
            "rx-vlan-offload": {
              "active": true,
              "fixed": false,
              "requested": true
            },
            "tx-vlan-offload": {
              "active": true,
              "fixed": false,
              "requested": true
            },
            "rx-vlan-filter": {
              "active": false,
              "fixed": true,
              "requested": false
            },
            "vlan-challenged": {
              "active": false,
              "fixed": true,
              "requested": false
            },
            "tx-gso-robust": {
              "active": false,
              "fixed": true,
              "requested": false
            },
            "tx-fcoe-segmentation": {
              "active": false,
              "fixed": true,
              "requested": false
            },
            "tx-gre-segmentation": {
              "active": true,
              "fixed": false,
              "requested": true
            },
            "tx-gre-csum-segmentation": {
              "active": true,
              "fixed": false,
              "requested": true
            },
            "tx-ipxip4-segmentation": {
              "active": true,
              "fixed": false,
              "requested": true
            },
            "tx-ipxip6-segmentation": {
              "active": true,
              "fixed": false,
              "requested": true
            },
            "tx-udp_tnl-segmentation": {
              "active": true,
              "fixed": false,
              "requested": true
            },
            "tx-udp_tnl-csum-segmentation": {
              "active": true,
              "fixed": false,
              "requested": true
            },
            "tx-gso-partial": {
              "active": false,
              "fixed": true,
              "requested": false
            },
            "tx-tunnel-remcsum-segmentation": {
              "active": false,
              "fixed": true,
              "requested": false
            },
            "tx-sctp-segmentation": {
              "active": true,
              "fixed": false,
              "requested": true
            },
            "tx-esp-segmentation": {
              "active": false,
              "fixed": true,
              "requested": false
            },
            "tx-udp-segmentation": {
              "active": true,
              "fixed": false,
              "requested": true
            },
            "tx-gso-list": {
              "active": true,
              "fixed": false,
              "requested": true
            },
            "tx-vlan-stag-hw-insert": {
              "active": true,
              "fixed": false,
              "requested": true
            },
            "rx-vlan-stag-hw-parse": {
              "active": true,
              "fixed": false,
              "requested": true
            },
            "rx-vlan-stag-filter": {
              "active": false,
              "fixed": true,
              "requested": false
            },
            "rx-gro-hw": {
              "active": false,
              "fixed": true,
              "requested": false
            },
            "rx-gro-list": {
              "active": false,
              "fixed": false,
              "requested": false
            },
            "rx-udp-gro-forwarding": {
              "active": false,
              "fixed": false,
              "requested": false
            }
          }
        },
        {
          "node": null,
          "name": "veth582e8e51",
          "before": {
            "tcp-segmentation-offload": {
              "active": true,
              "fixed": null,
              "requested": null
            },
            "tx-tcp-segmentation": {
              "active": true,
              "fixed": false,
              "requested": true
            },
            "tx-tcp-ecn-segmentation": {
              "active": true,
              "fixed": false,
              "requested": true
            },
            "tx-tcp-mangleid-segmentation": {
              "active": true,
              "fixed": false,
              "requested": true
            },
            "tx-tcp6-segmentation": {
              "active": true,
              "fixed": false,
              "requested": true
            },
            "generic-segmentation-offload": {
              "active": true,
              "fixed": false,
              "requested": true
            },
            "generic-receive-offload": {
              "active": false,
              "fixed": false,
              "requested": false
            },
            "large-receive-offload": {
              "active": false,
              "fixed": true,
              "requested": false
            },
            "rx-vlan-offload": {
              "active": true,
              "fixed": false,
              "requested": true
            },
            "tx-vlan-offload": {
              "active": true,
              "fixed": false,
              "requested": true
            },
            "rx-vlan-filter": {
              "active": false,
              "fixed": true,
              "requested": false
            },
            "vlan-challenged": {
              "active": false,
              "fixed": true,
              "requested": false
            },
            "tx-gso-robust": {
              "active": false,
              "fixed": true,
              "requested": false
            },
            "tx-fcoe-segmentation": {
              "active": false,
              "fixed": true,
              "requested": false
            },
            "tx-gre-segmentation": {
              "active": true,
              "fixed": false,
              "requested": true
            },
            "tx-gre-csum-segmentation": {
              "active": true,
              "fixed": false,
              "requested": true
            },
            "tx-ipxip4-segmentation": {
              "active": true,
              "fixed": false,
              "requested": true
            },
            "tx-ipxip6-segmentation": {
              "active": true,
              "fixed": false,
              "requested": true
            },
            "tx-udp_tnl-segmentation": {
              "active": true,
              "fixed": false,
              "requested": true
            },
            "tx-udp_tnl-csum-segmentation": {
              "active": true,
              "fixed": false,
              "requested": true
            },
            "tx-gso-partial": {
              "active": false,
              "fixed": true,
              "requested": false
            },
            "tx-tunnel-remcsum-segmentation": {
              "active": false,
              "fixed": true,
              "requested": false
            },
            "tx-sctp-segmentation": {
              "active": true,
              "fixed": false,
              "requested": true
            },
            "tx-esp-segmentation": {
              "active": false,
              "fixed": true,
              "requested": false
            },
            "tx-udp-segmentation": {
              "active": true,
              "fixed": false,
              "requested": true
            },
            "tx-gso-list": {
              "active": true,
              "fixed": false,
              "requested": true
            },
            "tx-vlan-stag-hw-insert": {
              "active": true,
              "fixed": false,
              "requested": true
            },
            "rx-vlan-stag-hw-parse": {
              "active": true,
              "fixed": false,
              "requested": true
            },
            "rx-vlan-stag-filter": {
              "active": false,
              "fixed": true,
              "requested": false
            },
            "rx-gro-hw": {
              "active": false,
              "fixed": true,
              "requested": false
            },
            "rx-gro-list": {
              "active": false,
              "fixed": false,
              "requested": false
            },
            "rx-udp-gro-forwarding": {
              "active": false,
              "fixed": false,
              "requested": false
            }
          },
          "after": {
            "tcp-segmentation-offload": {
              "active": true,
              "fixed": null,
              "requested": null
            },
            "tx-tcp-segmentation": {
              "active": true,
              "fixed": false,
              "requested": true
            },
            "tx-tcp-ecn-segmentation": {
              "active": true,
              "fixed": false,
              "requested": true
            },
            "tx-tcp-mangleid-segmentation": {
              "active": true,
              "fixed": false,
              "requested": true
            },
            "tx-tcp6-segmentation": {
              "active": true,
              "fixed": false,
              "requested": true
            },
            "generic-segmentation-offload": {
              "active": true,
              "fixed": false,
              "requested": true
            },
            "generic-receive-offload": {
              "active": false,
              "fixed": false,
              "requested": false
            },
            "large-receive-offload": {
              "active": false,
              "fixed": true,
              "requested": false
            },
            "rx-vlan-offload": {
              "active": true,
              "fixed": false,
              "requested": true
            },
            "tx-vlan-offload": {
              "active": true,
              "fixed": false,
              "requested": true
            },
            "rx-vlan-filter": {
              "active": false,
              "fixed": true,
              "requested": false
            },
            "vlan-challenged": {
              "active": false,
              "fixed": true,
              "requested": false
            },
            "tx-gso-robust": {
              "active": false,
              "fixed": true,
              "requested": false
            },
            "tx-fcoe-segmentation": {
              "active": false,
              "fixed": true,
              "requested": false
            },
            "tx-gre-segmentation": {
              "active": true,
              "fixed": false,
              "requested": true
            },
            "tx-gre-csum-segmentation": {
              "active": true,
              "fixed": false,
              "requested": true
            },
            "tx-ipxip4-segmentation": {
              "active": true,
              "fixed": false,
              "requested": true
            },
            "tx-ipxip6-segmentation": {
              "active": true,
              "fixed": false,
              "requested": true
            },
            "tx-udp_tnl-segmentation": {
              "active": true,
              "fixed": false,
              "requested": true
            },
            "tx-udp_tnl-csum-segmentation": {
              "active": true,
              "fixed": false,
              "requested": true
            },
            "tx-gso-partial": {
              "active": false,
              "fixed": true,
              "requested": false
            },
            "tx-tunnel-remcsum-segmentation": {
              "active": false,
              "fixed": true,
              "requested": false
            },
            "tx-sctp-segmentation": {
              "active": true,
              "fixed": false,
              "requested": true
            },
            "tx-esp-segmentation": {
              "active": false,
              "fixed": true,
              "requested": false
            },
            "tx-udp-segmentation": {
              "active": true,
              "fixed": false,
              "requested": true
            },
            "tx-gso-list": {
              "active": true,
              "fixed": false,
              "requested": true
            },
            "tx-vlan-stag-hw-insert": {
              "active": true,
              "fixed": false,
              "requested": true
            },
            "rx-vlan-stag-hw-parse": {
              "active": true,
              "fixed": false,
              "requested": true
            },
            "rx-vlan-stag-filter": {
              "active": false,
              "fixed": true,
              "requested": false
            },
            "rx-gro-hw": {
              "active": false,
              "fixed": true,
              "requested": false
            },
            "rx-gro-list": {
              "active": false,
              "fixed": false,
              "requested": false
            },
            "rx-udp-gro-forwarding": {
              "active": false,
              "fixed": false,
              "requested": false
            }
          }
        }
      ]
    },
    "initial_observed_neighbor": {
      "available": true,
      "reason": "observed_neighbor_bound",
      "binding": {
        "generation": 1,
        "capture_epoch": "fdf20275-a29a-4ffc-a92e-fe584a880ea9",
        "local_interface": "00:16:3e:b2:d2:c4",
        "local_ifindex": 8,
        "neighbor_al": "02:00:00:e0:00:01",
        "neighbor_interface": "00:16:3e:b8:c4:a7",
        "discovery_received_ns": 45830164853255,
        "bridges_present": true,
        "valid_until_ns": 45840277949659
      },
      "measurement_source_qualified": false,
      "media_representation": "owned-simulator Ethernet fixture; physical PHY unqualified"
    },
    "controller_radio_bss": {
      "Device.WiFi.DataElements.Network.Device.2.Radio.1.": {
        "TrafficSeparationCombinedBackhaul": false,
        "CurrentOperatingClassProfileNumberOfEntries": 5,
        "TrafficSeparationCombinedFronthaul": false,
        "BSSNumberOfEntries": 1,
        "Noise": 0,
        "ChannelUtilizationReportingThreshold": 0,
        "APMetricsWiFi6": true,
        "UnassociatedSTANumberOfEntries": 0,
        "SteeringPolicy": 0,
        "ScanResultNumberOfEntries": 0,
        "AssociatedSTATrafficStatsInclusionPolicy": true,
        "ReceiveSelf": 0,
        "Enabled": true,
        "ReceiveOther": 0,
        "ChipsetVendor": "mac80211_hwsim",
        "RCPISteeringThreshold": 0,
        "ID": "02:00:00:ec:02:00",
        "STAReportingRCPIThreshold": 0,
        "ChannelUtilizationThreshold": 0,
        "STAReportingRCPIHysteresisMarginOverride": 0,
        "AssociatedSTALinkMetricsInclusionPolicy": true,
        "Transmit": 0,
        "X_PRPLWARE-COM_Name": "N/A",
        "Utilization": 0
      },
      "Device.WiFi.DataElements.Network.Device.2.Radio.1.BSS.1.": {
        "BackhaulUse": false,
        "MulticastBytesReceived": 0,
        "BroadcastBytesSent": 0,
        "EstServiceParametersVI": 0,
        "UnicastBytesSent": 0,
        "BroadcastBytesReceived": 0,
        "STANumberOfEntries": 0,
        "EstServiceParametersVO": 0,
        "Enabled": true,
        "X_PRPLWARE-COM_VAPID": true,
        "FronthaulUse": true,
        "SSID": "emosa-controller-trial",
        "EstServiceParametersBE": 0,
        "BSSID": "02:00:00:ec:02:00",
        "UnicastBytesReceived": 0,
        "LastChange": 11,
        "TimeStamp": "2026-09-23T12:32:18.941236614Z",
        "EstServiceParametersBK": 0,
        "ByteCounterUnits": 0,
        "MulticastBytesSent": 0,
        "IsVBSS": false
      }
    },
    "telemetry_gap_check_completed": true,
    "peer_path_gap_check_completed": true,
    "neighbor_gap_check_completed": true,
    "active_observed_seconds": 901.5653266309964,
    "active_samples": 129,
    "recovery_checks_completed": 2,
    "active_controller_station_seen": true,
    "initial_operation": {
      "operation": {
        "operation_id": "cfd79884-d3de-4f47-b084-1dd94c59a77b",
        "initiating_interface": "wsc-component",
        "state": "OBSERVED_APPLIED",
        "reason": null,
        "attempts": 1,
        "commit_attribution": "reply",
        "application_evidence": {
          "fresh": true,
          "predicate_satisfied": true,
          "generation": 1,
          "revision": 3,
          "received_at": "2026-09-23T12:32:18.892Z",
          "source": "ovsdb",
          "provenance": "independent-hostapd-nl80211-manager:Wifi_VIF_State"
        },
        "receipt": {
          "scope": "owned_simulation_wsc_component",
          "m1_sha256": "fb85554fa9ed9838556185e2cc5bc7f53806f42138095e7c67670fb8dc1b421c",
          "controller_al": "020000e00001",
          "agent_al": "020000003001",
          "ruid": "020000ec0200",
          "bssid": "020000ec0200",
          "ingress": "probe0",
          "link_generation": 1,
          "database_generation": 1,
          "schema_fingerprint": "b270004824e71adb122131b9cce7fe5b4c828e353ae3b1eef796f2eb32d20a16",
          "first_mid": 19,
          "pod_id": "pod-1",
          "radio_id": "radio-1",
          "bss_id": "bss-1"
        }
      },
      "operations": [
        {
          "operation_id": "cfd79884-d3de-4f47-b084-1dd94c59a77b",
          "initiating_interface": "wsc-component",
          "state": "OBSERVED_APPLIED",
          "reason": null,
          "attempts": 1,
          "commit_attribution": "reply",
          "application_evidence": {
            "fresh": true,
            "predicate_satisfied": true,
            "generation": 1,
            "revision": 3,
            "received_at": "2026-09-23T12:32:18.892Z",
            "source": "ovsdb",
            "provenance": "independent-hostapd-nl80211-manager:Wifi_VIF_State"
          },
          "receipt": {
            "scope": "owned_simulation_wsc_component",
            "m1_sha256": "fb85554fa9ed9838556185e2cc5bc7f53806f42138095e7c67670fb8dc1b421c",
            "controller_al": "020000e00001",
            "agent_al": "020000003001",
            "ruid": "020000ec0200",
            "bssid": "020000ec0200",
            "ingress": "probe0",
            "link_generation": 1,
            "database_generation": 1,
            "schema_fingerprint": "b270004824e71adb122131b9cce7fe5b4c828e353ae3b1eef796f2eb32d20a16",
            "first_mid": 19,
            "pod_id": "pod-1",
            "radio_id": "radio-1",
            "bss_id": "bss-1"
          }
        }
      ],
      "operation_count": 1,
      "writes": 1,
      "journal_write_attempts": 1,
      "process_id": "8011254d-bac0-4c1a-87df-019c5eaa4e64",
      "config_ssid": "emosa-controller-trial",
      "observed_ssid": "emosa-controller-trial"
    },
    "operation": {
      "operation": {
        "operation_id": "cfd79884-d3de-4f47-b084-1dd94c59a77b",
        "initiating_interface": "wsc-component",
        "state": "OBSERVED_APPLIED",
        "reason": null,
        "attempts": 1,
        "commit_attribution": "reply",
        "application_evidence": {
          "fresh": true,
          "predicate_satisfied": true,
          "generation": 1,
          "revision": 3,
          "received_at": "2026-09-23T12:32:18.892Z",
          "source": "ovsdb",
          "provenance": "independent-hostapd-nl80211-manager:Wifi_VIF_State"
        },
        "receipt": {
          "scope": "owned_simulation_wsc_component",
          "m1_sha256": "fb85554fa9ed9838556185e2cc5bc7f53806f42138095e7c67670fb8dc1b421c",
          "controller_al": "020000e00001",
          "agent_al": "020000003001",
          "ruid": "020000ec0200",
          "bssid": "020000ec0200",
          "ingress": "probe0",
          "link_generation": 1,
          "database_generation": 1,
          "schema_fingerprint": "b270004824e71adb122131b9cce7fe5b4c828e353ae3b1eef796f2eb32d20a16",
          "first_mid": 19,
          "pod_id": "pod-1",
          "radio_id": "radio-1",
          "bss_id": "bss-1"
        }
      },
      "operations": [
        {
          "operation_id": "cfd79884-d3de-4f47-b084-1dd94c59a77b",
          "initiating_interface": "wsc-component",
          "state": "OBSERVED_APPLIED",
          "reason": null,
          "attempts": 1,
          "commit_attribution": "reply",
          "application_evidence": {
            "fresh": true,
            "predicate_satisfied": true,
            "generation": 1,
            "revision": 3,
            "received_at": "2026-09-23T12:32:18.892Z",
            "source": "ovsdb",
            "provenance": "independent-hostapd-nl80211-manager:Wifi_VIF_State"
          },
          "receipt": {
            "scope": "owned_simulation_wsc_component",
            "m1_sha256": "fb85554fa9ed9838556185e2cc5bc7f53806f42138095e7c67670fb8dc1b421c",
            "controller_al": "020000e00001",
            "agent_al": "020000003001",
            "ruid": "020000ec0200",
            "bssid": "020000ec0200",
            "ingress": "probe0",
            "link_generation": 1,
            "database_generation": 1,
            "schema_fingerprint": "b270004824e71adb122131b9cce7fe5b4c828e353ae3b1eef796f2eb32d20a16",
            "first_mid": 19,
            "pod_id": "pod-1",
            "radio_id": "radio-1",
            "bss_id": "bss-1"
          }
        },
        {
          "operation_id": "32266669-b150-4b27-b1db-2560d1be4106",
          "initiating_interface": "wsc-component",
          "state": "OBSERVED_APPLIED",
          "reason": null,
          "attempts": 0,
          "commit_attribution": "not_submitted",
          "application_evidence": {
            "fresh": true,
            "predicate_satisfied": true,
            "generation": 2,
            "revision": 428,
            "received_at": "2026-09-23T12:37:42.374Z",
            "source": "ovsdb",
            "provenance": "independent-hostapd-nl80211-manager:Wifi_VIF_State",
            "observed_noop": true
          },
          "receipt": {
            "scope": "owned_simulation_wsc_component",
            "m1_sha256": "19329651e77fb8cbc67bdc3c3543082a6027503359f0d188014d65985284b757",
            "controller_al": "020000e00001",
            "agent_al": "020000003001",
            "ruid": "020000ec0200",
            "bssid": "020000ec0200",
            "ingress": "probe0",
            "link_generation": 1,
            "database_generation": 2,
            "schema_fingerprint": "b270004824e71adb122131b9cce7fe5b4c828e353ae3b1eef796f2eb32d20a16",
            "first_mid": 72,
            "pod_id": "pod-1",
            "radio_id": "radio-1",
            "bss_id": "bss-1"
          }
        },
        {
          "operation_id": "60e0d6d1-d2d4-4bd3-bfd9-dfd18c677d46",
          "initiating_interface": "wsc-component",
          "state": "OBSERVED_APPLIED",
          "reason": null,
          "attempts": 0,
          "commit_attribution": "not_submitted",
          "application_evidence": {
            "fresh": true,
            "predicate_satisfied": true,
            "generation": 1,
            "revision": 1,
            "received_at": "2026-09-23T12:42:36.911Z",
            "source": "ovsdb",
            "provenance": "independent-hostapd-nl80211-manager:Wifi_VIF_State",
            "observed_noop": true
          },
          "receipt": {
            "scope": "owned_simulation_wsc_component",
            "m1_sha256": "392f131a7600aa11d649433c32ec4111b497f9cef3ecce2d64f4c1a416cc6ad4",
            "controller_al": "020000e00001",
            "agent_al": "020000003001",
            "ruid": "020000ec0200",
            "bssid": "020000ec0200",
            "ingress": "probe0",
            "link_generation": 1,
            "database_generation": 1,
            "schema_fingerprint": "b270004824e71adb122131b9cce7fe5b4c828e353ae3b1eef796f2eb32d20a16",
            "first_mid": 122,
            "pod_id": "pod-1",
            "radio_id": "radio-1",
            "bss_id": "bss-1"
          }
        }
      ],
      "operation_count": 3,
      "writes": 0,
      "journal_write_attempts": 1,
      "process_id": "26056fb8-af43-4b64-a159-0953702498d1",
      "config_ssid": "emosa-controller-trial",
      "observed_ssid": "emosa-controller-trial"
    },
    "station_removal_observation": {
      "counts": {
        "del_station": 35,
        "new_station": 36
      },
      "errors": [],
      "event": "finished",
      "final_counter_source_qualified": false,
      "received_monotonic_after_ns": 46758229722319,
      "received_monotonic_ns": 46758229721307,
      "received_wall_ns": 1790167656158216585,
      "remaining_observed_stations": [
        "02:00:00:00:02:00"
      ]
    },
    "session_reason_observation": {
      "profile": "owned-hwsim-reason-join-v1",
      "collector_epoch": "9aaa8a00-dd90-4a83-b4cf-cbf1086d197f",
      "run_label": "native-reason-04",
      "interface": "hwsim0",
      "ifindex": 19,
      "collector_sha256": "0f810a1f5275f916eb380c52092b44ae031d6de78ca76dbb96133b8af791bc5a",
      "boot_id": "ce35a9b0-e10d-4857-83cc-730ffd177a7d",
      "running": false,
      "ready": true,
      "errors": [],
      "joined": 35,
      "socket_packets": 45607,
      "socket_drops": 0,
      "final_counter_source_qualified": false,
      "physical_pod_changed": false,
      "initial_clock_sample": {
        "monotonic_ns": 45801427494103,
        "wall_ns": 1790166699355989251,
        "monotonic_after_ns": 45801427494905
      },
      "last_clock_sample": {
        "monotonic_ns": 46758375931504,
        "wall_ns": 1790167656304426522,
        "monotonic_after_ns": 46758375932215
      },
      "heartbeat_monotonic_ns": 46758324048130,
      "last_kernel_clock_sample": {
        "wall_ns": 1790167656158216585,
        "monotonic_ns": 46758229721307,
        "monotonic_after_ns": 46758229722319
      },
      "kernel_collector": {
        "boot_id": "4646cf49-821c-4068-9b73-60e29bc0924d",
        "bssid": "02:00:00:ec:02:00",
        "byteorder": "little",
        "collector_sha256": "04b199fd8fdb6063e6f00610f5a2884bf9ca670116660a5f6ebb380929a7e961",
        "event": "ready",
        "family": 38,
        "final_counter_source_qualified": false,
        "ifindex": 17,
        "interface": "wlan0",
        "kernel": "6.8.0-139-generic",
        "machine": "x86_64",
        "mlme_group": 22,
        "network_namespace": "net:[4026532652]",
        "received_monotonic_after_ns": 45800305474186,
        "received_monotonic_ns": 45800305473305,
        "received_wall_ns": 1790166698233968503
      },
      "kernel_finished": {
        "counts": {
          "del_station": 35,
          "new_station": 36
        },
        "errors": [],
        "event": "finished",
        "final_counter_source_qualified": false,
        "received_monotonic_after_ns": 46758229722319,
        "received_monotonic_ns": 46758229721307,
        "received_wall_ns": 1790167656158216585,
        "remaining_observed_stations": [
          "02:00:00:00:02:00"
        ]
      }
    },
    "virtual_link_restoration": {
      "before": [
        {
          "kind": "noqueue",
          "handle": "0:",
          "root": true,
          "refcnt": 2,
          "options": {},
          "bytes": 0,
          "packets": 0,
          "drops": 0,
          "overlimits": 0,
          "requeues": 0,
          "backlog": 0,
          "qlen": 0
        }
      ],
      "after": [
        {
          "kind": "noqueue",
          "handle": "0:",
          "root": true,
          "refcnt": 2,
          "options": {},
          "bytes": 0,
          "packets": 0,
          "drops": 0,
          "overlimits": 0,
          "requeues": 0,
          "backlog": 0,
          "qlen": 0
        }
      ],
      "restored": true
    },
    "native_shutdown": {
      "em-baseline-controller": [
        {
          "unit": "agent",
          "before": {
            "MainPID": "17134",
            "ActiveState": "active"
          },
          "after": {
            "Result": "success",
            "ExecMainStatus": "0"
          }
        },
        {
          "unit": "controller",
          "before": {
            "MainPID": "17127",
            "ActiveState": "active"
          },
          "after": {
            "Result": "success",
            "ExecMainStatus": "0"
          }
        },
        {
          "unit": "transport",
          "before": {
            "MainPID": "17123",
            "ActiveState": "active"
          },
          "after": {
            "Result": "success",
            "ExecMainStatus": "0"
          }
        },
        {
          "unit": "bus",
          "before": {
            "MainPID": "17119",
            "ActiveState": "active"
          },
          "after": {
            "Result": "success",
            "ExecMainStatus": "0"
          }
        },
        {
          "unit": "hostap",
          "before": {
            "MainPID": "17109",
            "ActiveState": "active"
          },
          "after": {
            "Result": "success",
            "ExecMainStatus": "0"
          }
        }
      ]
    },
    "peer_path_restoration": {
      "restored": true,
      "after": [
        {
          "ifindex": 9,
          "link_index": 8,
          "ifname": "veth582e8e51",
          "flags": [
            "BROADCAST",
            "MULTICAST",
            "UP",
            "LOWER_UP"
          ],
          "mtu": 1500,
          "qdisc": "noqueue",
          "master": "em-base-bh",
          "operstate": "UP",
          "linkmode": "DEFAULT",
          "group": "default",
          "txqlen": 1000,
          "link_type": "ether",
          "address": "32:1e:e6:27:84:40",
          "broadcast": "ff:ff:ff:ff:ff:ff",
          "link_netnsid": 0,
          "promiscuity": 1,
          "allmulti": 1,
          "min_mtu": 68,
          "max_mtu": 65535,
          "linkinfo": {
            "info_kind": "veth",
            "info_slave_kind": "bridge",
            "info_slave_data": {
              "state": "forwarding",
              "priority": 32,
              "cost": 2,
              "hairpin": false,
              "guard": false,
              "root_block": false,
              "fastleave": false,
              "learning": true,
              "flood": true,
              "id": "0x8001",
              "no": "0x1",
              "designated_port": 32769,
              "designated_cost": 0,
              "bridge_id": "8000.0:16:3e:1a:a6:6c",
              "root_id": "8000.0:16:3e:1a:a6:6c",
              "hold_timer": 0.0,
              "message_age_timer": 0.0,
              "forward_delay_timer": 0.0,
              "topology_change_ack": 0,
              "config_pending": 0,
              "proxy_arp": false,
              "proxy_arp_wifi": false,
              "multicast_router": 1,
              "mcast_flood": true,
              "bcast_flood": true,
              "mcast_to_unicast": false,
              "neigh_suppress": false,
              "group_fwd_mask": "0",
              "group_fwd_mask_str": "0x0",
              "vlan_tunnel": false,
              "isolated": false,
              "locked": false
            }
          },
          "inet6_addr_gen_mode": "eui64",
          "num_tx_queues": 16,
          "num_rx_queues": 16,
          "gso_max_size": 65536,
          "gso_max_segs": 65535,
          "tso_max_size": 524280,
          "tso_max_segs": 65535,
          "gro_max_size": 65536
        },
        {
          "ifindex": 13,
          "link_index": 12,
          "ifname": "vethb7172527",
          "flags": [
            "BROADCAST",
            "MULTICAST",
            "UP",
            "LOWER_UP"
          ],
          "mtu": 1500,
          "qdisc": "noqueue",
          "master": "em-base-bh",
          "operstate": "UP",
          "linkmode": "DEFAULT",
          "group": "default",
          "txqlen": 1000,
          "link_type": "ether",
          "address": "02:e8:fa:69:23:8b",
          "broadcast": "ff:ff:ff:ff:ff:ff",
          "link_netnsid": 1,
          "promiscuity": 1,
          "allmulti": 1,
          "min_mtu": 68,
          "max_mtu": 65535,
          "linkinfo": {
            "info_kind": "veth",
            "info_slave_kind": "bridge",
            "info_slave_data": {
              "state": "forwarding",
              "priority": 32,
              "cost": 2,
              "hairpin": false,
              "guard": false,
              "root_block": false,
              "fastleave": false,
              "learning": true,
              "flood": true,
              "id": "0x8002",
              "no": "0x2",
              "designated_port": 32770,
              "designated_cost": 0,
              "bridge_id": "8000.0:16:3e:1a:a6:6c",
              "root_id": "8000.0:16:3e:1a:a6:6c",
              "hold_timer": 0.0,
              "message_age_timer": 0.0,
              "forward_delay_timer": 0.0,
              "topology_change_ack": 0,
              "config_pending": 0,
              "proxy_arp": false,
              "proxy_arp_wifi": false,
              "multicast_router": 1,
              "mcast_flood": true,
              "bcast_flood": true,
              "mcast_to_unicast": false,
              "neigh_suppress": false,
              "group_fwd_mask": "0",
              "group_fwd_mask_str": "0x0",
              "vlan_tunnel": false,
              "isolated": false,
              "locked": false
            }
          },
          "inet6_addr_gen_mode": "eui64",
          "num_tx_queues": 16,
          "num_rx_queues": 16,
          "gso_max_size": 65536,
          "gso_max_segs": 65535,
          "tso_max_size": 524280,
          "tso_max_segs": 65535,
          "gro_max_size": 65536
        },
        {
          "ifindex": 113,
          "link_index": 112,
          "ifname": "en3a437070",
          "flags": [
            "BROADCAST",
            "MULTICAST",
            "UP",
            "LOWER_UP"
          ],
          "mtu": 1500,
          "qdisc": "noqueue",
          "master": "em-base-bh",
          "operstate": "UP",
          "linkmode": "DEFAULT",
          "group": "default",
          "txqlen": 1000,
          "link_type": "ether",
          "address": "5a:de:90:b0:7e:3c",
          "broadcast": "ff:ff:ff:ff:ff:ff",
          "link_netnsid": 5,
          "promiscuity": 1,
          "allmulti": 1,
          "min_mtu": 68,
          "max_mtu": 65535,
          "linkinfo": {
            "info_kind": "veth",
            "info_slave_kind": "bridge",
            "info_slave_data": {
              "state": "forwarding",
              "priority": 32,
              "cost": 2,
              "hairpin": false,
              "guard": false,
              "root_block": false,
              "fastleave": false,
              "learning": true,
              "flood": true,
              "id": "0x8003",
              "no": "0x3",
              "designated_port": 32771,
              "designated_cost": 0,
              "bridge_id": "8000.0:16:3e:1a:a6:6c",
              "root_id": "8000.0:16:3e:1a:a6:6c",
              "hold_timer": 0.0,
              "message_age_timer": 0.0,
              "forward_delay_timer": 0.0,
              "topology_change_ack": 0,
              "config_pending": 0,
              "proxy_arp": false,
              "proxy_arp_wifi": false,
              "multicast_router": 1,
              "mcast_flood": true,
              "bcast_flood": true,
              "mcast_to_unicast": false,
              "neigh_suppress": false,
              "group_fwd_mask": "0",
              "group_fwd_mask_str": "0x0",
              "vlan_tunnel": false,
              "isolated": false,
              "locked": false
            }
          },
          "inet6_addr_gen_mode": "eui64",
          "num_tx_queues": 16,
          "num_rx_queues": 16,
          "gso_max_size": 65536,
          "gso_max_segs": 65535,
          "tso_max_size": 524280,
          "tso_max_segs": 65535,
          "gro_max_size": 65536
        }
      ],
      "offloads": [
        {
          "node": "em-baseline-agent",
          "name": "eth1",
          "before": {
            "tcp-segmentation-offload": {
              "active": true,
              "fixed": null,
              "requested": null
            },
            "tx-tcp-segmentation": {
              "active": true,
              "fixed": false,
              "requested": true
            },
            "tx-tcp-ecn-segmentation": {
              "active": true,
              "fixed": false,
              "requested": true
            },
            "tx-tcp-mangleid-segmentation": {
              "active": true,
              "fixed": false,
              "requested": true
            },
            "tx-tcp6-segmentation": {
              "active": true,
              "fixed": false,
              "requested": true
            },
            "generic-segmentation-offload": {
              "active": true,
              "fixed": false,
              "requested": true
            },
            "generic-receive-offload": {
              "active": false,
              "fixed": false,
              "requested": false
            },
            "large-receive-offload": {
              "active": false,
              "fixed": true,
              "requested": false
            },
            "rx-vlan-offload": {
              "active": true,
              "fixed": false,
              "requested": true
            },
            "tx-vlan-offload": {
              "active": true,
              "fixed": false,
              "requested": true
            },
            "rx-vlan-filter": {
              "active": false,
              "fixed": true,
              "requested": false
            },
            "vlan-challenged": {
              "active": false,
              "fixed": true,
              "requested": false
            },
            "tx-gso-robust": {
              "active": false,
              "fixed": true,
              "requested": false
            },
            "tx-fcoe-segmentation": {
              "active": false,
              "fixed": true,
              "requested": false
            },
            "tx-gre-segmentation": {
              "active": true,
              "fixed": false,
              "requested": true
            },
            "tx-gre-csum-segmentation": {
              "active": true,
              "fixed": false,
              "requested": true
            },
            "tx-ipxip4-segmentation": {
              "active": true,
              "fixed": false,
              "requested": true
            },
            "tx-ipxip6-segmentation": {
              "active": true,
              "fixed": false,
              "requested": true
            },
            "tx-udp_tnl-segmentation": {
              "active": true,
              "fixed": false,
              "requested": true
            },
            "tx-udp_tnl-csum-segmentation": {
              "active": true,
              "fixed": false,
              "requested": true
            },
            "tx-gso-partial": {
              "active": false,
              "fixed": true,
              "requested": false
            },
            "tx-tunnel-remcsum-segmentation": {
              "active": false,
              "fixed": true,
              "requested": false
            },
            "tx-sctp-segmentation": {
              "active": true,
              "fixed": false,
              "requested": true
            },
            "tx-esp-segmentation": {
              "active": false,
              "fixed": true,
              "requested": false
            },
            "tx-udp-segmentation": {
              "active": true,
              "fixed": false,
              "requested": true
            },
            "tx-gso-list": {
              "active": true,
              "fixed": false,
              "requested": true
            },
            "tx-vlan-stag-hw-insert": {
              "active": true,
              "fixed": false,
              "requested": true
            },
            "rx-vlan-stag-hw-parse": {
              "active": true,
              "fixed": false,
              "requested": true
            },
            "rx-vlan-stag-filter": {
              "active": false,
              "fixed": true,
              "requested": false
            },
            "rx-gro-hw": {
              "active": false,
              "fixed": true,
              "requested": false
            },
            "rx-gro-list": {
              "active": false,
              "fixed": false,
              "requested": false
            },
            "rx-udp-gro-forwarding": {
              "active": false,
              "fixed": false,
              "requested": false
            }
          },
          "after": {
            "tcp-segmentation-offload": {
              "active": true,
              "fixed": null,
              "requested": null
            },
            "tx-tcp-segmentation": {
              "active": true,
              "fixed": false,
              "requested": true
            },
            "tx-tcp-ecn-segmentation": {
              "active": true,
              "fixed": false,
              "requested": true
            },
            "tx-tcp-mangleid-segmentation": {
              "active": true,
              "fixed": false,
              "requested": true
            },
            "tx-tcp6-segmentation": {
              "active": true,
              "fixed": false,
              "requested": true
            },
            "generic-segmentation-offload": {
              "active": true,
              "fixed": false,
              "requested": true
            },
            "generic-receive-offload": {
              "active": false,
              "fixed": false,
              "requested": false
            },
            "large-receive-offload": {
              "active": false,
              "fixed": true,
              "requested": false
            },
            "rx-vlan-offload": {
              "active": true,
              "fixed": false,
              "requested": true
            },
            "tx-vlan-offload": {
              "active": true,
              "fixed": false,
              "requested": true
            },
            "rx-vlan-filter": {
              "active": false,
              "fixed": true,
              "requested": false
            },
            "vlan-challenged": {
              "active": false,
              "fixed": true,
              "requested": false
            },
            "tx-gso-robust": {
              "active": false,
              "fixed": true,
              "requested": false
            },
            "tx-fcoe-segmentation": {
              "active": false,
              "fixed": true,
              "requested": false
            },
            "tx-gre-segmentation": {
              "active": true,
              "fixed": false,
              "requested": true
            },
            "tx-gre-csum-segmentation": {
              "active": true,
              "fixed": false,
              "requested": true
            },
            "tx-ipxip4-segmentation": {
              "active": true,
              "fixed": false,
              "requested": true
            },
            "tx-ipxip6-segmentation": {
              "active": true,
              "fixed": false,
              "requested": true
            },
            "tx-udp_tnl-segmentation": {
              "active": true,
              "fixed": false,
              "requested": true
            },
            "tx-udp_tnl-csum-segmentation": {
              "active": true,
              "fixed": false,
              "requested": true
            },
            "tx-gso-partial": {
              "active": false,
              "fixed": true,
              "requested": false
            },
            "tx-tunnel-remcsum-segmentation": {
              "active": false,
              "fixed": true,
              "requested": false
            },
            "tx-sctp-segmentation": {
              "active": true,
              "fixed": false,
              "requested": true
            },
            "tx-esp-segmentation": {
              "active": false,
              "fixed": true,
              "requested": false
            },
            "tx-udp-segmentation": {
              "active": true,
              "fixed": false,
              "requested": true
            },
            "tx-gso-list": {
              "active": true,
              "fixed": false,
              "requested": true
            },
            "tx-vlan-stag-hw-insert": {
              "active": true,
              "fixed": false,
              "requested": true
            },
            "rx-vlan-stag-hw-parse": {
              "active": true,
              "fixed": false,
              "requested": true
            },
            "rx-vlan-stag-filter": {
              "active": false,
              "fixed": true,
              "requested": false
            },
            "rx-gro-hw": {
              "active": false,
              "fixed": true,
              "requested": false
            },
            "rx-gro-list": {
              "active": false,
              "fixed": false,
              "requested": false
            },
            "rx-udp-gro-forwarding": {
              "active": false,
              "fixed": false,
              "requested": false
            }
          }
        },
        {
          "node": null,
          "name": "veth582e8e51",
          "before": {
            "tcp-segmentation-offload": {
              "active": true,
              "fixed": null,
              "requested": null
            },
            "tx-tcp-segmentation": {
              "active": true,
              "fixed": false,
              "requested": true
            },
            "tx-tcp-ecn-segmentation": {
              "active": true,
              "fixed": false,
              "requested": true
            },
            "tx-tcp-mangleid-segmentation": {
              "active": true,
              "fixed": false,
              "requested": true
            },
            "tx-tcp6-segmentation": {
              "active": true,
              "fixed": false,
              "requested": true
            },
            "generic-segmentation-offload": {
              "active": true,
              "fixed": false,
              "requested": true
            },
            "generic-receive-offload": {
              "active": false,
              "fixed": false,
              "requested": false
            },
            "large-receive-offload": {
              "active": false,
              "fixed": true,
              "requested": false
            },
            "rx-vlan-offload": {
              "active": true,
              "fixed": false,
              "requested": true
            },
            "tx-vlan-offload": {
              "active": true,
              "fixed": false,
              "requested": true
            },
            "rx-vlan-filter": {
              "active": false,
              "fixed": true,
              "requested": false
            },
            "vlan-challenged": {
              "active": false,
              "fixed": true,
              "requested": false
            },
            "tx-gso-robust": {
              "active": false,
              "fixed": true,
              "requested": false
            },
            "tx-fcoe-segmentation": {
              "active": false,
              "fixed": true,
              "requested": false
            },
            "tx-gre-segmentation": {
              "active": true,
              "fixed": false,
              "requested": true
            },
            "tx-gre-csum-segmentation": {
              "active": true,
              "fixed": false,
              "requested": true
            },
            "tx-ipxip4-segmentation": {
              "active": true,
              "fixed": false,
              "requested": true
            },
            "tx-ipxip6-segmentation": {
              "active": true,
              "fixed": false,
              "requested": true
            },
            "tx-udp_tnl-segmentation": {
              "active": true,
              "fixed": false,
              "requested": true
            },
            "tx-udp_tnl-csum-segmentation": {
              "active": true,
              "fixed": false,
              "requested": true
            },
            "tx-gso-partial": {
              "active": false,
              "fixed": true,
              "requested": false
            },
            "tx-tunnel-remcsum-segmentation": {
              "active": false,
              "fixed": true,
              "requested": false
            },
            "tx-sctp-segmentation": {
              "active": true,
              "fixed": false,
              "requested": true
            },
            "tx-esp-segmentation": {
              "active": false,
              "fixed": true,
              "requested": false
            },
            "tx-udp-segmentation": {
              "active": true,
              "fixed": false,
              "requested": true
            },
            "tx-gso-list": {
              "active": true,
              "fixed": false,
              "requested": true
            },
            "tx-vlan-stag-hw-insert": {
              "active": true,
              "fixed": false,
              "requested": true
            },
            "rx-vlan-stag-hw-parse": {
              "active": true,
              "fixed": false,
              "requested": true
            },
            "rx-vlan-stag-filter": {
              "active": false,
              "fixed": true,
              "requested": false
            },
            "rx-gro-hw": {
              "active": false,
              "fixed": true,
              "requested": false
            },
            "rx-gro-list": {
              "active": false,
              "fixed": false,
              "requested": false
            },
            "rx-udp-gro-forwarding": {
              "active": false,
              "fixed": false,
              "requested": false
            }
          },
          "after": {
            "tcp-segmentation-offload": {
              "active": true,
              "fixed": null,
              "requested": null
            },
            "tx-tcp-segmentation": {
              "active": true,
              "fixed": false,
              "requested": true
            },
            "tx-tcp-ecn-segmentation": {
              "active": true,
              "fixed": false,
              "requested": true
            },
            "tx-tcp-mangleid-segmentation": {
              "active": true,
              "fixed": false,
              "requested": true
            },
            "tx-tcp6-segmentation": {
              "active": true,
              "fixed": false,
              "requested": true
            },
            "generic-segmentation-offload": {
              "active": true,
              "fixed": false,
              "requested": true
            },
            "generic-receive-offload": {
              "active": false,
              "fixed": false,
              "requested": false
            },
            "large-receive-offload": {
              "active": false,
              "fixed": true,
              "requested": false
            },
            "rx-vlan-offload": {
              "active": true,
              "fixed": false,
              "requested": true
            },
            "tx-vlan-offload": {
              "active": true,
              "fixed": false,
              "requested": true
            },
            "rx-vlan-filter": {
              "active": false,
              "fixed": true,
              "requested": false
            },
            "vlan-challenged": {
              "active": false,
              "fixed": true,
              "requested": false
            },
            "tx-gso-robust": {
              "active": false,
              "fixed": true,
              "requested": false
            },
            "tx-fcoe-segmentation": {
              "active": false,
              "fixed": true,
              "requested": false
            },
            "tx-gre-segmentation": {
              "active": true,
              "fixed": false,
              "requested": true
            },
            "tx-gre-csum-segmentation": {
              "active": true,
              "fixed": false,
              "requested": true
            },
            "tx-ipxip4-segmentation": {
              "active": true,
              "fixed": false,
              "requested": true
            },
            "tx-ipxip6-segmentation": {
              "active": true,
              "fixed": false,
              "requested": true
            },
            "tx-udp_tnl-segmentation": {
              "active": true,
              "fixed": false,
              "requested": true
            },
            "tx-udp_tnl-csum-segmentation": {
              "active": true,
              "fixed": false,
              "requested": true
            },
            "tx-gso-partial": {
              "active": false,
              "fixed": true,
              "requested": false
            },
            "tx-tunnel-remcsum-segmentation": {
              "active": false,
              "fixed": true,
              "requested": false
            },
            "tx-sctp-segmentation": {
              "active": true,
              "fixed": false,
              "requested": true
            },
            "tx-esp-segmentation": {
              "active": false,
              "fixed": true,
              "requested": false
            },
            "tx-udp-segmentation": {
              "active": true,
              "fixed": false,
              "requested": true
            },
            "tx-gso-list": {
              "active": true,
              "fixed": false,
              "requested": true
            },
            "tx-vlan-stag-hw-insert": {
              "active": true,
              "fixed": false,
              "requested": true
            },
            "rx-vlan-stag-hw-parse": {
              "active": true,
              "fixed": false,
              "requested": true
            },
            "rx-vlan-stag-filter": {
              "active": false,
              "fixed": true,
              "requested": false
            },
            "rx-gro-hw": {
              "active": false,
              "fixed": true,
              "requested": false
            },
            "rx-gro-list": {
              "active": false,
              "fixed": false,
              "requested": false
            },
            "rx-udp-gro-forwarding": {
              "active": false,
              "fixed": false,
              "requested": false
            }
          }
        }
      ]
    },
    "cleanup_errors": []
  },
  "restoration_shutdown": {
    "em-baseline-controller": []
  }
}
