1790315301.2808082 (1790315232.813, 1790314872.8149998, 36, None, None, None, None)
1790315306.6044438 (1790315292.813, 1790315232.815, 6, 242, 316, 3, 4)
1790315311.8665698 (1790315292.813, 1790315232.815, 6, 242, 316, 3, 4)
1790315317.3583565 (1790315292.813, 1790315232.815, 6, 242, 316, 3, 4)
1790315322.6220822 (1790315292.813, 1790315232.815, 6, 242, 316, 3, 4)
1790315327.903162 (1790315292.813, 1790315232.815, 6, 242, 316, 3, 4)
1790315333.1562476 (1790315292.813, 1790315232.815, 6, 242, 316, 3, 4)
1790315338.4126973 (1790315292.813, 1790315232.815, 6, 242, 316, 3, 4)
1790315343.6677725 (1790315292.813, 1790315232.815, 6, 242, 316, 3, 4)
1790315348.9318078 (1790315292.813, 1790315232.815, 6, 242, 316, 3, 4)
1790315354.1871903 (1790315292.813, 1790315232.815, 6, 242, 316, 3, 4)
1790315359.4447844 (1790315292.813, 1790315232.815, 6, 242, 316, 3, 4)
1790315364.7047234 (1790315352.813, 1790315232.815, 12, 484, 632, 6, 8)
1790315370.1324673 (1790315352.813, 1790315232.815, 12, 484, 632, 6, 8)
1790315375.3836188 (1790315352.813, 1790315232.815, 12, 484, 632, 6, 8)
1790315380.63734 (1790315352.813, 1790315232.815, 12, 484, 632, 6, 8)
1790315385.901315 (1790315352.813, 1790315232.815, 12, 484, 632, 6, 8)
1790315391.1806939 (1790315352.813, 1790315232.815, 12, 484, 632, 6, 8)
1790315396.4312034 (1790315352.813, 1790315232.815, 12, 484, 632, 6, 8)
1790315401.699844 (1790315352.813, 1790315232.815, 12, 484, 632, 6, 8)
1790315406.9575841 (1790315352.813, 1790315232.815, 12, 484, 632, 6, 8)
1790315412.2232652 (1790315352.813, 1790315232.815, 12, 484, 632, 6, 8)
1790315417.473171 (1790315352.813, 1790315232.815, 12, 484, 632, 6, 8)
1790315422.7242877 (1790315352.813, 1790315232.815, 12, 484, 632, 6, 8)
1790315427.9699862 (1790315412.813, 1790315232.815, 18, 608, 864, 8, 12)
1790315433.2258837 (1790315412.813, 1790315232.815, 18, 608, 864, 8, 12)
1790315438.4965668 (1790315412.813, 1790315232.815, 18, 608, 864, 8, 12)
1790315443.7422323 (1790315412.813, 1790315232.815, 18, 608, 864, 8, 12)
1790315448.9842389 (1790315412.813, 1790315232.815, 18, 608, 864, 8, 12)
1790315454.2268853 (1790315412.813, 1790315232.815, 18, 608, 864, 8, 12)
1790315459.4865296 (1790315412.813, 1790315232.815, 18, 608, 864, 8, 12)
1790315464.737087 (1790315412.813, 1790315232.815, 18, 608, 864, 8, 12)
1790315469.982617 (1790315412.813, 1790315232.815, 18, 608, 864, 8, 12)
1790315475.2699625 (1790315412.813, 1790315232.815, 18, 608, 864, 8, 12)
1790315480.517008 (1790315412.813, 1790315232.815, 18, 608, 864, 8, 12)
1790315485.7389512 (1790315472.813, 1790315232.815, 24, 1615022, 1633048, 1117, 1122)
1790315491.0045545 (1790315472.813, 1790315232.815, 24, 1615022, 1633048, 1117, 1122)
1790315496.2514613 (1790315472.813, 1790315232.815, 24, 1615022, 1633048, 1117, 1122)
1790315501.4972265 (1790315472.813, 1790315232.815, 24, 1615022, 1633048, 1117, 1122)
1790315506.7453103 (1790315472.813, 1790315232.815, 24, 1615022, 1633048, 1117, 1122)
1790315511.9890096 (1790315472.813, 1790315232.815, 24, 1615022, 1633048, 1117, 1122)
1790315517.244372 (1790315472.813, 1790315232.815, 24, 1615022, 1633048, 1117, 1122)
1790315522.4932275 (1790315472.813, 1790315232.815, 24, 1615022, 1633048, 1117, 1122)
1790315527.7322316 (1790315472.813, 1790315232.815, 24, 1615022, 1633048, 1117, 1122)
1790315533.0035334 (1790315472.813, 1790315232.815, 24, 1615022, 1633048, 1117, 1122)
1790315538.2387404 (1790315472.813, 1790315232.815, 24, 1615022, 1633048, 1117, 1122)
1790315543.4924932 (1790315532.813, 1790315232.815, 30, 4387154, 4435548, 3015, 3020)
1790315548.7432902 (1790315532.813, 1790315232.815, 30, 4387154, 4435548, 3015, 3020)
1790315553.978682 (1790315532.813, 1790315232.815, 30, 4387154, 4435548, 3015, 3020)
1790315559.2348902 (1790315532.813, 1790315232.815, 30, 4387154, 4435548, 3015, 3020)
1790315564.464428 (1790315532.813, 1790315232.815, 30, 4387154, 4435548, 3015, 3020)
1790315569.7166297 (1790315532.813, 1790315232.815, 30, 4387154, 4435548, 3015, 3020)
1790315574.9572024 (1790315532.813, 1790315232.815, 30, 4387154, 4435548, 3015, 3020)
1790315580.2197337 (1790315532.813, 1790315232.815, 30, 4387154, 4435548, 3015, 3020)
1790315585.4713697 (1790315532.813, 1790315232.815, 30, 4387154, 4435548, 3015, 3020)
1790315590.7255247 (1790315532.813, 1790315232.815, 30, 4387154, 4435548, 3015, 3020)
1790315595.9749393 (1790315532.813, 1790315232.815, 30, 4387154, 4435548, 3015, 3020)
1790315601.2235212 (1790315532.813, 1790315232.815, 30, 4387154, 4435548, 3015, 3020)
1790315606.475453 (1790315592.813, 1790315232.815, 36, 4387396, 4435864, 3018, 3024)
1790315611.738703 (1790315592.813, 1790315232.815, 36, 4387396, 4435864, 3018, 3024)
1790315616.9831078 (1790315592.813, 1790315232.815, 36, 4387396, 4435864, 3018, 3024)
1790315622.2195199 (1790315592.813, 1790315232.815, 36, 4387396, 4435864, 3018, 3024)
1790315627.4570422 (1790315592.813, 1790315232.815, 36, 4387396, 4435864, 3018, 3024)
1790315632.7050562 (1790315592.813, 1790315232.815, 36, 4387396, 4435864, 3018, 3024)
1790315637.9620998 (1790315592.813, 1790315232.815, 36, 4387396, 4435864, 3018, 3024)
1790315643.2306635 (1790315592.813, 1790315232.815, 36, 4387396, 4435864, 3018, 3024)
1790315648.4696386 (1790315592.813, 1790315232.815, 36, 4387396, 4435864, 3018, 3024)
1790315653.7167332 (1790315592.813, 1790315232.815, 36, 4387396, 4435864, 3018, 3024)
1790315658.961768 (1790315592.813, 1790315232.815, 36, 4387396, 4435864, 3018, 3024)
1790315664.2154112 (1790315652.813, 1790315232.815, 42, 4387638, 4436180, 3021, 3028)
