1790315301.028043053 4392971 4441296 3060 3071
1790315302.411470851 4392971 4441296 3060 3071
1790315303.680204306 4392971 4441296 3060 3071
1790315304.959079471 4392971 4441296 3060 3071
1790315306.298448281 4392971 4441296 3060 3071
1790315307.570788241 4392971 4441296 3060 3071
1790315308.865085912 4392971 4441296 3060 3071
1790315310.132921556 4392971 4441296 3060 3071
1790315311.420638750 4392971 4441296 3060 3071
1790315312.702303960 4392971 4441296 3060 3071
1790315313.991706794 4392971 4441296 3060 3071
1790315315.260246917 4392971 4441296 3060 3071
1790315316.548918942 4392971 4441296 3060 3071
1790315317.811898376 4392971 4441296 3060 3071
1790315319.109775152 4392971 4441322 3060 3072
1790315320.379860103 4392971 4441322 3060 3072
1790315321.647099053 4392971 4441322 3060 3072
1790315323.048485802 4392971 4441322 3060 3072
1790315324.335820485 4392971 4441322 3060 3072
1790315325.608097724 4392971 4441322 3060 3072
1790315326.900074268 4392971 4441322 3060 3072
1790315328.178203468 4392971 4441322 3060 3072
1790315329.441641611 4392971 4441322 3060 3072
1790315330.722993179 4392971 4441322 3060 3072
1790315331.990255058 4392971 4441322 3060 3072
1790315333.289895643 4392971 4441322 3060 3072
1790315334.559668161 4392971 4441322 3060 3072
1790315335.857495944 4392971 4441322 3060 3072
1790315337.143849694 4392971 4441322 3060 3072
1790315338.410173267 4392971 4441322 3060 3072
1790315339.686121687 4392971 4441322 3060 3072
1790315340.957716651 4392971 4441322 3060 3072
1790315342.236626249 4392971 4441322 3060 3072
1790315343.500133011 4393089 4441456 3061 3073
1790315344.792450228 4393089 4441456 3061 3073
1790315346.070044741 4393089 4441456 3061 3073
1790315347.345433321 4393089 4441456 3061 3073
1790315348.620005576 4393213 4441612 3063 3075
1790315349.902932330 4393213 4441612 3063 3075
1790315351.193925963 4393213 4441612 3063 3075
1790315352.456946228 4393213 4441612 3063 3075
1790315353.743095399 4393213 4441612 3063 3075
1790315355.030588022 4393213 4441612 3063 3075
1790315356.306045998 4393213 4441612 3063 3075
1790315357.580876358 4393213 4441612 3063 3075
1790315358.876663936 4393213 4441612 3063 3075
1790315360.177004425 4393213 4441612 3063 3075
1790315361.455330425 4393213 4441612 3063 3075
1790315362.775368201 4393213 4441612 3063 3075
1790315364.057479767 4393213 4441612 3063 3075
1790315365.324948856 4393213 4441612 3063 3075
1790315366.591876596 4393213 4441662 3063 3076
1790315367.868731931 4393213 4441662 3063 3076
1790315369.141756812 4393213 4441662 3063 3076
1790315370.538513562 4393213 4441662 3063 3076
1790315371.807092757 4393213 4441662 3063 3076
1790315373.081170532 4393213 4441662 3063 3076
1790315374.361641323 4393213 4441662 3063 3076
1790315375.647049212 4393213 4441662 3063 3076
1790315376.912464977 4393213 4441662 3063 3076
1790315378.193116267 4393213 4441662 3063 3076
1790315379.476640935 4393213 4441662 3063 3076
1790315380.756897295 4393213 4441662 3063 3076
1790315382.044832620 4393213 4441662 3063 3076
1790315383.339756539 4393213 4441662 3063 3076
1790315384.608057326 4393213 4441662 3063 3076
1790315385.896093311 4393213 4441662 3063 3076
1790315387.170285541 4393213 4441662 3063 3076
1790315388.451411032 4393213 4441662 3063 3076
1790315389.725532948 4393213 4441662 3063 3076
1790315391.032821740 4393213 4441662 3063 3076
1790315392.314538015 4393213 4441662 3063 3076
1790315393.584673869 4393213 4441662 3063 3076
1790315394.885843021 4393213 4441662 3063 3076
1790315396.172842426 4393213 4441662 3063 3076
1790315397.452549996 4393213 4441688 3063 3077
1790315398.738569925 4393213 4441688 3063 3077
1790315400.005908653 4393213 4441688 3063 3077
1790315401.280029734 4393213 4441688 3063 3077
1790315402.559376134 4393213 4441688 3063 3077
1790315403.842140034 4393331 4441822 3064 3078
1790315405.118031601 4393331 4441822 3064 3078
1790315406.424055596 4393331 4441822 3064 3078
1790315407.695652454 4393331 4441822 3064 3078
1790315408.977913071 4393455 4441978 3066 3080
1790315410.287350757 4393455 4441978 3066 3080
1790315411.558150423 4393455 4441978 3066 3080
1790315412.820549814 4393455 4441978 3066 3080
1790315414.086253185 4393455 4441978 3066 3080
1790315415.354161865 4393455 4441978 3066 3080
1790315416.634343867 4393455 4441978 3066 3080
1790315417.927407792 4393455 4441978 3066 3080
1790315419.230609448 4393455 4441978 3066 3080
1790315420.512542207 4393455 4441978 3066 3080
1790315421.772362951 4393455 4441978 3066 3080
1790315423.059001402 4393455 4441978 3066 3080
1790315424.330192865 4393455 4441978 3066 3080
1790315425.603029456 4393455 4441978 3066 3080
1790315426.871874507 4393455 4441978 3066 3080
1790315428.155345020 4393455 4441978 3066 3080
1790315429.422598719 4393455 4441978 3066 3080
1790315430.694602912 4393455 4441978 3066 3080
1790315431.970940500 4393455 4441978 3066 3080
1790315433.247913417 4393455 4441978 3066 3080
1790315434.517094188 4393455 4441978 3066 3080
1790315435.794248455 4393455 4441978 3066 3080
1790315437.085986128 4393455 4441978 3066 3080
1790315438.358773804 4393455 4441978 3066 3080
1790315439.638067015 4393455 4441978 3066 3080
1790315440.913602878 4393455 4442004 3066 3081
1790315442.181640798 4393455 4442004 3066 3081
1790315443.448999314 4393455 4442004 3066 3081
1790315444.716785557 4393455 4442004 3066 3081
1790315446.015198939 4393455 4442004 3066 3081
1790315447.308129155 4393455 4442004 3066 3081
1790315448.576261011 4393455 4442004 3066 3081
1790315449.853400276 4393455 4442004 3066 3081
1790315451.126899760 4406613 4455306 3075 3090
1790315452.405875443 4587901 4638578 3199 3214
1790315453.699718313 4764803 4817416 3320 3335
1790315454.957482447 4943167 4997732 3442 3457
1790315456.241941330 5120069 5176570 3563 3578
1790315457.508731777 5298495 5356964 3686 3701
1790315458.791028457 5476921 5537358 3809 3824
1790315460.059821568 5655285 5717674 3931 3946
1790315461.330688976 5832187 5896512 4052 4067
1790315462.586005366 6007627 6073872 4172 4187
1790315463.852045916 6183067 6251232 4292 4307
1790315465.116322728 6361431 6431548 4414 4429
1790315466.388891483 6538333 6610386 4535 4550
1790315467.659454985 6718159 6792180 4658 4673
1790315468.939167668 6896523 6972496 4780 4795
1790315470.207033232 7073425 7151334 4901 4916
1790315471.471869478 7251789 7331650 5023 5038
1790315472.746730085 7430153 7511966 5145 5160
1790315474.039997565 7611441 7695238 5269 5284
1790315475.321309276 7789805 7875554 5391 5406
1790315476.593034878 7966707 8054392 5512 5527
1790315477.857631086 8142147 8231752 5632 5647
1790315479.119712383 8319049 8410590 5753 5768
1790315480.389323329 8498875 8592384 5876 5891
1790315481.678879500 8681625 8777134 6001 6016
1790315482.983491234 8779579 8876160 6068 6083
1790315484.247829200 8779579 8876160 6068 6083
1790315485.512821008 8779579 8876160 6068 6083
1790315486.759814394 8779579 8876160 6068 6083
1790315488.064028791 8779579 8876160 6068 6083
1790315489.326092785 8779579 8876160 6068 6083
1790315490.603028896 8779579 8876160 6068 6083
1790315491.891163910 8779579 8876160 6068 6083
1790315493.165584608 8779579 8876160 6068 6083
1790315494.440521736 8779697 8876294 6069 6084
1790315495.713357253 8779697 8876294 6069 6084
1790315497.010195234 8779697 8876294 6069 6084
1790315498.282949780 8779697 8876294 6069 6084
1790315499.551531273 8779697 8876294 6069 6084
1790315500.817059895 8779759 8876372 6070 6085
1790315502.102043058 8779759 8876372 6070 6085
1790315503.358023993 8779759 8876372 6070 6085
1790315504.637081164 8779759 8876372 6070 6085
1790315505.915260319 8779759 8876372 6070 6085
1790315507.181108995 8779759 8876372 6070 6085
1790315508.457239155 8779759 8876372 6070 6085
1790315509.730996997 8779759 8876372 6070 6085
1790315511.014221815 8779759 8876372 6070 6085
1790315512.280232504 8779759 8876372 6070 6085
1790315513.540587250 8779759 8876372 6070 6085
1790315514.810371894 8779759 8876372 6070 6085
1790315516.095133687 8779759 8876372 6070 6085
1790315517.372655190 8779759 8876372 6070 6085
1790315518.629656680 8779759 8876372 6070 6085
1790315519.907068890 8779759 8876372 6070 6085
1790315521.192805862 8779759 8876372 6070 6085
1790315522.466030201 8779759 8876372 6070 6085
1790315523.732775623 8779759 8876372 6070 6085
1790315524.990391337 8779759 8876372 6070 6085
1790315526.261155253 8779759 8876372 6070 6085
1790315527.530860960 8779759 8876372 6070 6085
1790315528.797473302 8779759 8876372 6070 6085
1790315530.073919114 8779759 8876372 6070 6085
1790315531.344750791 8779759 8876398 6070 6086
1790315532.616431969 8779759 8876398 6070 6086
1790315533.915607930 8779759 8876398 6070 6086
1790315535.180211308 8779759 8876398 6070 6086
1790315536.442471340 8779759 8876398 6070 6086
1790315537.717409100 8779759 8876398 6070 6086
1790315538.992770818 8779759 8876398 6070 6086
1790315540.274346885 8779759 8876398 6070 6086
1790315541.535738866 8779759 8876398 6070 6086
1790315542.831063960 8779759 8876398 6070 6086
1790315544.104022550 8779759 8876398 6070 6086
1790315545.411252916 8779759 8876398 6070 6086
1790315546.698651856 8779759 8876398 6070 6086
1790315547.985193847 8779759 8876398 6070 6086
1790315549.251961076 8779759 8876398 6070 6086
1790315550.515327074 8779759 8876398 6070 6086
1790315551.799053339 8779759 8876398 6070 6086
1790315553.101804843 8779759 8876398 6070 6086
1790315554.381894482 8779759 8876398 6070 6086
1790315555.648743677 8779877 8876532 6071 6087
1790315556.933128068 8779877 8876532 6071 6087
1790315558.205492704 8779877 8876532 6071 6087
1790315559.482212956 8779877 8876532 6071 6087
1790315560.742928887 8780001 8876688 6073 6089
1790315562.028276989 8780001 8876688 6073 6089
1790315563.309410010 8780001 8876688 6073 6089
1790315564.581945525 8780001 8876688 6073 6089
1790315565.849187294 8780001 8876688 6073 6089
1790315567.140511471 8780001 8876688 6073 6089
1790315568.425675479 8780001 8876688 6073 6089
1790315569.691696077 8780001 8876688 6073 6089
1790315570.962763003 8780001 8876688 6073 6089
1790315572.236987330 8780001 8876688 6073 6089
1790315573.519979896 8780001 8876688 6073 6089
1790315574.787617035 8780001 8876688 6073 6089
1790315576.072145597 8780001 8876688 6073 6089
1790315577.358348499 8780001 8876688 6073 6089
1790315578.652234002 8780001 8876688 6073 6089
1790315579.922899803 8780001 8876688 6073 6089
1790315581.187237945 8780001 8876688 6073 6089
1790315582.466213738 8780001 8876688 6073 6089
1790315583.761602625 8780001 8876688 6073 6089
1790315585.044336726 8780001 8876688 6073 6089
1790315586.344293248 8780001 8876688 6073 6089
1790315587.628540452 8780001 8876688 6073 6089
1790315588.894673021 8780001 8876688 6073 6089
1790315590.173632540 8780001 8876688 6073 6089
1790315591.452753204 8780001 8876714 6073 6090
1790315592.726779410 8780001 8876714 6073 6090
1790315594.014870215 8780001 8876714 6073 6090
1790315595.276059740 8780001 8876714 6073 6090
1790315596.545432928 8780001 8876714 6073 6090
1790315597.820198451 8780001 8876714 6073 6090
1790315599.122998907 8780001 8876714 6073 6090
1790315600.415648138 8780001 8876714 6073 6090
1790315601.690850211 8780001 8876714 6073 6090
1790315602.962049506 8780001 8876714 6073 6090
1790315604.260801196 8780001 8876714 6073 6090
1790315605.525661341 8780001 8876714 6073 6090
1790315606.806395323 8780001 8876714 6073 6090
1790315608.079976989 8780001 8876714 6073 6090
1790315609.352038846 8780001 8876714 6073 6090
1790315610.633978836 8780001 8876714 6073 6090
1790315611.898931555 8780001 8876714 6073 6090
1790315613.162085112 8780001 8876714 6073 6090
1790315614.484220057 8780001 8876714 6073 6090
1790315615.774300056 8780001 8876714 6073 6090
1790315617.063961684 8780119 8876848 6074 6091
1790315618.336504730 8780119 8876848 6074 6091
1790315619.619418946 8780119 8876848 6074 6091
1790315620.872803976 8780119 8876848 6074 6091
1790315622.147253859 8780243 8877004 6076 6093
1790315623.420690086 8780243 8877004 6076 6093
1790315624.731260465 8780243 8877004 6076 6093
1790315626.003079113 8780243 8877004 6076 6093
1790315627.265084115 8780243 8877004 6076 6093
1790315628.512170164 8780243 8877004 6076 6093
1790315629.783386841 8780243 8877004 6076 6093
1790315631.065889291 8780243 8877004 6076 6093
1790315632.348732566 8780243 8877004 6076 6093
1790315633.629049351 8780243 8877004 6076 6093
1790315634.921449146 8780243 8877004 6076 6093
1790315636.195871819 8780243 8877004 6076 6093
1790315637.499212802 8780243 8877004 6076 6093
1790315638.765026065 8780243 8877004 6076 6093
1790315640.034671663 8780243 8877004 6076 6093
1790315641.304821698 8780243 8877004 6076 6093
1790315642.606096784 8780243 8877004 6076 6093
1790315643.910354059 8780243 8877004 6076 6093
1790315645.202902961 8780243 8877004 6076 6093
1790315646.473812680 8780243 8877004 6076 6093
1790315647.735690464 8780243 8877004 6076 6093
1790315648.999338324 8780243 8877004 6076 6093
1790315650.274120750 8780243 8877004 6076 6093
1790315651.553248964 8780243 8877004 6076 6093
1790315652.818402393 8780243 8877030 6076 6094
1790315654.086796086 8780243 8877030 6076 6094
1790315655.363435987 8780243 8877030 6076 6094
1790315656.634321375 8780243 8877030 6076 6094
1790315657.903193496 8780243 8877030 6076 6094
1790315659.181925886 8780243 8877030 6076 6094
1790315660.448277957 8780243 8877030 6076 6094
1790315661.719283712 8780243 8877030 6076 6094
1790315662.984418641 8780243 8877030 6076 6094
1790315664.266010621 8780243 8877030 6076 6094
1790315665.535303160 8780243 8877080 6076 6095
1790315666.802612399 8780243 8877080 6076 6095
1790315668.077134052 8780243 8877080 6076 6095
1790315669.360408996 8780243 8877080 6076 6095
1790315670.618828319 8780243 8877080 6076 6095
1790315671.898949386 8780243 8877080 6076 6095
1790315673.177162591 8780243 8877080 6076 6095
1790315674.451504530 8780243 8877080 6076 6095
1790315675.729887516 8780243 8877080 6076 6095
1790315676.996479397 8780361 8877214 6077 6096
1790315678.279054808 8780361 8877214 6077 6096
1790315679.557700234 8780361 8877214 6077 6096
1790315680.850414115 8780361 8877214 6077 6096
1790315682.122983746 8780361 8877214 6077 6096
1790315683.390635754 8780485 8877370 6079 6098
1790315684.664476964 8780485 8877370 6079 6098
1790315685.929362838 8780485 8877370 6079 6098
1790315687.204386263 8780485 8877370 6079 6098
1790315688.479779747 8780485 8877370 6079 6098
1790315689.759088077 8780485 8877370 6079 6098
1790315691.030668591 8780485 8877370 6079 6098
1790315692.291943776 8780485 8877370 6079 6098
1790315693.564412483 8780485 8877370 6079 6098
1790315694.843877037 8780485 8877370 6079 6098
1790315696.128135935 8780485 8877370 6079 6098
1790315697.386268864 8780485 8877370 6079 6098
1790315698.666471685 8780485 8877370 6079 6098
1790315699.933207155 8780485 8877370 6079 6098
1790315701.231915617 8780485 8877370 6079 6098
