patching file controller/src/beerocks/master/controller.cpp
patching file controller/src/beerocks/master/controller.cpp
patching file controller/src/beerocks/master/tasks/agent_monitoring_task.cpp
patching file framework/platform/bpl/cfg/dm/bpl_amb_ptr.h
patching file framework/platform/bpl/cfg/dm/bpl_amx.cpp
patching file framework/platform/bpl/cfg/dm/bpl_cfg_amx_helper.h
patching file framework/platform/bpl/cfg/dm/bpl.cpp
patching file controller/src/beerocks/master/controller.cpp
patching file controller/src/beerocks/master/ap_metrics_esp.h
-- The C compiler identification is GNU 11.4.0
-- The CXX compiler identification is GNU 11.4.0
-- Detecting C compiler ABI info
-- Detecting C compiler ABI info - done
-- Check for working C compiler: /usr/bin/cc - skipped
-- Detecting C compile features
-- Detecting C compile features - done
-- Detecting CXX compiler ABI info
-- Detecting CXX compiler ABI info - done
-- Check for working CXX compiler: /usr/bin/c++ - skipped
-- Detecting CXX compile features
-- Detecting CXX compile features - done
Preparing bpl for the linux platform
CMake Warning (dev) at /home/rev/git/emosa-lab/.lab/controller-ap-esp-01/source/framework/platform/bpl/CMakeLists.txt:16 (set):
  implicitly converting 'INT' to 'STRING' type.
This warning is for project developers.  Use -Wno-dev to suppress it.

CMake Warning (dev) at /home/rev/git/emosa-lab/.lab/controller-ap-esp-01/source/framework/platform/bpl/CMakeLists.txt:17 (set):
  implicitly converting 'INT' to 'STRING' type.
This warning is for project developers.  Use -Wno-dev to suppress it.

-- Found amxb: /home/rev/git/emosa-lab/.lab/controller-ap-esp-01/usr/lib/x86_64-linux-gnu/libamxb.so
-- Found amxc: /home/rev/git/emosa-lab/.lab/controller-ap-esp-01/usr/lib/x86_64-linux-gnu/libamxc.so
-- Found amxd: /home/rev/git/emosa-lab/.lab/controller-ap-esp-01/usr/lib/x86_64-linux-gnu/libamxd.so
-- Found amxp: /home/rev/git/emosa-lab/.lab/controller-ap-esp-01/usr/lib/x86_64-linux-gnu/libamxp.so
bpl_platform_sources: /home/rev/git/emosa-lab/.lab/controller-ap-esp-01/source/framework/platform/bpl/arp/linux/bpl_arp.cpp;/home/rev/git/emosa-lab/.lab/controller-ap-esp-01/source/framework/platform/bpl/board/linux/bpl_board.cpp;/home/rev/git/emosa-lab/.lab/controller-ap-esp-01/source/framework/platform/bpl/cfg/dummy/bpl_cfg_dummy.cpp;/home/rev/git/emosa-lab/.lab/controller-ap-esp-01/source/framework/platform/bpl/cfg/linux/bpl.cpp;/home/rev/git/emosa-lab/.lab/controller-ap-esp-01/source/framework/platform/bpl/cfg/linux/bpl_cfg.cpp;/home/rev/git/emosa-lab/.lab/controller-ap-esp-01/source/framework/platform/bpl/cfg/linux/bpl_cfg_ifaces.cpp;/home/rev/git/emosa-lab/.lab/controller-ap-esp-01/source/framework/platform/bpl/cfg/linux/bpl_cfg_ifaces.cpp.in;/home/rev/git/emosa-lab/.lab/controller-ap-esp-01/source/framework/platform/bpl/cfg/linux/bpl_cfg_wifi.cpp;/home/rev/git/emosa-lab/.lab/controller-ap-esp-01/source/framework/platform/bpl/db/linux/bpl_db.cpp;/home/rev/git/emosa-lab/.lab/controller-ap-esp-01/source/framework/platform/bpl/dhcp/linux/bpl_dhcp.cpp;/home/rev/git/emosa-lab/.lab/controller-ap-esp-01/source/framework/platform/bpl/service_prioritization/dummy/service_prio_utils_dummy.cpp
APPEND bpl_platform_sources with /home/rev/git/emosa-lab/.lab/controller-ap-esp-01/source/framework/platform/bpl/cfg/dm/bpl_amx.cpp
Preparing beerocks_controller for the linux platform
-- Found amxo: /home/rev/git/emosa-lab/.lab/controller-ap-esp-01/usr/lib/x86_64-linux-gnu/libamxo.so
-- Found libamxrt: /home/rev/git/emosa-lab/.lab/controller-ap-esp-01/usr/lib/x86_64-linux-gnu/libamxrt.so
-- Configuring done (0.3s)
-- Generating done (0.0s)
-- Build files have been written to: /home/rev/git/emosa-lab/.lab/controller-ap-esp-01/build
[  1%] Building CXX object bpl/CMakeFiles/bpl.dir/common/utils/utils_net.cpp.o
[  3%] Building CXX object bpl/CMakeFiles/bpl.dir/common/utils/utils.cpp.o
[  5%] Building CXX object CMakeFiles/emosa-ap-esp-regression.dir/home/rev/git/emosa-lab/deploy/peer-baseline/compatibility/ap-esp.cpp.o
In file included from /usr/include/c++/11/array:40,
                 from /home/rev/git/emosa-lab/.lab/controller-ap-esp-01/source/controller/src/beerocks/master/ap_metrics_esp.h:5,
                 from /home/rev/git/emosa-lab/deploy/peer-baseline/compatibility/ap-esp.cpp:3:
In static member function ‘static _Tp* std::__copy_move<_IsMove, true, std::random_access_iterator_tag>::__copy_m(const _Tp*, const _Tp*, _Tp*) [with _Tp = unsigned char; bool _IsMove = true]’,
    inlined from ‘_OI std::__copy_move_a2(_II, _II, _OI) [with bool _IsMove = true; _II = unsigned char*; _OI = unsigned char*]’ at /usr/include/c++/11/bits/stl_algobase.h:495:30,
    inlined from ‘_OI std::__copy_move_a1(_II, _II, _OI) [with bool _IsMove = true; _II = unsigned char*; _OI = unsigned char*]’ at /usr/include/c++/11/bits/stl_algobase.h:522:42,
    inlined from ‘_OI std::__copy_move_a(_II, _II, _OI) [with bool _IsMove = true; _II = unsigned char*; _OI = unsigned char*]’ at /usr/include/c++/11/bits/stl_algobase.h:529:31,
    inlined from ‘_OI std::copy(_II, _II, _OI) [with _II = std::move_iterator<unsigned char*>; _OI = unsigned char*]’ at /usr/include/c++/11/bits/stl_algobase.h:620:7,
    inlined from ‘static _ForwardIterator std::__uninitialized_copy<true>::__uninit_copy(_InputIterator, _InputIterator, _ForwardIterator) [with _InputIterator = std::move_iterator<unsigned char*>; _ForwardIterator = unsigned char*]’ at /usr/include/c++/11/bits/stl_uninitialized.h:110:27,
    inlined from ‘_ForwardIterator std::uninitialized_copy(_InputIterator, _InputIterator, _ForwardIterator) [with _InputIterator = std::move_iterator<unsigned char*>; _ForwardIterator = unsigned char*]’ at /usr/include/c++/11/bits/stl_uninitialized.h:151:15,
    inlined from ‘_ForwardIterator std::__uninitialized_copy_a(_InputIterator, _InputIterator, _ForwardIterator, std::allocator<_Tp>&) [with _InputIterator = std::move_iterator<unsigned char*>; _ForwardIterator = unsigned char*; _Tp = unsigned char]’ at /usr/include/c++/11/bits/stl_uninitialized.h:333:37,
    inlined from ‘_ForwardIterator std::__uninitialized_move_if_noexcept_a(_InputIterator, _InputIterator, _ForwardIterator, _Allocator&) [with _InputIterator = unsigned char*; _ForwardIterator = unsigned char*; _Allocator = std::allocator<unsigned char>]’ at /usr/include/c++/11/bits/stl_uninitialized.h:355:2,
    inlined from ‘void std::vector<_Tp, _Alloc>::_M_range_insert(std::vector<_Tp, _Alloc>::iterator, _ForwardIterator, _ForwardIterator, std::forward_iterator_tag) [with _ForwardIterator = __gnu_cxx::__normal_iterator<const unsigned char*, std::vector<unsigned char> >; _Tp = unsigned char; _Alloc = std::allocator<unsigned char>]’ at /usr/include/c++/11/bits/vector.tcc:783:9,
    inlined from ‘void std::vector<_Tp, _Alloc>::_M_insert_dispatch(std::vector<_Tp, _Alloc>::iterator, _InputIterator, _InputIterator, std::__false_type) [with _InputIterator = __gnu_cxx::__normal_iterator<const unsigned char*, std::vector<unsigned char> >; _Tp = unsigned char; _Alloc = std::allocator<unsigned char>]’ at /usr/include/c++/11/bits/stl_vector.h:1665:19,
    inlined from ‘std::vector<_Tp, _Alloc>::iterator std::vector<_Tp, _Alloc>::insert(std::vector<_Tp, _Alloc>::const_iterator, _InputIterator, _InputIterator) [with _InputIterator = __gnu_cxx::__normal_iterator<const unsigned char*, std::vector<unsigned char> >; <template-parameter-2-2> = void; _Tp = unsigned char; _Alloc = std::allocator<unsigned char>]’ at /usr/include/c++/11/bits/stl_vector.h:1383:22,
    inlined from ‘std::vector<unsigned char> packet(uint8_t, const std::vector<unsigned char>&)’ at /home/rev/git/emosa-lab/deploy/peer-baseline/compatibility/ap-esp.cpp:14:16:
/usr/include/c++/11/bits/stl_algobase.h:431:30: warning: ‘void* __builtin_memcpy(void*, const void*, long unsigned int)’ reading 1 or more bytes from a region of size 0 [-Wstringop-overread]
  431 |             __builtin_memmove(__result, __first, sizeof(_Tp) * _Num);
      |             ~~~~~~~~~~~~~~~~~^~~~~~~~~~~~~~~~~~~~~~~~~~~~~~~~~~~~~~~
In file included from /usr/include/x86_64-linux-gnu/c++/11/bits/c++allocator.h:33,
                 from /usr/include/c++/11/bits/allocator.h:46,
                 from /usr/include/c++/11/memory:64,
                 from /home/rev/git/emosa-lab/.lab/controller-ap-esp-01/prpl-install-nl80211/include/tlvf/wfa_map/tlvApMetrics.h:20,
                 from /home/rev/git/emosa-lab/.lab/controller-ap-esp-01/source/controller/src/beerocks/master/ap_metrics_esp.h:7,
                 from /home/rev/git/emosa-lab/deploy/peer-baseline/compatibility/ap-esp.cpp:3:
/usr/include/c++/11/ext/new_allocator.h: In function ‘std::vector<unsigned char> packet(uint8_t, const std::vector<unsigned char>&)’:
/usr/include/c++/11/ext/new_allocator.h:127:48: note: at offset 13 into source object of size 13 allocated by ‘operator new’
  127 |         return static_cast<_Tp*>(::operator new(__n * sizeof(_Tp)));
      |                                  ~~~~~~~~~~~~~~^~~~~~~~~~~~~~~~~~~
[  6%] Building CXX object bpl/CMakeFiles/bpl.dir/arp/linux/bpl_arp.cpp.o
[  8%] Linking CXX executable emosa-ap-esp-regression
[  8%] Built target emosa-ap-esp-regression
[ 10%] Building CXX object bpl/CMakeFiles/bpl.dir/board/linux/bpl_board.cpp.o
[ 11%] Building CXX object bpl/CMakeFiles/bpl.dir/cfg/dummy/bpl_cfg_dummy.cpp.o
[ 13%] Building CXX object bpl/CMakeFiles/bpl.dir/cfg/linux/bpl.cpp.o
[ 15%] Building CXX object bpl/CMakeFiles/bpl.dir/cfg/linux/bpl_cfg.cpp.o
[ 16%] Building CXX object bpl/CMakeFiles/bpl.dir/cfg/linux/bpl_cfg_ifaces.cpp.o
[ 18%] Building CXX object bpl/CMakeFiles/bpl.dir/cfg/linux/bpl_cfg_wifi.cpp.o
[ 20%] Building CXX object bpl/CMakeFiles/bpl.dir/db/linux/bpl_db.cpp.o
[ 22%] Building CXX object bpl/CMakeFiles/bpl.dir/dhcp/linux/bpl_dhcp.cpp.o
[ 23%] Building CXX object bpl/CMakeFiles/bpl.dir/service_prioritization/dummy/service_prio_utils_dummy.cpp.o
[ 25%] Building CXX object bpl/CMakeFiles/bpl.dir/cfg/dm/bpl_amx.cpp.o
[ 27%] Linking CXX shared library libbpl.so
[ 27%] Built target bpl
[ 28%] Building CXX object CMakeFiles/emosa-model-lifetime.dir/home/rev/git/emosa-lab/deploy/peer-baseline/compatibility/model-lifetime.cpp.o
[ 30%] Building CXX object CMakeFiles/emosa-counter-regression.dir/home/rev/git/emosa-lab/deploy/peer-baseline/compatibility/counter-units.cpp.o
[ 32%] Building CXX object controller/CMakeFiles/beerocks_controller.dir/beerocks_master_main.cpp.o
[ 33%] Linking CXX executable emosa-model-lifetime
[ 33%] Built target emosa-model-lifetime
[ 35%] Building CXX object CMakeFiles/emosa-counter-regression.dir/home/rev/git/emosa-lab/.lab/controller-ap-esp-01/source/controller/src/beerocks/master/db/db.cpp.o
[ 37%] Building CXX object controller/CMakeFiles/beerocks_controller.dir/controller.cpp.o
[ 38%] Building CXX object controller/CMakeFiles/beerocks_controller.dir/controller_ucc_listener.cpp.o
[ 40%] Building CXX object controller/CMakeFiles/beerocks_controller.dir/son_actions.cpp.o
[ 42%] Building CXX object controller/CMakeFiles/beerocks_controller.dir/son_management.cpp.o
[ 44%] Linking CXX executable emosa-counter-regression
[ 44%] Built target emosa-counter-regression
[ 45%] Building CXX object controller/CMakeFiles/beerocks_controller.dir/tasks/agent_monitoring_task.cpp.o
[ 47%] Building CXX object controller/CMakeFiles/beerocks_controller.dir/tasks/association_handling_task.cpp.o
[ 49%] Building CXX object controller/CMakeFiles/beerocks_controller.dir/tasks/bml_task.cpp.o
[ 50%] Building CXX object controller/CMakeFiles/beerocks_controller.dir/tasks/btm_request_task.cpp.o
[ 52%] Building CXX object controller/CMakeFiles/beerocks_controller.dir/tasks/channel_selection_task.cpp.o
[ 54%] Building CXX object controller/CMakeFiles/beerocks_controller.dir/tasks/client_association_task.cpp.o
[ 55%] Building CXX object controller/CMakeFiles/beerocks_controller.dir/tasks/client_locating_task.cpp.o
[ 57%] Building CXX object controller/CMakeFiles/beerocks_controller.dir/tasks/client_steering_task.cpp.o
[ 59%] Building CXX object controller/CMakeFiles/beerocks_controller.dir/tasks/dhcp_task.cpp.o
[ 61%] Building CXX object controller/CMakeFiles/beerocks_controller.dir/tasks/dynamic_channel_selection_r2_task.cpp.o
[ 62%] Building CXX object controller/CMakeFiles/beerocks_controller.dir/tasks/dynamic_channel_selection_task.cpp.o
[ 64%] Building CXX object controller/CMakeFiles/beerocks_controller.dir/tasks/ire_network_optimization_task.cpp.o
[ 66%] Building CXX object controller/CMakeFiles/beerocks_controller.dir/tasks/link_metrics_task.cpp.o
[ 67%] Building CXX object controller/CMakeFiles/beerocks_controller.dir/tasks/load_balancer_task.cpp.o
[ 69%] Building CXX object controller/CMakeFiles/beerocks_controller.dir/tasks/network_health_check_task.cpp.o
[ 71%] Building CXX object controller/CMakeFiles/beerocks_controller.dir/tasks/optimal_path_task.cpp.o
[ 72%] Building CXX object controller/CMakeFiles/beerocks_controller.dir/tasks/service_prioritization_task.cpp.o
[ 74%] Building CXX object controller/CMakeFiles/beerocks_controller.dir/tasks/statistics_polling_task.cpp.o
[ 76%] Building CXX object controller/CMakeFiles/beerocks_controller.dir/tasks/task.cpp.o
[ 77%] Building CXX object controller/CMakeFiles/beerocks_controller.dir/tasks/task_pool.cpp.o
[ 79%] Building CXX object controller/CMakeFiles/beerocks_controller.dir/tasks/topology_task.cpp.o
[ 81%] Building CXX object controller/CMakeFiles/beerocks_controller.dir/periodic/periodic_operation.cpp.o
[ 83%] Building CXX object controller/CMakeFiles/beerocks_controller.dir/periodic/periodic_operation_pool.cpp.o
[ 84%] Building CXX object controller/CMakeFiles/beerocks_controller.dir/periodic/persistent_data_commit_operation.cpp.o
[ 86%] Building CXX object controller/CMakeFiles/beerocks_controller.dir/periodic/persistent_database_aging.cpp.o
[ 88%] Building CXX object controller/CMakeFiles/beerocks_controller.dir/db/db.cpp.o
[ 89%] Building CXX object controller/CMakeFiles/beerocks_controller.dir/db/db_algo.cpp.o
[ 91%] Building CXX object controller/CMakeFiles/beerocks_controller.dir/db/network_map.cpp.o
[ 93%] Building CXX object controller/CMakeFiles/beerocks_controller.dir/db/station.cpp.o
[ 94%] Building CXX object controller/CMakeFiles/beerocks_controller.dir/home/rev/git/emosa-lab/.lab/controller-ap-esp-01/source/controller/nbapi/on_action.cpp.o
[ 96%] Building CXX object controller/CMakeFiles/beerocks_controller.dir/home/rev/git/emosa-lab/.lab/controller-ap-esp-01/source/controller/vbss/vbss_actions.cpp.o
[ 98%] Building CXX object controller/CMakeFiles/beerocks_controller.dir/home/rev/git/emosa-lab/.lab/controller-ap-esp-01/source/controller/vbss/vbss_task.cpp.o
[100%] Linking CXX executable beerocks_controller
[100%] Built target beerocks_controller
-- Install configuration: "RelWithDebInfo"
-- Installing: /home/rev/git/emosa-lab/.lab/controller-ap-esp-01/stage/share/prplmesh_platform_db
-- Installing: /home/rev/git/emosa-lab/.lab/controller-ap-esp-01/stage/lib/libbpl.so.6.0.0
-- Installing: /home/rev/git/emosa-lab/.lab/controller-ap-esp-01/stage/lib/libbpl.so.6
-- Set non-toolchain portion of runtime path of "/home/rev/git/emosa-lab/.lab/controller-ap-esp-01/stage/lib/libbpl.so.6.0.0" to "$ORIGIN"
-- Installing: /home/rev/git/emosa-lab/.lab/controller-ap-esp-01/stage/lib/libbpl.so
-- Installing: /home/rev/git/emosa-lab/.lab/controller-ap-esp-01/stage/bin/beerocks_controller
-- Set non-toolchain portion of runtime path of "/home/rev/git/emosa-lab/.lab/controller-ap-esp-01/stage/bin/beerocks_controller" to "$ORIGIN/../lib"
